Archive member included to satisfy reference by file (symbol)

contiki-srf06-cc26xx.a(contiki-main.o)
                              obj_srf06-cc26xx/startup_gcc.o (main)
contiki-srf06-cc26xx.a(sensors.o)
                              contiki-srf06-cc26xx.a(contiki-main.o) (sensors_process)
contiki-srf06-cc26xx.a(leds.o)
                              contiki-srf06-cc26xx.a(contiki-main.o) (leds_init)
contiki-srf06-cc26xx.a(leds-arch.o)
                              contiki-srf06-cc26xx.a(leds.o) (leds_arch_init)
contiki-srf06-cc26xx.a(sensortag-senso)
                              contiki-srf06-cc26xx.a(sensors.o) (sensors_flags)
contiki-srf06-cc26xx.a(bmp-280-sensor.)
                              myproject_tx.co (bmp_280_sensor)
contiki-srf06-cc26xx.a(tmp-007-sensor.)
                              contiki-srf06-cc26xx.a(sensortag-senso) (tmp_007_sensor)
contiki-srf06-cc26xx.a(opt-3001-sensor)
                              myproject_tx.co (opt_3001_sensor)
contiki-srf06-cc26xx.a(hdc-1000-sensor)
                              myproject_tx.co (hdc_1000_sensor)
contiki-srf06-cc26xx.a(mpu-9250-sensor)
                              contiki-srf06-cc26xx.a(sensortag-senso) (mpu_9250_sensor)
contiki-srf06-cc26xx.a(button-sensor.o)
                              contiki-srf06-cc26xx.a(sensortag-senso) (button_right_sensor)
contiki-srf06-cc26xx.a(reed-relay.o)
                              contiki-srf06-cc26xx.a(sensortag-senso) (reed_relay_sensor)
contiki-srf06-cc26xx.a(board.o)
                              contiki-srf06-cc26xx.a(contiki-main.o) (board_init)
contiki-srf06-cc26xx.a(board-i2c.o)
                              contiki-srf06-cc26xx.a(board.o) (board_i2c_wakeup)
contiki-srf06-cc26xx.a(clock.o)
                              contiki-srf06-cc26xx.a(contiki-main.o) (clock_init)
contiki-srf06-cc26xx.a(rtimer-arch.o)
                              contiki-srf06-cc26xx.a(mpu-9250-sensor) (rtimer_arch_now)
contiki-srf06-cc26xx.a(cc26xx-rtc.o)
                              contiki-srf06-cc26xx.a(contiki-main.o) (cc26xx_rtc_init)
contiki-srf06-cc26xx.a(cc26xx-rf.o)
                              contiki-srf06-cc26xx.a(contiki-main.o) (cc26xx_rf_driver)
contiki-srf06-cc26xx.a(contiki-watchdo)
                              contiki-srf06-cc26xx.a(contiki-main.o) (watchdog_init)
contiki-srf06-cc26xx.a(putchar.o)
                              myproject_tx.co (putchar)
contiki-srf06-cc26xx.a(ieee-addr.o)
                              contiki-srf06-cc26xx.a(contiki-main.o) (ieee_addr_cpy_to)
contiki-srf06-cc26xx.a(cc26xx-uart.o)
                              contiki-srf06-cc26xx.a(contiki-main.o) (cc26xx_uart_init)
contiki-srf06-cc26xx.a(lpm.o)
                              contiki-srf06-cc26xx.a(contiki-main.o) (lpm_drop)
contiki-srf06-cc26xx.a(gpio-interrupt.)
                              contiki-srf06-cc26xx.a(button-sensor.o) (gpio_interrupt_register_handler)
contiki-srf06-cc26xx.a(oscillators.o)
                              contiki-srf06-cc26xx.a(contiki-main.o) (oscillators_select_lf_xosc)
contiki-srf06-cc26xx.a(dbg-printf.o)
                              myproject_tx.co (printf)
contiki-srf06-cc26xx.a(strformat.o)
                              contiki-srf06-cc26xx.a(dbg-printf.o) (format_str_v)
contiki-srf06-cc26xx.a(autostart.o)
                              contiki-srf06-cc26xx.a(contiki-main.o) (autostart_start)
contiki-srf06-cc26xx.a(ctimer.o)
                              contiki-srf06-cc26xx.a(contiki-main.o) (ctimer_init)
contiki-srf06-cc26xx.a(energest.o)
                              contiki-srf06-cc26xx.a(contiki-main.o) (energest_init)
contiki-srf06-cc26xx.a(etimer.o)
                              contiki-srf06-cc26xx.a(clock.o) (etimer_request_poll)
contiki-srf06-cc26xx.a(process.o)
                              contiki-srf06-cc26xx.a(sensors.o) (process_alloc_event)
contiki-srf06-cc26xx.a(rtimer.o)
                              contiki-srf06-cc26xx.a(contiki-main.o) (rtimer_init)
contiki-srf06-cc26xx.a(timer.o)
                              contiki-srf06-cc26xx.a(button-sensor.o) (timer_set)
contiki-srf06-cc26xx.a(serial-line.o)
                              contiki-srf06-cc26xx.a(contiki-main.o) (serial_line_init)
contiki-srf06-cc26xx.a(list.o)
                              contiki-srf06-cc26xx.a(lpm.o) (list_init)
contiki-srf06-cc26xx.a(random.o)
                              contiki-srf06-cc26xx.a(contiki-main.o) (random_init)
contiki-srf06-cc26xx.a(ringbuf.o)
                              contiki-srf06-cc26xx.a(serial-line.o) (ringbuf_init)
contiki-srf06-cc26xx.a(sicslowpan.o)
                              contiki-srf06-cc26xx.a(contiki-main.o) (sicslowpan_driver)
contiki-srf06-cc26xx.a(uip-ds6-nbr.o)
                              contiki-srf06-cc26xx.a(sicslowpan.o) (uip_ds6_link_neighbor_callback)
contiki-srf06-cc26xx.a(uip-ds6-route.o)
                              contiki-srf06-cc26xx.a(uip-ds6-nbr.o) (uip_ds6_defrt_rm)
contiki-srf06-cc26xx.a(uip-ds6.o)
[...]
Memory Configuration

Name             Origin             Length             Attributes
FLASH            0x00000000         0x0001ffa8         xr
FLASH_CCFG       0x0001ffa8         0x00000058         xr
SRAM             0x20000000         0x00005000         xrw
*default*        0x00000000         0xffffffff

Linker script and memory map

LOAD obj_srf06-cc26xx/fault-handlers.o
LOAD obj_srf06-cc26xx/ccfg.o
LOAD obj_srf06-cc26xx/startup_gcc.o
LOAD myproject_tx.co
LOAD contiki-srf06-cc26xx.a
LOAD c:/users/yan/contiki/toolchain/tools/gcc-arm-none-eabi/bin/../lib/gcc/arm-none-eabi/5.4.1/../../../../arm-none-eabi/lib/armv7-m\libm.a
START GROUP
LOAD c:/users/yan/contiki/toolchain/tools/gcc-arm-none-eabi/bin/../lib/gcc/arm-none-eabi/5.4.1/armv7-m\libgcc.a
LOAD c:/users/yan/contiki/toolchain/tools/gcc-arm-none-eabi/bin/../lib/gcc/arm-none-eabi/5.4.1/../../../../arm-none-eabi/lib/armv7-m\libc.a
END GROUP
                0x20005000                _estack = (ORIGIN (SRAM) + LENGTH (SRAM))
                0x00000000                _Min_Heap_Size = 0x0
                0x00000100                _Min_Stack_Size = 0x100

.text           0x00000000    0x10570
                0x00000000                _text = .
 *(SORT(.vectors))
 .vectors       0x00000000       0xc8 obj_srf06-cc26xx/startup_gcc.o
                0x00000000                gVectors
 *(SORT(.text*))
 .text.value    0x000000c8       0xb0 contiki-srf06-cc26xx.a(opt-3001-sensor)
 .text.value    0x00000178       0x9c contiki-srf06-cc26xx.a(hdc-1000-sensor)
 *fill*         0x00000214        0x4 00000000
 .text.value    0x00000218      0x19c contiki-srf06-cc26xx.a(mpu-9250-sensor)
 *fill*         0x000003b4        0x4 00000000
 .text.__ieee754_pow
                0x000003b8      0xac4 c:/users/yan/contiki/toolchain/tools/gcc-arm-none-eabi/bin/../lib/gcc/arm-none-eabi/5.4.1/../../../../arm-none-eabi/lib/armv7-m\libm.a(lib_a-e_pow.o)
                0x000003b8                __ieee754_pow
 *fill*         0x00000e7c        0x4 00000000
 .text.scalbn   0x00000e80       0xe4 c:/users/yan/contiki/toolchain/tools/gcc-arm-none-eabi/bin/../lib/gcc/arm-none-eabi/5.4.1/../../../../arm-none-eabi/lib/armv7-m\libm.a(lib_a-s_scalbn.o)
                0x00000e80                scalbn
 .text.FaultISR
                0x00000f64       0x18 obj_srf06-cc26xx/fault-handlers.o
                0x00000f64                FaultISR
 .text.NmiSRHandler
                0x00000f7c        0x4 obj_srf06-cc26xx/startup_gcc.o
                0x00000f7c                NmiSR
 .text.IntDefaultHandler
                0x00000f80        0x4 obj_srf06-cc26xx/startup_gcc.o
                0x00000f80                TRNGIntHandler
                0x00000f80                SSI0IntHandler
                0x00000f80                SWEvent0IntHandler
                0x00000f80                uDMAIntHandler
                0x00000f80                WatchdogIntHandler
                0x00000f80                RFCHardwareIntHandler
                0x00000f80                Timer1BIntHandler
                0x00000f80                I2SIntHandler
                0x00000f80                Timer2BIntHandler
                0x00000f80                Timer2AIntHandler
                0x00000f80                Timer1AIntHandler
                0x00000f80                AONIntHandler
                0x00000f80                AUXSWEvent0IntHandler
                0x00000f80                AUXADCIntHandler
                0x00000f80                PendSVIntHandler
                0x00000f80                AUXSWEvent1IntHandler
                0x00000f80                SVCallIntHandler
                0x00000f80                MPUFaultIntHandler
                0x00000f80                SysTickIntHandler
                0x00000f80                BusFaultIntHandler
                0x00000f80                AONProgIntHandler
                0x00000f80                AUXCompAIntHandler
                0x00000f80                SSI1IntHandler
                0x00000f80                FlashIntHandler
                0x00000f80                uDMAErrIntHandler
                0x00000f80                UsageFaultIntHandler
                0x00000f80                RFCCmdAckIntHandler
                0x00000f80                CryptoIntHandler
                0x00000f80                Timer0AIntHandler
                0x00000f80                I2CIntHandler
                0x00000f80                DebugMonIntHandler
                0x00000f80                Timer0BIntHandler
                0x00000f80                AUXCombEventIntHandler
                0x00000f80                Timer3AIntHandler
                0x00000f80                DynProgIntHandler
                0x00000f80                Timer3BIntHandler
 .text.ResetISR
                0x00000f84       0x5c obj_srf06-cc26xx/startup_gcc.o
                0x00000f84                ResetISR
 .text.process_thread_wireless_communication_process
                0x00000fe0      0x130 myproject_tx.co
 .text.process_thread_measure_process
                0x00001110      0x238 myproject_tx.co
 .text.udp_received
                0x00001348       0x24 myproject_tx.co
 .text.fade     0x0000136c       0x64 contiki-srf06-cc26xx.a(contiki-main.o)
 .text.startup.main
                0x000013d0      0x1e8 contiki-srf06-cc26xx.a(contiki-main.o)
                0x000013d0                main
 .text.process_thread_sensors_process
                0x000015b8       0xf8 contiki-srf06-cc26xx.a(sensors.o)
 .text.sensors_changed
                0x000016b0       0x4c contiki-srf06-cc26xx.a(sensors.o)
                0x000016b0                sensors_changed
 .text.leds_init
                0x000016fc       0x14 contiki-srf06-cc26xx.a(leds.o)
                0x000016fc                leds_init
 .text.leds_on  0x00001710       0x14 contiki-srf06-cc26xx.a(leds.o)
                0x00001710                leds_on
 .text.leds_off
                0x00001724       0x14 contiki-srf06-cc26xx.a(leds.o)
                0x00001724                leds_off
 .text.leds_arch_init
                0x00001738       0x38 contiki-srf06-cc26xx.a(leds-arch.o)
                0x00001738                leds_arch_init
 .text.leds_arch_set
                0x00001770       0x34 contiki-srf06-cc26xx.a(leds-arch.o)
                0x00001770                leds_arch_set
 .text.status   0x000017a4       0x14 contiki-srf06-cc26xx.a(bmp-280-sensor.)
 .text.notify_ready
                0x000017b8       0x14 contiki-srf06-cc26xx.a(bmp-280-sensor.)
 .text.enable_sensor
                0x000017cc       0x2c contiki-srf06-cc26xx.a(bmp-280-sensor.)
 .text.configure
                0x000017f8       0x94 contiki-srf06-cc26xx.a(bmp-280-sensor.)
 .text.value    0x0000188c      0x178 contiki-srf06-cc26xx.a(bmp-280-sensor.)
 .text.status   0x00001a04       0x14 contiki-srf06-cc26xx.a(tmp-007-sensor.)
 .text.notify_ready
                0x00001a18       0x14 contiki-srf06-cc26xx.a(tmp-007-sensor.)
 .text.enable_sensor
                0x00001a2c       0x2c contiki-srf06-cc26xx.a(tmp-007-sensor.)
 .text.configure
                0x00001a58       0x94 contiki-srf06-cc26xx.a(tmp-007-sensor.)
 .text.value    0x00001aec       0xf0 contiki-srf06-cc26xx.a(tmp-007-sensor.)
 .text.status   0x00001bdc        0xc contiki-srf06-cc26xx.a(opt-3001-sensor)
 .text.enable_sensor
                0x00001be8       0x44 contiki-srf06-cc26xx.a(opt-3001-sensor)
 .text.notify_ready
                0x00001c2c       0x54 contiki-srf06-cc26xx.a(opt-3001-sensor)
 .text.configure
                0x00001c80       0x4c contiki-srf06-cc26xx.a(opt-3001-sensor)
 .text.status   0x00001ccc       0x14 contiki-srf06-cc26xx.a(hdc-1000-sensor)
 .text.notify_ready
                0x00001ce0       0x68 contiki-srf06-cc26xx.a(hdc-1000-sensor)
 .text.configure
                0x00001d48       0xb8 contiki-srf06-cc26xx.a(hdc-1000-sensor)
 .text.acc_convert
                0x00001e00       0x70 contiki-srf06-cc26xx.a(mpu-9250-sensor)
 .text.status   0x00001e70       0x14 contiki-srf06-cc26xx.a(mpu-9250-sensor)
 .text.notify_ready
                0x00001e84       0x14 contiki-srf06-cc26xx.a(mpu-9250-sensor)
 .text.sensor_sleep
                0x00001e98       0x38 contiki-srf06-cc26xx.a(mpu-9250-sensor)
 .text.configure
                0x00001ed0       0xdc contiki-srf06-cc26xx.a(mpu-9250-sensor)
 .text.int_status
                0x00001fac       0x28 contiki-srf06-cc26xx.a(mpu-9250-sensor)
 .text.initialise
                0x00001fd4      0x100 contiki-srf06-cc26xx.a(mpu-9250-sensor)
 .text.status.part.0
                0x000020d4       0x14 contiki-srf06-cc26xx.a(button-sensor.o)
 .text.value_left
                0x000020e8       0x24 contiki-srf06-cc26xx.a(button-sensor.o)
 .text.value_right
                0x0000210c       0x24 contiki-srf06-cc26xx.a(button-sensor.o)
 .text.status_left
                0x00002130       0x10 contiki-srf06-cc26xx.a(button-sensor.o)
 .text.status_right
                0x00002140       0x10 contiki-srf06-cc26xx.a(button-sensor.o)
 .text.config_buttons
                0x00002150       0x8c contiki-srf06-cc26xx.a(button-sensor.o)
 .text.config_left
                0x000021dc        0xc contiki-srf06-cc26xx.a(button-sensor.o)
 .text.config_right
                0x000021e8        0xc contiki-srf06-cc26xx.a(button-sensor.o)
 .text.button_press_handler
                0x000021f4       0x98 contiki-srf06-cc26xx.a(button-sensor.o)
 .text.value    0x0000228c       0x10 contiki-srf06-cc26xx.a(reed-relay.o)
 .text.status   0x0000229c       0x20 contiki-srf06-cc26xx.a(reed-relay.o)
 .text.configure
                0x000022bc       0x6c contiki-srf06-cc26xx.a(reed-relay.o)
 .text.reed_interrupt_handler
                0x00002328       0x28 contiki-srf06-cc26xx.a(reed-relay.o)
 .text.power_domains_on
                0x00002350       0x20 contiki-srf06-cc26xx.a(board.o)
 .text.lpm_wakeup_handler
                0x00002370        0x4 contiki-srf06-cc26xx.a(board.o)
 .text.shutdown_handler
                0x00002374       0x68 contiki-srf06-cc26xx.a(board.o)
 .text.board_init
                0x000023dc      0x118 contiki-srf06-cc26xx.a(board.o)
                0x000023dc                board_init
 .text.i2c_status
                0x000024f4       0x34 contiki-srf06-cc26xx.a(board-i2c.o)
 .text.accessible
                0x00002528       0x24 contiki-srf06-cc26xx.a(board-i2c.o)
 .text.board_i2c_wakeup
                0x0000254c       0x6c contiki-srf06-cc26xx.a(board-i2c.o)
                0x0000254c                board_i2c_wakeup
 .text.board_i2c_shutdown
                0x000025b8       0xac contiki-srf06-cc26xx.a(board-i2c.o)
                0x000025b8                board_i2c_shutdown
 .text.board_i2c_write
                0x00002664       0xc0 contiki-srf06-cc26xx.a(board-i2c.o)
                0x00002664                board_i2c_write
 .text.board_i2c_write_single
                0x00002724       0x44 contiki-srf06-cc26xx.a(board-i2c.o)
                0x00002724                board_i2c_write_single
 .text.board_i2c_read
                0x00002768       0xb4 contiki-srf06-cc26xx.a(board-i2c.o)
                0x00002768                board_i2c_read
 .text.board_i2c_write_read
                0x0000281c      0x138 contiki-srf06-cc26xx.a(board-i2c.o)
                0x0000281c                board_i2c_write_read
 .text.board_i2c_select
                0x00002954       0xe0 contiki-srf06-cc26xx.a(board-i2c.o)
                0x00002954                board_i2c_select
 .text.power_domain_on
                0x00002a34       0x20 contiki-srf06-cc26xx.a(clock.o)
 .text.clock_init
                0x00002a54       0x9c contiki-srf06-cc26xx.a(clock.o)
                0x00002a54                clock_init
 .text.clock_time
                0x00002af0        0xc contiki-srf06-cc26xx.a(clock.o)
                0x00002af0                clock_time
 .text.clock_update
                0x00002afc       0x3c contiki-srf06-cc26xx.a(clock.o)
                0x00002afc                clock_update
 .text.clock_seconds
                0x00002b38        0xc contiki-srf06-cc26xx.a(clock.o)
                0x00002b38                clock_seconds
 .text.rtimer_arch_init
                0x00002b44        0x4 contiki-srf06-cc26xx.a(rtimer-arch.o)
                0x00002b44                rtimer_arch_init
 .text.rtimer_arch_schedule
                0x00002b48        0x4 contiki-srf06-cc26xx.a(rtimer-arch.o)
                0x00002b48                rtimer_arch_schedule
 .text.rtimer_arch_now
                0x00002b4c        0x4 contiki-srf06-cc26xx.a(rtimer-arch.o)
                0x00002b4c                rtimer_arch_now
 .text.cc26xx_rtc_init
                0x00002b50       0xa0 contiki-srf06-cc26xx.a(cc26xx-rtc.o)
                0x00002b50                cc26xx_rtc_init
 .text.cc26xx_rtc_get_next_trigger
                0x00002bf0       0x34 contiki-srf06-cc26xx.a(cc26xx-rtc.o)
                0x00002bf0                cc26xx_rtc_get_next_trigger
 .text.cc26xx_rtc_schedule_one_shot
                0x00002c24       0x20 contiki-srf06-cc26xx.a(cc26xx-rtc.o)
                0x00002c24                cc26xx_rtc_schedule_one_shot
 .text.AONRTCIntHandler
                0x00002c44       0x40 contiki-srf06-cc26xx.a(cc26xx-rtc.o)
                0x00002c44                AONRTCIntHandler
 .text.prepare  0x00002c84       0x1c contiki-srf06-cc26xx.a(cc26xx-rf.o)
 .text.read_frame
                0x00002ca0       0x5c contiki-srf06-cc26xx.a(cc26xx-rf.o)
 .text.process_thread_cc26xx_rf_process
                0x00002cfc       0x48 contiki-srf06-cc26xx.a(cc26xx-rf.o)
 .text.pending_packet
                0x00002d44       0x34 contiki-srf06-cc26xx.a(cc26xx-rf.o)
 .text.rf_is_accessible.part.0
                0x00002d78       0x1c contiki-srf06-cc26xx.a(cc26xx-rf.o)
 .text.rf_is_on
                0x00002d94       0x30 contiki-srf06-cc26xx.a(cc26xx-rf.o)
 .text.request  0x00002dc4       0x10 contiki-srf06-cc26xx.a(cc26xx-rf.o)
 .text.rf_send_cmd
                0x00002dd4       0x68 contiki-srf06-cc26xx.a(cc26xx-rf.o)
 .text.rf_cmd_ieee_rx
                0x00002e3c       0x44 contiki-srf06-cc26xx.a(cc26xx-rf.o)
 .text.power_up
                0x00002e80       0xc8 contiki-srf06-cc26xx.a(cc26xx-rf.o)
 .text.get_object
                0x00002f48       0x30 contiki-srf06-cc26xx.a(cc26xx-rf.o)
 .text.transmitting
                0x00002f78       0x50 contiki-srf06-cc26xx.a(cc26xx-rf.o)
 .text.off      0x00002fc8       0xe4 contiki-srf06-cc26xx.a(cc26xx-rf.o)
 .text.rx_off   0x000030ac       0x58 contiki-srf06-cc26xx.a(cc26xx-rf.o)
 .text.get_cca_info.part.4
                0x00003104       0x40 contiki-srf06-cc26xx.a(cc26xx-rf.o)
 .text.on       0x00003144      0x164 contiki-srf06-cc26xx.a(cc26xx-rf.o)
 .text.set_object
                0x000032a8       0x6c contiki-srf06-cc26xx.a(cc26xx-rf.o)
 .text.set_value
                0x00003314      0x138 contiki-srf06-cc26xx.a(cc26xx-rf.o)
 .text.get_value
                0x0000344c      0x108 contiki-srf06-cc26xx.a(cc26xx-rf.o)
 .text.receiving_packet
                0x00003554       0x58 contiki-srf06-cc26xx.a(cc26xx-rf.o)
 .text.channel_clear
                0x000035ac       0x64 contiki-srf06-cc26xx.a(cc26xx-rf.o)
 .text.transmit
                0x00003610       0xc4 contiki-srf06-cc26xx.a(cc26xx-rf.o)
 .text.send     0x000036d4       0x24 contiki-srf06-cc26xx.a(cc26xx-rf.o)
 .text.init     0x000036f8       0xcc contiki-srf06-cc26xx.a(cc26xx-rf.o)
 .text.RFCCPE1IntHandler
                0x000037c4       0x38 contiki-srf06-cc26xx.a(cc26xx-rf.o)
                0x000037c4                RFCCPE1IntHandler
 .text.RFCCPE0IntHandler
                0x000037fc       0x54 contiki-srf06-cc26xx.a(cc26xx-rf.o)
                0x000037fc                RFCCPE0IntHandler
 .text.watchdog_init
                0x00003850       0x10 contiki-srf06-cc26xx.a(contiki-watchdo)
                0x00003850                watchdog_init
 .text.watchdog_start
                0x00003860       0x10 contiki-srf06-cc26xx.a(contiki-watchdo)
                0x00003860                watchdog_start
 .text.watchdog_periodic
                0x00003870        0xc contiki-srf06-cc26xx.a(contiki-watchdo)
                0x00003870                watchdog_periodic
 .text.putchar  0x0000387c       0x10 contiki-srf06-cc26xx.a(putchar.o)
                0x0000387c                putchar
 .text.puts     0x0000388c       0x30 contiki-srf06-cc26xx.a(putchar.o)
                0x0000388c                puts
 .text.dbg_send_bytes
                0x000038bc       0x40 contiki-srf06-cc26xx.a(putchar.o)
                0x000038bc                dbg_send_bytes
 .text.ieee_addr_cpy_to
                0x000038fc       0x40 contiki-srf06-cc26xx.a(ieee-addr.o)
                0x000038fc                ieee_addr_cpy_to
 .text.power_and_clock
                0x0000393c       0x40 contiki-srf06-cc26xx.a(cc26xx-uart.o)
 .text.enable   0x0000397c       0xf4 contiki-srf06-cc26xx.a(cc26xx-uart.o)
 .text.accessible
                0x00003a70       0x24 contiki-srf06-cc26xx.a(cc26xx-uart.o)
 .text.lpm_drop_handler
                0x00003a94       0xcc contiki-srf06-cc26xx.a(cc26xx-uart.o)
 .text.cc26xx_uart_init
                0x00003b60       0x28 contiki-srf06-cc26xx.a(cc26xx-uart.o)
                0x00003b60                cc26xx_uart_init
 .text.cc26xx_uart_write_byte
                0x00003b88       0x28 contiki-srf06-cc26xx.a(cc26xx-uart.o)
                0x00003b88                cc26xx_uart_write_byte
 .text.cc26xx_uart_busy
                0x00003bb0       0x18 contiki-srf06-cc26xx.a(cc26xx-uart.o)
                0x00003bb0                cc26xx_uart_busy
 .text.UART0IntHandler
                0x00003bc8       0x54 contiki-srf06-cc26xx.a(cc26xx-uart.o)
                0x00003bc8                UART0IntHandler
 .text.lpm_drop
                0x00003c1c      0x1d8 contiki-srf06-cc26xx.a(lpm.o)
                0x00003c1c                lpm_drop
 .text.lpm_sleep
                0x00003df4       0x14 contiki-srf06-cc26xx.a(lpm.o)
                0x00003df4                lpm_sleep
 .text.lpm_register_module
                0x00003e08        0xc contiki-srf06-cc26xx.a(lpm.o)
                0x00003e08                lpm_register_module
 .text.lpm_unregister_module
                0x00003e14        0xc contiki-srf06-cc26xx.a(lpm.o)
                0x00003e14                lpm_unregister_module
 .text.lpm_init
                0x00003e20        0xc contiki-srf06-cc26xx.a(lpm.o)
                0x00003e20                lpm_init
 .text.lpm_pin_set_default_state
                0x00003e2c       0x30 contiki-srf06-cc26xx.a(lpm.o)
                0x00003e2c                lpm_pin_set_default_state
 .text.gpio_interrupt_register_handler
                0x00003e5c       0x2c contiki-srf06-cc26xx.a(gpio-interrupt.)
                0x00003e5c                gpio_interrupt_register_handler
 .text.gpio_interrupt_init
                0x00003e88       0x24 contiki-srf06-cc26xx.a(gpio-interrupt.)
                0x00003e88                gpio_interrupt_init
 .text.GPIOIntHandler
                0x00003eac       0x30 contiki-srf06-cc26xx.a(gpio-interrupt.)
                0x00003eac                GPIOIntHandler
 .text.osc_interface_dis
                0x00003edc       0x30 contiki-srf06-cc26xx.a(oscillators.o)
 .text.osc_interface_en
                0x00003f0c       0x30 contiki-srf06-cc26xx.a(oscillators.o)
 .text.oscillators_select_lf_xosc
                0x00003f3c       0x48 contiki-srf06-cc26xx.a(oscillators.o)
                0x00003f3c                oscillators_select_lf_xosc
 .text.oscillators_request_hf_xosc
                0x00003f84       0x24 contiki-srf06-cc26xx.a(oscillators.o)
                0x00003f84                oscillators_request_hf_xosc
 .text.oscillators_switch_to_hf_xosc
                0x00003fa8       0x28 contiki-srf06-cc26xx.a(oscillators.o)
                0x00003fa8                oscillators_switch_to_hf_xosc
 .text.oscillators_switch_to_hf_rc
                0x00003fd0       0x2c contiki-srf06-cc26xx.a(oscillators.o)
                0x00003fd0                oscillators_switch_to_hf_rc
 .text.write_str
                0x00003ffc       0x14 contiki-srf06-cc26xx.a(dbg-printf.o)
 .text.printf   0x00004010       0x24 contiki-srf06-cc26xx.a(dbg-printf.o)
                0x00004010                printf
 .text.fill_space
                0x00004034       0x3c contiki-srf06-cc26xx.a(strformat.o)
 .text.format_str_v
                0x00004070      0x95c contiki-srf06-cc26xx.a(strformat.o)
                0x00004070                format_str_v
 .text.autostart_start
                0x000049cc       0x18 contiki-srf06-cc26xx.a(autostart.o)
                0x000049cc                autostart_start
 .text.process_thread_ctimer_process
                0x000049e4       0x94 contiki-srf06-cc26xx.a(ctimer.o)
 .text.ctimer_init
                0x00004a78       0x28 contiki-srf06-cc26xx.a(ctimer.o)
                0x00004a78                ctimer_init
 .text.ctimer_set
                0x00004aa0       0x4c contiki-srf06-cc26xx.a(ctimer.o)
                0x00004aa0                ctimer_set
 .text.ctimer_reset
                0x00004aec       0x38 contiki-srf06-cc26xx.a(ctimer.o)
                0x00004aec                ctimer_reset
 .text.ctimer_stop
                0x00004b24       0x34 contiki-srf06-cc26xx.a(ctimer.o)
                0x00004b24                ctimer_stop
 .text.energest_init
                0x00004b58        0x4 contiki-srf06-cc26xx.a(energest.o)
                0x00004b58                energest_init
 .text.update_time
                0x00004b5c       0x44 contiki-srf06-cc26xx.a(etimer.o)
 .text.process_thread_etimer_process
                0x00004ba0       0xc8 contiki-srf06-cc26xx.a(etimer.o)
 .text.add_timer
                0x00004c68       0x54 contiki-srf06-cc26xx.a(etimer.o)
 .text.etimer_request_poll
                0x00004cbc        0xc contiki-srf06-cc26xx.a(etimer.o)
                0x00004cbc                etimer_request_poll
 .text.etimer_set
                0x00004cc8       0x14 contiki-srf06-cc26xx.a(etimer.o)
                0x00004cc8                etimer_set
 .text.etimer_reset
                0x00004cdc       0x14 contiki-srf06-cc26xx.a(etimer.o)
                0x00004cdc                etimer_reset
 .text.etimer_restart
                0x00004cf0       0x14 contiki-srf06-cc26xx.a(etimer.o)
                0x00004cf0                etimer_restart
 .text.etimer_expired
                0x00004d04        0xc contiki-srf06-cc26xx.a(etimer.o)
                0x00004d04                etimer_expired
 .text.etimer_expiration_time
                0x00004d10        0x8 contiki-srf06-cc26xx.a(etimer.o)
                0x00004d10                etimer_expiration_time
 .text.etimer_pending
                0x00004d18       0x10 contiki-srf06-cc26xx.a(etimer.o)
                0x00004d18                etimer_pending
 .text.etimer_stop
                0x00004d28       0x44 contiki-srf06-cc26xx.a(etimer.o)
                0x00004d28                etimer_stop
 .text.exit_process
                0x00004d6c       0xb0 contiki-srf06-cc26xx.a(process.o)
 .text.call_process.part.0
                0x00004e1c       0x38 contiki-srf06-cc26xx.a(process.o)
 .text.do_poll  0x00004e54       0x3c contiki-srf06-cc26xx.a(process.o)
 .text.process_alloc_event
                0x00004e90       0x10 contiki-srf06-cc26xx.a(process.o)
                0x00004e90                process_alloc_event
 .text.process_start
                0x00004ea0       0x48 contiki-srf06-cc26xx.a(process.o)
                0x00004ea0                process_start
 .text.process_init
                0x00004ee8       0x34 contiki-srf06-cc26xx.a(process.o)
                0x00004ee8                process_init
 .text.process_run
                0x00004f1c       0xd0 contiki-srf06-cc26xx.a(process.o)
                0x00004f1c                process_run
 .text.process_nevents
                0x00004fec       0x14 contiki-srf06-cc26xx.a(process.o)
                0x00004fec                process_nevents
 .text.process_post
                0x00005000       0x40 contiki-srf06-cc26xx.a(process.o)
                0x00005000                process_post
 .text.process_post_synch
                0x00005040       0x18 contiki-srf06-cc26xx.a(process.o)
                0x00005040                process_post_synch
 .text.process_poll
                0x00005058       0x18 contiki-srf06-cc26xx.a(process.o)
                0x00005058                process_poll
 .text.rtimer_init
                0x00005070        0x4 contiki-srf06-cc26xx.a(rtimer.o)
                0x00005070                rtimer_init
 .text.rtimer_set
                0x00005074       0x2c contiki-srf06-cc26xx.a(rtimer.o)
                0x00005074                rtimer_set
 .text.rtimer_run_next
                0x000050a0       0x28 contiki-srf06-cc26xx.a(rtimer.o)
                0x000050a0                rtimer_run_next
 .text.timer_set
                0x000050c8       0x10 contiki-srf06-cc26xx.a(timer.o)
                0x000050c8                timer_set
 .text.timer_reset
                0x000050d8        0xc contiki-srf06-cc26xx.a(timer.o)
                0x000050d8                timer_reset
 .text.timer_restart
                0x000050e4        0xc contiki-srf06-cc26xx.a(timer.o)
                0x000050e4                timer_restart
 .text.timer_expired
                0x000050f0       0x1c contiki-srf06-cc26xx.a(timer.o)
                0x000050f0                timer_expired
 .text.process_thread_serial_line_process
                0x0000510c       0xa8 contiki-srf06-cc26xx.a(serial-line.o)
 .text.serial_line_init
                0x000051b4       0x24 contiki-srf06-cc26xx.a(serial-line.o)
                0x000051b4                serial_line_init
 .text.list_init
                0x000051d8        0x8 contiki-srf06-cc26xx.a(list.o)
                0x000051d8                list_init
 .text.list_head
                0x000051e0        0x4 contiki-srf06-cc26xx.a(list.o)
                0x000051e0                list_head
 .text.list_tail
                0x000051e4       0x14 contiki-srf06-cc26xx.a(list.o)
                0x000051e4                list_tail
 .text.list_add
                0x000051f8       0x5c contiki-srf06-cc26xx.a(list.o)
                0x000051f8                list_add
 .text.list_push
                0x00005254       0x48 contiki-srf06-cc26xx.a(list.o)
                0x00005254                list_push
 .text.list_remove
                0x0000529c       0x38 contiki-srf06-cc26xx.a(list.o)
                0x0000529c                list_remove
 .text.list_length
                0x000052d4       0x14 contiki-srf06-cc26xx.a(list.o)
                0x000052d4                list_length
 .text.list_item_next
                0x000052e8        0x8 contiki-srf06-cc26xx.a(list.o)
                0x000052e8                list_item_next
 .text.random_init
                0x000052f0        0x4 contiki-srf06-cc26xx.a(random.o)
                0x000052f0                random_init
 .text.random_rand
                0x000052f4        0xc contiki-srf06-cc26xx.a(random.o)
                0x000052f4                random_rand
 .text.ringbuf_init
                0x00005300       0x10 contiki-srf06-cc26xx.a(ringbuf.o)
                0x00005300                ringbuf_init
 .text.ringbuf_get
                0x00005310       0x24 contiki-srf06-cc26xx.a(ringbuf.o)
                0x00005310                ringbuf_get
 .text.sicslowpan_init
                0x00005334       0x24 contiki-srf06-cc26xx.a(sicslowpan.o)
                0x00005334                sicslowpan_init
 .text.set_packet_attrs
                0x00005358       0x50 contiki-srf06-cc26xx.a(sicslowpan.o)
 .text.compress_addr_64
                0x000053a8       0x9c contiki-srf06-cc26xx.a(sicslowpan.o)
 .text.addr_context_lookup_by_prefix
                0x00005444       0x28 contiki-srf06-cc26xx.a(sicslowpan.o)
 .text.send_packet
                0x0000546c       0x24 contiki-srf06-cc26xx.a(sicslowpan.o)
 .text.packet_sent
                0x00005490       0x28 contiki-srf06-cc26xx.a(sicslowpan.o)
 .text.uncompress_addr
                0x000054b8       0xb8 contiki-srf06-cc26xx.a(sicslowpan.o)
 .text.input    0x00005570      0x6fc contiki-srf06-cc26xx.a(sicslowpan.o)
 .text.output   0x00005c6c      0x740 contiki-srf06-cc26xx.a(sicslowpan.o)
 .text.uip_ds6_nbr_rm
                0x000063ac       0x20 contiki-srf06-cc26xx.a(uip-ds6-nbr.o)
                0x000063ac                uip_ds6_nbr_rm
 .text.uip_ds6_neighbors_init
                0x000063cc       0x14 contiki-srf06-cc26xx.a(uip-ds6-nbr.o)
                0x000063cc                uip_ds6_neighbors_init
 .text.uip_ds6_nbr_add
                0x000063e0       0x54 contiki-srf06-cc26xx.a(uip-ds6-nbr.o)
                0x000063e0                uip_ds6_nbr_add
 .text.uip_ds6_nbr_get_ll
                0x00006434       0x10 contiki-srf06-cc26xx.a(uip-ds6-nbr.o)
                0x00006434                uip_ds6_nbr_get_ll
 .text.uip_ds6_nbr_lookup
                0x00006444       0x3c contiki-srf06-cc26xx.a(uip-ds6-nbr.o)
                0x00006444                uip_ds6_nbr_lookup
 .text.uip_ds6_nbr_ipaddr_from_lladdr
                0x00006480       0x10 contiki-srf06-cc26xx.a(uip-ds6-nbr.o)
                0x00006480                uip_ds6_nbr_ipaddr_from_lladdr
 .text.uip_ds6_nbr_lladdr_from_ipaddr
                0x00006490       0x1c contiki-srf06-cc26xx.a(uip-ds6-nbr.o)
                0x00006490                uip_ds6_nbr_lladdr_from_ipaddr
 .text.uip_ds6_link_neighbor_callback
                0x000064ac       0x2c contiki-srf06-cc26xx.a(uip-ds6-nbr.o)
                0x000064ac                uip_ds6_link_neighbor_callback
 .text.uip_ds6_neighbor_periodic
                0x000064d8      0x12c contiki-srf06-cc26xx.a(uip-ds6-nbr.o)
                0x000064d8                uip_ds6_neighbor_periodic
 .text.call_route_callback
                0x00006604       0x50 contiki-srf06-cc26xx.a(uip-ds6-route.o)
 .text.uip_ds6_route_init
                0x00006654       0x48 contiki-srf06-cc26xx.a(uip-ds6-route.o)
                0x00006654                uip_ds6_route_init
 .text.uip_ds6_route_nexthop
                0x0000669c       0x1c contiki-srf06-cc26xx.a(uip-ds6-route.o)
                0x0000669c                uip_ds6_route_nexthop
 .text.uip_ds6_route_head
                0x000066b8        0xc contiki-srf06-cc26xx.a(uip-ds6-route.o)
                0x000066b8                uip_ds6_route_head
 .text.uip_ds6_route_next
                0x000066c4        0x8 contiki-srf06-cc26xx.a(uip-ds6-route.o)
                0x000066c4                uip_ds6_route_next
 .text.uip_ds6_route_lookup
                0x000066cc       0x78 contiki-srf06-cc26xx.a(uip-ds6-route.o)
                0x000066cc                uip_ds6_route_lookup
 .text.uip_ds6_route_rm
                0x00006744       0xa8 contiki-srf06-cc26xx.a(uip-ds6-route.o)
                0x00006744                uip_ds6_route_rm
 .text.rm_routelist
                0x000067ec       0x34 contiki-srf06-cc26xx.a(uip-ds6-route.o)
 .text.rm_routelist_callback
                0x00006820        0x4 contiki-srf06-cc26xx.a(uip-ds6-route.o)
 .text.uip_ds6_route_add
                0x00006824      0x104 contiki-srf06-cc26xx.a(uip-ds6-route.o)
                0x00006824                uip_ds6_route_add
 .text.uip_ds6_defrt_rm
                0x00006928       0x48 contiki-srf06-cc26xx.a(uip-ds6-route.o)
                0x00006928                uip_ds6_defrt_rm
 .text.uip_ds6_defrt_lookup
                0x00006970       0x34 contiki-srf06-cc26xx.a(uip-ds6-route.o)
                0x00006970                uip_ds6_defrt_lookup
 .text.uip_ds6_defrt_add
                0x000069a4       0x5c contiki-srf06-cc26xx.a(uip-ds6-route.o)
                0x000069a4                uip_ds6_defrt_add
 .text.uip_ds6_defrt_choose
                0x00006a00       0x34 contiki-srf06-cc26xx.a(uip-ds6-route.o)
                0x00006a00                uip_ds6_defrt_choose
 .text.uip_ds6_defrt_periodic
                0x00006a34       0x40 contiki-srf06-cc26xx.a(uip-ds6-route.o)
                0x00006a34                uip_ds6_defrt_periodic
 .text.uip_ds6_list_loop
                0x00006a74       0x5c contiki-srf06-cc26xx.a(uip-ds6.o)
                0x00006a74                uip_ds6_list_loop
 .text.uip_ds6_prefix_add
                0x00006ad0       0x6c contiki-srf06-cc26xx.a(uip-ds6.o)
                0x00006ad0                uip_ds6_prefix_add
 .text.uip_ds6_is_addr_onlink
                0x00006b3c       0x40 contiki-srf06-cc26xx.a(uip-ds6.o)
                0x00006b3c                uip_ds6_is_addr_onlink
 .text.uip_ds6_addr_lookup
                0x00006b7c       0x30 contiki-srf06-cc26xx.a(uip-ds6.o)
                0x00006b7c                uip_ds6_addr_lookup
 .text.uip_ds6_get_link_local
                0x00006bac       0x50 contiki-srf06-cc26xx.a(uip-ds6.o)
                0x00006bac                uip_ds6_get_link_local
 .text.uip_ds6_maddr_add
                0x00006bfc       0x50 contiki-srf06-cc26xx.a(uip-ds6.o)
                0x00006bfc                uip_ds6_maddr_add
 .text.uip_ds6_addr_add
                0x00006c4c       0xa8 contiki-srf06-cc26xx.a(uip-ds6.o)
                0x00006c4c                uip_ds6_addr_add
 .text.uip_ds6_maddr_lookup
                0x00006cf4       0x30 contiki-srf06-cc26xx.a(uip-ds6.o)
                0x00006cf4                uip_ds6_maddr_lookup
 .text.uip_ds6_addr_rm
                0x00006d24       0x48 contiki-srf06-cc26xx.a(uip-ds6.o)
                0x00006d24                uip_ds6_addr_rm
 .text.uip_ds6_periodic
                0x00006d6c       0x60 contiki-srf06-cc26xx.a(uip-ds6.o)
                0x00006d6c                uip_ds6_periodic
 .text.uip_ds6_select_src
                0x00006dcc      0x118 contiki-srf06-cc26xx.a(uip-ds6.o)
                0x00006dcc                uip_ds6_select_src
 .text.uip_ds6_set_addr_iid
                0x00006ee4       0x14 contiki-srf06-cc26xx.a(uip-ds6.o)
                0x00006ee4                uip_ds6_set_addr_iid
 .text.uip_ds6_compute_reachable_time
                0x00006ef8       0x2c contiki-srf06-cc26xx.a(uip-ds6.o)
                0x00006ef8                uip_ds6_compute_reachable_time
 .text.uip_ds6_init
                0x00006f24       0xf8 contiki-srf06-cc26xx.a(uip-ds6.o)
                0x00006f24                uip_ds6_init
 .text.na_input
                0x0000701c      0x1fc contiki-srf06-cc26xx.a(uip-nd6.o)
 .text.ns_input
                0x00007218      0x280 contiki-srf06-cc26xx.a(uip-nd6.o)
 .text.uip_nd6_ns_output
                0x00007498      0x15c contiki-srf06-cc26xx.a(uip-nd6.o)
                0x00007498                uip_nd6_ns_output
 .text.uip_nd6_init
                0x000075f4       0x1c contiki-srf06-cc26xx.a(uip-nd6.o)
                0x000075f4                uip_nd6_init
 .text.chksum   0x00007610       0x50 contiki-srf06-cc26xx.a(uip6.o)
 .text.upper_layer_chksum
                0x00007660       0x58 contiki-srf06-cc26xx.a(uip6.o)
 .text.ext_hdr_options_process
                0x000076b8       0xd0 contiki-srf06-cc26xx.a(uip6.o)
 .text.uip_add32
                0x00007788       0x58 contiki-srf06-cc26xx.a(uip6.o)
                0x00007788                uip_add32
 .text.unlikely.uip_add_rcv_nxt
                0x000077e0       0x2c contiki-srf06-cc26xx.a(uip6.o)
 .text.uip_icmp6chksum
                0x0000780c        0x8 contiki-srf06-cc26xx.a(uip6.o)
                0x0000780c                uip_icmp6chksum
 .text.uip_init
                0x00007814       0x64 contiki-srf06-cc26xx.a(uip6.o)
                0x00007814                uip_init
 .text.remove_ext_hdr
                0x00007878       0x54 contiki-srf06-cc26xx.a(uip6.o)
                0x00007878                remove_ext_hdr
 .text.uip_udp_new
                0x000078cc       0xe4 contiki-srf06-cc26xx.a(uip6.o)
                0x000078cc                uip_udp_new
 .text.uip_unlisten
                0x000079b0       0x58 contiki-srf06-cc26xx.a(uip6.o)
                0x000079b0                uip_unlisten
 .text.uip_process
                0x00007a08     0x1180 contiki-srf06-cc26xx.a(uip6.o)
                0x00007a08                uip_process
 .text.uip_htonl
                0x00008b88       0x14 contiki-srf06-cc26xx.a(uip6.o)
                0x00008b88                uip_htonl
 .text.process_thread_simple_udp_process
                0x00008b9c       0xb0 contiki-srf06-cc26xx.a(simple-udp.o)
 .text.simple_udp_sendto
                0x00008c4c       0x20 contiki-srf06-cc26xx.a(simple-udp.o)
                0x00008c4c                simple_udp_sendto
 .text.simple_udp_register
                0x00008c6c       0x78 contiki-srf06-cc26xx.a(simple-udp.o)
                0x00008c6c                simple_udp_register
 .text.start_periodic_tcp_timer
                0x00008ce4       0x1c contiki-srf06-cc26xx.a(tcpip.o)
 .text.tcpip_set_outputfunc
                0x00008d00        0xc contiki-srf06-cc26xx.a(tcpip.o)
                0x00008d00                tcpip_set_outputfunc
 .text.udp_new  0x00008d0c       0x18 contiki-srf06-cc26xx.a(tcpip.o)
                0x00008d0c                udp_new
 .text.tcpip_icmp6_call
                0x00008d24       0x28 contiki-srf06-cc26xx.a(tcpip.o)
                0x00008d24                tcpip_icmp6_call
 .text.tcpip_input
                0x00008d4c       0x24 contiki-srf06-cc26xx.a(tcpip.o)
                0x00008d4c                tcpip_input
 .text.tcpip_ipv6_output
                0x00008d70      0x140 contiki-srf06-cc26xx.a(tcpip.o)
                0x00008d70                tcpip_ipv6_output
 .text.process_thread_tcpip_process
                0x00008eb0      0x200 contiki-srf06-cc26xx.a(tcpip.o)
 .text.tcpip_uipcall
                0x000090b0       0xa4 contiki-srf06-cc26xx.a(tcpip.o)
                0x000090b0                tcpip_uipcall
 .text.uip_debug_ipaddr_print
                0x00009154       0x6c contiki-srf06-cc26xx.a(uip-debug.o)
                0x00009154                uip_debug_ipaddr_print
 .text.uip_udp_packet_send
                0x000091c0       0x44 contiki-srf06-cc26xx.a(uip-udp-packet.)
                0x000091c0                uip_udp_packet_send
 .text.uip_udp_packet_sendto
                0x00009204       0x48 contiki-srf06-cc26xx.a(uip-udp-packet.)
                0x00009204                uip_udp_packet_sendto
 .text.uiplib_ip6addrconv
                0x0000924c       0xd0 contiki-srf06-cc26xx.a(uiplib.o)
                0x0000924c                uiplib_ip6addrconv
 .text.rpl_set_preferred_parent
                0x0000931c       0x2c contiki-srf06-cc26xx.a(rpl-dag.o)
 .text.set_ip_from_prefix
                0x00009348       0x24 contiki-srf06-cc26xx.a(rpl-dag.o)
 .text.check_prefix
                0x0000936c       0x78 contiki-srf06-cc26xx.a(rpl-dag.o)
 .text.find_parent_any_dag_any_instance
                0x000093e4       0x1c contiki-srf06-cc26xx.a(rpl-dag.o)
 .text.lollipop_greater_than
                0x00009400       0x3c contiki-srf06-cc26xx.a(rpl-dag.o)
 .text.rpl_get_nbr
                0x0000943c       0x28 contiki-srf06-cc26xx.a(rpl-dag.o)
                0x0000943c                rpl_get_nbr
 .text.rpl_dag_init
                0x00009464       0x14 contiki-srf06-cc26xx.a(rpl-dag.o)
                0x00009464                rpl_dag_init
 .text.rpl_get_parent
                0x00009478       0x10 contiki-srf06-cc26xx.a(rpl-dag.o)
                0x00009478                rpl_get_parent
 .text.rpl_get_parent_ipaddr
                0x00009488       0x18 contiki-srf06-cc26xx.a(rpl-dag.o)
                0x00009488                rpl_get_parent_ipaddr
 .text.rpl_repair_root
                0x000094a0       0x60 contiki-srf06-cc26xx.a(rpl-dag.o)
                0x000094a0                rpl_repair_root
 .text.rpl_set_prefix
                0x00009500       0x94 contiki-srf06-cc26xx.a(rpl-dag.o)
                0x00009500                rpl_set_prefix
 .text.rpl_set_default_route
                0x00009594       0x3c contiki-srf06-cc26xx.a(rpl-dag.o)
                0x00009594                rpl_set_default_route
 .text.rpl_alloc_instance
                0x000095d0       0x34 contiki-srf06-cc26xx.a(rpl-dag.o)
                0x000095d0                rpl_alloc_instance
 .text.rpl_alloc_dag
                0x00009604       0x5c contiki-srf06-cc26xx.a(rpl-dag.o)
                0x00009604                rpl_alloc_dag
 .text.rpl_add_parent
                0x00009660       0x44 contiki-srf06-cc26xx.a(rpl-dag.o)
                0x00009660                rpl_add_parent
 .text.rpl_find_parent
                0x000096a4       0x18 contiki-srf06-cc26xx.a(rpl-dag.o)
                0x000096a4                rpl_find_parent
 .text.rpl_find_parent_any_dag
                0x000096bc       0x20 contiki-srf06-cc26xx.a(rpl-dag.o)
                0x000096bc                rpl_find_parent_any_dag
 .text.rpl_select_parent
                0x000096dc       0x84 contiki-srf06-cc26xx.a(rpl-dag.o)
                0x000096dc                rpl_select_parent
 .text.rpl_select_dag
                0x00009760      0x174 contiki-srf06-cc26xx.a(rpl-dag.o)
                0x00009760                rpl_select_dag
 .text.rpl_nullify_parent
                0x000098d4       0x4c contiki-srf06-cc26xx.a(rpl-dag.o)
                0x000098d4                rpl_nullify_parent
 .text.rpl_remove_parent
                0x00009920       0x1c contiki-srf06-cc26xx.a(rpl-dag.o)
                0x00009920                rpl_remove_parent
 .text.nbr_callback
                0x0000993c        0x4 contiki-srf06-cc26xx.a(rpl-dag.o)
 .text.remove_parents.constprop.6
                0x00009940       0x48 contiki-srf06-cc26xx.a(rpl-dag.o)
 .text.rpl_move_parent
                0x00009988       0x4c contiki-srf06-cc26xx.a(rpl-dag.o)
                0x00009988                rpl_move_parent
 .text.rpl_get_any_dag
                0x000099d4       0x18 contiki-srf06-cc26xx.a(rpl-dag.o)
                0x000099d4                rpl_get_any_dag
 .text.rpl_get_instance
                0x000099ec       0x20 contiki-srf06-cc26xx.a(rpl-dag.o)
                0x000099ec                rpl_get_instance
 .text.rpl_join_instance
                0x00009a0c      0x144 contiki-srf06-cc26xx.a(rpl-dag.o)
                0x00009a0c                rpl_join_instance
 .text.rpl_local_repair
                0x00009b50       0x68 contiki-srf06-cc26xx.a(rpl-dag.o)
                0x00009b50                rpl_local_repair
 .text.rpl_process_parent_event
                0x00009bb8       0x60 contiki-srf06-cc26xx.a(rpl-dag.o)
                0x00009bb8                rpl_process_parent_event
 .text.rpl_add_dag
                0x00009c18      0x130 contiki-srf06-cc26xx.a(rpl-dag.o)
                0x00009c18                rpl_add_dag
 .text.rpl_recalculate_ranks
                0x00009d48       0x50 contiki-srf06-cc26xx.a(rpl-dag.o)
                0x00009d48                rpl_recalculate_ranks
 .text.rpl_process_dio
                0x00009d98      0x2e4 contiki-srf06-cc26xx.a(rpl-dag.o)
                0x00009d98                rpl_process_dio
 .text.rpl_lock_parent
                0x0000a07c       0x10 contiki-srf06-cc26xx.a(rpl-dag.o)
                0x0000a07c                rpl_lock_parent
 .text.rpl_verify_header
                0x0000a08c       0xa8 contiki-srf06-cc26xx.a(rpl-ext-header.)
                0x0000a08c                rpl_verify_header
 .text.rpl_update_header_empty
                0x0000a134      0x138 contiki-srf06-cc26xx.a(rpl-ext-header.)
                0x0000a134                rpl_update_header_empty
 .text.rpl_update_header_final
                0x0000a26c       0x8c contiki-srf06-cc26xx.a(rpl-ext-header.)
                0x0000a26c                rpl_update_header_final
 .text.rpl_invert_header
                0x0000a2f8       0x68 contiki-srf06-cc26xx.a(rpl-ext-header.)
                0x0000a2f8                rpl_invert_header
 .text.rpl_insert_header
                0x0000a360       0x1c contiki-srf06-cc26xx.a(rpl-ext-header.)
                0x0000a360                rpl_insert_header
 .text.dao_ack_input
                0x0000a37c        0xc contiki-srf06-cc26xx.a(rpl-icmp6.o)
 .text.dio_input
                0x0000a388      0x2dc contiki-srf06-cc26xx.a(rpl-icmp6.o)
 .text.dis_output
                0x0000a664       0x58 contiki-srf06-cc26xx.a(rpl-icmp6.o)
                0x0000a664                dis_output
 .text.dio_output
                0x0000a6bc      0x2a4 contiki-srf06-cc26xx.a(rpl-icmp6.o)
                0x0000a6bc                dio_output
 .text.dis_input
                0x0000a960       0x3c contiki-srf06-cc26xx.a(rpl-icmp6.o)
 .text.dao_output_target
                0x0000a99c       0xf4 contiki-srf06-cc26xx.a(rpl-icmp6.o)
                0x0000a99c                dao_output_target
 .text.dao_output
                0x0000aa90       0x5c contiki-srf06-cc26xx.a(rpl-icmp6.o)
                0x0000aa90                dao_output
 .text.dao_ack_output
                0x0000aaec       0x30 contiki-srf06-cc26xx.a(rpl-icmp6.o)
                0x0000aaec                dao_ack_output
 .text.dao_input
                0x0000ab1c      0x250 contiki-srf06-cc26xx.a(rpl-icmp6.o)
 .text.rpl_icmp6_register_handlers
                0x0000ad6c       0x30 contiki-srf06-cc26xx.a(rpl-icmp6.o)
                0x0000ad6c                rpl_icmp6_register_handlers
 .text.reset    0x0000ad9c        0x4 contiki-srf06-cc26xx.a(rpl-mrhof.o)
 .text.update_metric_container
                0x0000ada0        0x8 contiki-srf06-cc26xx.a(rpl-mrhof.o)
 .text.calculate_rank
                0x0000ada8       0x44 contiki-srf06-cc26xx.a(rpl-mrhof.o)
 .text.neighbor_link_callback
                0x0000adec       0x50 contiki-srf06-cc26xx.a(rpl-mrhof.o)
 .text.best_dag
                0x0000ae3c       0x2c contiki-srf06-cc26xx.a(rpl-mrhof.o)
 .text.best_parent
                0x0000ae68       0x60 contiki-srf06-cc26xx.a(rpl-mrhof.o)
 .text.new_dio_interval
                0x0000aec8       0x60 contiki-srf06-cc26xx.a(rpl-timers.o)
 .text.handle_periodic_timer
                0x0000af28       0x38 contiki-srf06-cc26xx.a(rpl-timers.o)
 .text.set_dao_lifetime_timer
                0x0000af60       0x3c contiki-srf06-cc26xx.a(rpl-timers.o)
 .text.handle_dio_timer
                0x0000af9c       0x8c contiki-srf06-cc26xx.a(rpl-timers.o)
 .text.schedule_dao
                0x0000b028       0x54 contiki-srf06-cc26xx.a(rpl-timers.o)
 .text.handle_dao_timer
                0x0000b07c       0x5c contiki-srf06-cc26xx.a(rpl-timers.o)
 .text.rpl_reset_periodic_timer
                0x0000b0d8       0x3c contiki-srf06-cc26xx.a(rpl-timers.o)
                0x0000b0d8                rpl_reset_periodic_timer
 .text.rpl_reset_dio_timer
                0x0000b114       0x1c contiki-srf06-cc26xx.a(rpl-timers.o)
                0x0000b114                rpl_reset_dio_timer
 .text.rpl_schedule_dao
                0x0000b130        0x8 contiki-srf06-cc26xx.a(rpl-timers.o)
                0x0000b130                rpl_schedule_dao
 .text.rpl_schedule_probing
                0x0000b138       0x38 contiki-srf06-cc26xx.a(rpl-timers.o)
                0x0000b138                rpl_schedule_probing
 .text.handle_probing_timer
                0x0000b170       0xe4 contiki-srf06-cc26xx.a(rpl-timers.o)
 .text.rpl_get_mode
                0x0000b254        0xc contiki-srf06-cc26xx.a(rpl.o)
                0x0000b254                rpl_get_mode
 .text.rpl_purge_routes
                0x0000b260       0x7c contiki-srf06-cc26xx.a(rpl.o)
                0x0000b260                rpl_purge_routes
 .text.rpl_remove_routes
                0x0000b2dc       0x24 contiki-srf06-cc26xx.a(rpl.o)
                0x0000b2dc                rpl_remove_routes
 .text.rpl_remove_routes_by_nexthop
                0x0000b300       0x44 contiki-srf06-cc26xx.a(rpl.o)
                0x0000b300                rpl_remove_routes_by_nexthop
 .text.rpl_add_route
                0x0000b344       0x2c contiki-srf06-cc26xx.a(rpl.o)
                0x0000b344                rpl_add_route
 .text.rpl_link_neighbor_callback
                0x0000b370       0x74 contiki-srf06-cc26xx.a(rpl.o)
                0x0000b370                rpl_link_neighbor_callback
 .text.rpl_ipv6_neighbor_callback
                0x0000b3e4       0x30 contiki-srf06-cc26xx.a(rpl.o)
                0x0000b3e4                rpl_ipv6_neighbor_callback
 .text.rpl_init
                0x0000b414       0x58 contiki-srf06-cc26xx.a(rpl.o)
                0x0000b414                rpl_init
 .text.NOROM_AONRTCCurrentCompareValueGet
                0x0000b46c       0x24 contiki-srf06-cc26xx.a(aon_rtc.o)
                0x0000b46c                NOROM_AONRTCCurrentCompareValueGet
 .text.NOROM_CPUcpsid
                0x0000b490        0x8 contiki-srf06-cc26xx.a(cpu.o)
                0x0000b490                NOROM_CPUcpsid
 .text.NOROM_CPUcpsie
                0x0000b498        0x8 contiki-srf06-cc26xx.a(cpu.o)
                0x0000b498                NOROM_CPUcpsie
 .text.NOROM_CPUdelay
                0x0000b4a0        0x8 contiki-srf06-cc26xx.a(cpu.o)
                0x0000b4a0                NOROM_CPUdelay
 .text.NOROM_DDI16BitfieldWrite
                0x0000b4a8       0x4c contiki-srf06-cc26xx.a(ddi.o)
                0x0000b4a8                NOROM_DDI16BitfieldWrite
 .text.NOROM_DDI16BitfieldRead
                0x0000b4f4       0x4c contiki-srf06-cc26xx.a(ddi.o)
                0x0000b4f4                NOROM_DDI16BitfieldRead
 .text.NOROM_OSCClockSourceSet
                0x0000b540       0x50 contiki-srf06-cc26xx.a(osc.o)
                0x0000b540                NOROM_OSCClockSourceSet
 .text.NOROM_OSCClockSourceGet
                0x0000b590       0x20 contiki-srf06-cc26xx.a(osc.o)
                0x0000b590                NOROM_OSCClockSourceGet
 .text.NOROM_OSCInterfaceEnable
                0x0000b5b0       0x38 contiki-srf06-cc26xx.a(osc.o)
                0x0000b5b0                NOROM_OSCInterfaceEnable
 .text.NOROM_PowerCtrlSourceSet
                0x0000b5e8       0x34 contiki-srf06-cc26xx.a(pwr_ctrl.o)
                0x0000b5e8                NOROM_PowerCtrlSourceSet
 .text.HapiTrimDeviceShutDown
                0x0000b61c      0x570 contiki-srf06-cc26xx.a(setup.o)
 .text.trimDevice
                0x0000bb8c       0xa0 contiki-srf06-cc26xx.a(setup.o)
                0x0000bb8c                trimDevice
 .text.SysCtrlSetRechargeBeforePowerDown
                0x0000bc2c      0x1dc contiki-srf06-cc26xx.a(sys_ctrl.o)
                0x0000bc2c                SysCtrlSetRechargeBeforePowerDown
 .text.SysCtrlAdjustRechargeAfterPowerDown
                0x0000be08       0x70 contiki-srf06-cc26xx.a(sys_ctrl.o)
                0x0000be08                SysCtrlAdjustRechargeAfterPowerDown
 .text.SysCtrl_DCDC_VoltageConditionalControl
                0x0000be78       0x78 contiki-srf06-cc26xx.a(sys_ctrl.o)
                0x0000be78                SysCtrl_DCDC_VoltageConditionalControl
 .text.linkaddr_copy
                0x0000bef0        0xc contiki-srf06-cc26xx.a(linkaddr.o)
                0x0000bef0                linkaddr_copy
 .text.linkaddr_cmp
                0x0000befc       0x10 contiki-srf06-cc26xx.a(linkaddr.o)
                0x0000befc                linkaddr_cmp
 .text.index_from_lladdr
                0x0000bf0c       0x50 contiki-srf06-cc26xx.a(nbr-table.o)
 .text.nbr_table_register
                0x0000bf5c       0x2c contiki-srf06-cc26xx.a(nbr-table.o)
                0x0000bf5c                nbr_table_register
 .text.nbr_table_next
                0x0000bf88       0x7c contiki-srf06-cc26xx.a(nbr-table.o)
                0x0000bf88                nbr_table_next
 .text.nbr_table_head
                0x0000c004       0x70 contiki-srf06-cc26xx.a(nbr-table.o)
                0x0000c004                nbr_table_head
 .text.nbr_table_add_lladdr
                0x0000c074      0x1b4 contiki-srf06-cc26xx.a(nbr-table.o)
                0x0000c074                nbr_table_add_lladdr
 .text.nbr_table_get_from_lladdr
                0x0000c228       0x44 contiki-srf06-cc26xx.a(nbr-table.o)
                0x0000c228                nbr_table_get_from_lladdr
 .text.nbr_table_remove
                0x0000c26c       0x5c contiki-srf06-cc26xx.a(nbr-table.o)
                0x0000c26c                nbr_table_remove
 .text.nbr_table_lock
                0x0000c2c8       0x34 contiki-srf06-cc26xx.a(nbr-table.o)
                0x0000c2c8                nbr_table_lock
 .text.nbr_table_unlock
                0x0000c2fc       0x38 contiki-srf06-cc26xx.a(nbr-table.o)
                0x0000c2fc                nbr_table_unlock
 .text.nbr_table_get_lladdr
                0x0000c334       0x30 contiki-srf06-cc26xx.a(nbr-table.o)
                0x0000c334                nbr_table_get_lladdr
 .text.netstack_init
                0x0000c364       0x30 contiki-srf06-cc26xx.a(netstack.o)
                0x0000c364                netstack_init
 .text.packetbuf_compact
                0x0000c394       0x34 contiki-srf06-cc26xx.a(packetbuf.o)
                0x0000c394                packetbuf_compact
 .text.packetbuf_copyto
                0x0000c3c8       0x50 contiki-srf06-cc26xx.a(packetbuf.o)
                0x0000c3c8                packetbuf_copyto
 .text.packetbuf_hdralloc
                0x0000c418       0x44 contiki-srf06-cc26xx.a(packetbuf.o)
                0x0000c418                packetbuf_hdralloc
 .text.packetbuf_hdrreduce
                0x0000c45c       0x2c contiki-srf06-cc26xx.a(packetbuf.o)
                0x0000c45c                packetbuf_hdrreduce
 .text.packetbuf_set_datalen
                0x0000c488        0xc contiki-srf06-cc26xx.a(packetbuf.o)
                0x0000c488                packetbuf_set_datalen
 .text.packetbuf_dataptr
                0x0000c494       0x14 contiki-srf06-cc26xx.a(packetbuf.o)
                0x0000c494                packetbuf_dataptr
 .text.packetbuf_hdrptr
                0x0000c4a8       0x14 contiki-srf06-cc26xx.a(packetbuf.o)
                0x0000c4a8                packetbuf_hdrptr
 .text.packetbuf_datalen
                0x0000c4bc        0xc contiki-srf06-cc26xx.a(packetbuf.o)
                0x0000c4bc                packetbuf_datalen
 .text.packetbuf_totlen
                0x0000c4c8       0x28 contiki-srf06-cc26xx.a(packetbuf.o)
                0x0000c4c8                packetbuf_totlen
 .text.packetbuf_attr_clear
                0x0000c4f0       0x38 contiki-srf06-cc26xx.a(packetbuf.o)
                0x0000c4f0                packetbuf_attr_clear
 .text.packetbuf_clear
                0x0000c528       0x34 contiki-srf06-cc26xx.a(packetbuf.o)
                0x0000c528                packetbuf_clear
 .text.packetbuf_copyfrom
                0x0000c55c       0x4c contiki-srf06-cc26xx.a(packetbuf.o)
                0x0000c55c                packetbuf_copyfrom
 .text.packetbuf_attr_copyto
                0x0000c5a8       0x44 contiki-srf06-cc26xx.a(packetbuf.o)
                0x0000c5a8                packetbuf_attr_copyto
 .text.packetbuf_attr_copyfrom
                0x0000c5ec       0x44 contiki-srf06-cc26xx.a(packetbuf.o)
                0x0000c5ec                packetbuf_attr_copyfrom
 .text.packetbuf_set_attr
                0x0000c630       0x10 contiki-srf06-cc26xx.a(packetbuf.o)
                0x0000c630                packetbuf_set_attr
 .text.packetbuf_attr
                0x0000c640        0xc contiki-srf06-cc26xx.a(packetbuf.o)
                0x0000c640                packetbuf_attr
 .text.packetbuf_set_addr
                0x0000c64c       0x18 contiki-srf06-cc26xx.a(packetbuf.o)
                0x0000c64c                packetbuf_set_addr
 .text.packetbuf_addr
                0x0000c664       0x10 contiki-srf06-cc26xx.a(packetbuf.o)
                0x0000c664                packetbuf_addr
 .text.packetbuf_holds_broadcast
                0x0000c674       0x10 contiki-srf06-cc26xx.a(packetbuf.o)
                0x0000c674                packetbuf_holds_broadcast
 .text.queuebuf_init
                0x0000c684       0x1c contiki-srf06-cc26xx.a(queuebuf.o)
                0x0000c684                queuebuf_init
 .text.queuebuf_numfree
                0x0000c6a0        0xc contiki-srf06-cc26xx.a(queuebuf.o)
                0x0000c6a0                queuebuf_numfree
 .text.queuebuf_new_from_packetbuf
                0x0000c6ac       0x48 contiki-srf06-cc26xx.a(queuebuf.o)
                0x0000c6ac                queuebuf_new_from_packetbuf
 .text.queuebuf_update_attr_from_packetbuf
                0x0000c6f4        0xc contiki-srf06-cc26xx.a(queuebuf.o)
                0x0000c6f4                queuebuf_update_attr_from_packetbuf
 .text.queuebuf_update_from_packetbuf
                0x0000c700       0x1c contiki-srf06-cc26xx.a(queuebuf.o)
                0x0000c700                queuebuf_update_from_packetbuf
 .text.queuebuf_free
                0x0000c71c       0x2c contiki-srf06-cc26xx.a(queuebuf.o)
                0x0000c71c                queuebuf_free
 .text.queuebuf_to_packetbuf
                0x0000c748       0x30 contiki-srf06-cc26xx.a(queuebuf.o)
                0x0000c748                queuebuf_to_packetbuf
 .text.queuebuf_attr
                0x0000c778        0xc contiki-srf06-cc26xx.a(queuebuf.o)
                0x0000c778                queuebuf_attr
 .text.input_packet
                0x0000c784        0xc contiki-srf06-cc26xx.a(csma.o)
 .text.on       0x0000c790        0xc contiki-srf06-cc26xx.a(csma.o)
 .text.off      0x0000c79c        0xc contiki-srf06-cc26xx.a(csma.o)
 .text.channel_check_interval
                0x0000c7a8       0x10 contiki-srf06-cc26xx.a(csma.o)
 .text.transmit_packet_list
                0x0000c7b8       0x34 contiki-srf06-cc26xx.a(csma.o)
 .text.send_packet
                0x0000c7ec      0x164 contiki-srf06-cc26xx.a(csma.o)
 .text.init     0x0000c950       0x24 contiki-srf06-cc26xx.a(csma.o)
 .text.free_packet
                0x0000c974       0x90 contiki-srf06-cc26xx.a(csma.o)
 .text.packet_sent
                0x0000ca04       0xfc contiki-srf06-cc26xx.a(csma.o)
 .text.parse    0x0000cb00       0x94 contiki-srf06-cc26xx.a(framer-802154.o)
 .text.create_frame.isra.0
                0x0000cb94      0x128 contiki-srf06-cc26xx.a(framer-802154.o)
 .text.create   0x0000ccbc        0x8 contiki-srf06-cc26xx.a(framer-802154.o)
 .text.hdr_length
                0x0000ccc4        0x8 contiki-srf06-cc26xx.a(framer-802154.o)
 .text.framer_canonical_create_and_secure
                0x0000cccc       0x30 contiki-srf06-cc26xx.a(framer.o)
                0x0000cccc                framer_canonical_create_and_secure
 .text.mac_call_sent_callback
                0x0000ccfc       0x18 contiki-srf06-cc26xx.a(mac.o)
                0x0000ccfc                mac_call_sent_callback
 .text.duty_cycle
                0x0000cd14        0x4 contiki-srf06-cc26xx.a(contikimac.o)
 .text.init     0x0000cd18       0x40 contiki-srf06-cc26xx.a(contikimac.o)
 .text.on.part.0
                0x0000cd58       0x14 contiki-srf06-cc26xx.a(contikimac.o)
 .text.off      0x0000cd6c       0x38 contiki-srf06-cc26xx.a(contikimac.o)
 .text.recv_burst_off
                0x0000cda4       0x14 contiki-srf06-cc26xx.a(contikimac.o)
 .text.powercycle_turn_radio_off.part.2
                0x0000cdb8       0x10 contiki-srf06-cc26xx.a(contikimac.o)
 .text.turn_off
                0x0000cdc8       0x44 contiki-srf06-cc26xx.a(contikimac.o)
 .text.turn_on  0x0000ce0c       0x44 contiki-srf06-cc26xx.a(contikimac.o)
 .text.schedule_powercycle_fixed.part.5
                0x0000ce50       0x34 contiki-srf06-cc26xx.a(contikimac.o)
 .text.input_packet
                0x0000ce84       0xc4 contiki-srf06-cc26xx.a(contikimac.o)
 .text.send_packet.isra.7
                0x0000cf48      0x23c contiki-srf06-cc26xx.a(contikimac.o)
 .text.qsend_list
                0x0000d184       0xdc contiki-srf06-cc26xx.a(contikimac.o)
 .text.qsend_packet
                0x0000d260       0x24 contiki-srf06-cc26xx.a(contikimac.o)
 .text.powercycle
                0x0000d284      0x278 contiki-srf06-cc26xx.a(contikimac.o)
 .text.bootstrap
                0x0000d4fc        0x4 contiki-srf06-cc26xx.a(nullsec.o)
 .text.on_frame_created
                0x0000d500        0x4 contiki-srf06-cc26xx.a(nullsec.o)
 .text.input    0x0000d504        0xc contiki-srf06-cc26xx.a(nullsec.o)
 .text.get_overhead
                0x0000d510        0x4 contiki-srf06-cc26xx.a(nullsec.o)
 .text.send     0x0000d514       0x20 contiki-srf06-cc26xx.a(nullsec.o)
 .text.sensor_common_read_reg
                0x0000d534       0x1c contiki-srf06-cc26xx.a(sensor-common.o)
                0x0000d534                sensor_common_read_reg
 .text.sensor_common_write_reg
                0x0000d550       0x38 contiki-srf06-cc26xx.a(sensor-common.o)
                0x0000d550                sensor_common_write_reg
 .text.sensor_common_set_error_data
                0x0000d588       0x10 contiki-srf06-cc26xx.a(sensor-common.o)
                0x0000d588                sensor_common_set_error_data
 .text.wait_ready
                0x0000d598       0x6c contiki-srf06-cc26xx.a(ext-flash.o)
 .text.verify_part
                0x0000d604       0x64 contiki-srf06-cc26xx.a(ext-flash.o)
 .text.power_down
                0x0000d668       0x44 contiki-srf06-cc26xx.a(ext-flash.o)
 .text.ext_flash_open
                0x0000d6ac       0x58 contiki-srf06-cc26xx.a(ext-flash.o)
                0x0000d6ac                ext_flash_open
 .text.ext_flash_init
                0x0000d704       0x14 contiki-srf06-cc26xx.a(ext-flash.o)
                0x0000d704                ext_flash_init
 .text.buzzer_init
                0x0000d718        0xc contiki-srf06-cc26xx.a(buzzer.o)
                0x0000d718                buzzer_init
 .text.buzzer_stop
                0x0000d724       0x74 contiki-srf06-cc26xx.a(buzzer.o)
                0x0000d724                buzzer_stop
 .text.accessible
                0x0000d798       0x24 contiki-srf06-cc26xx.a(board-spi.o)
 .text.board_spi_write
                0x0000d7bc       0x3c contiki-srf06-cc26xx.a(board-spi.o)
                0x0000d7bc                board_spi_write
 .text.board_spi_read
                0x0000d7f8       0x4c contiki-srf06-cc26xx.a(board-spi.o)
                0x0000d7f8                board_spi_read
 .text.board_spi_flush
                0x0000d844       0x24 contiki-srf06-cc26xx.a(board-spi.o)
                0x0000d844                board_spi_flush
 .text.board_spi_open
                0x0000d868       0xbc contiki-srf06-cc26xx.a(board-spi.o)
                0x0000d868                board_spi_open
 .text.board_spi_close
                0x0000d924       0x70 contiki-srf06-cc26xx.a(board-spi.o)
                0x0000d924                board_spi_close
 .text.stimer_set
                0x0000d994       0x10 contiki-srf06-cc26xx.a(stimer.o)
                0x0000d994                stimer_set
 .text.stimer_expired
                0x0000d9a4       0x20 contiki-srf06-cc26xx.a(stimer.o)
                0x0000d9a4                stimer_expired
 .text.memb_init
                0x0000d9c4       0x24 contiki-srf06-cc26xx.a(memb.o)
                0x0000d9c4                memb_init
 .text.memb_alloc
                0x0000d9e8       0x3c contiki-srf06-cc26xx.a(memb.o)
                0x0000d9e8                memb_alloc
 .text.memb_free
                0x0000da24       0x3c contiki-srf06-cc26xx.a(memb.o)
                0x0000da24                memb_free
 .text.memb_inmemb
                0x0000da60       0x1c contiki-srf06-cc26xx.a(memb.o)
                0x0000da60                memb_inmemb
 .text.memb_numfree
                0x0000da7c       0x1c contiki-srf06-cc26xx.a(memb.o)
                0x0000da7c                memb_numfree
 .text.echo_reply_input
                0x0000da98      0x114 contiki-srf06-cc26xx.a(uip-icmp6.o)
 .text.echo_request_input
                0x0000dbac      0x108 contiki-srf06-cc26xx.a(uip-icmp6.o)
 .text.uip_icmp6_input
                0x0000dcb4       0x3c contiki-srf06-cc26xx.a(uip-icmp6.o)
                0x0000dcb4                uip_icmp6_input
 .text.uip_icmp6_register_input_handler
                0x0000dcf0        0xc contiki-srf06-cc26xx.a(uip-icmp6.o)
                0x0000dcf0                uip_icmp6_register_input_handler
 .text.uip_icmp6_error_output
                0x0000dcfc      0x160 contiki-srf06-cc26xx.a(uip-icmp6.o)
                0x0000dcfc                uip_icmp6_error_output
 .text.uip_icmp6_send
                0x0000de5c       0x80 contiki-srf06-cc26xx.a(uip-icmp6.o)
                0x0000de5c                uip_icmp6_send
 .text.uip_icmp6_init
                0x0000dedc       0x24 contiki-srf06-cc26xx.a(uip-icmp6.o)
                0x0000dedc                uip_icmp6_init
 .text.AONBatMonTemperatureGetDegC
                0x0000df00       0x30 contiki-srf06-cc26xx.a(aon_batmon.o)
                0x0000df00                AONBatMonTemperatureGetDegC
 .text.ChipInfo_GetHwRevision
                0x0000df30       0x98 contiki-srf06-cc26xx.a(chipinfo.o)
                0x0000df30                ChipInfo_GetHwRevision
 .text.ThisCodeIsBuiltForCC26xxHwRev22AndLater_HaltIfViolated
                0x0000dfc8       0x2c contiki-srf06-cc26xx.a(chipinfo.o)
                0x0000dfc8                ThisCodeIsBuiltForCC26xxHwRev22AndLater_HaltIfViolated
 .text.field_len
                0x0000dff4       0x74 contiki-srf06-cc26xx.a(frame802154.o)
 .text.frame802154_hdrlen
                0x0000e068       0x30 contiki-srf06-cc26xx.a(frame802154.o)
                0x0000e068                frame802154_hdrlen
 .text.frame802154_create
                0x0000e098       0xf8 contiki-srf06-cc26xx.a(frame802154.o)
                0x0000e098                frame802154_create
 .text.frame802154_parse
                0x0000e190      0x130 contiki-srf06-cc26xx.a(frame802154.o)
                0x0000e190                frame802154_parse
 .text.mac_sequence_is_duplicate
                0x0000e2c0       0x3c contiki-srf06-cc26xx.a(mac-sequence.o)
                0x0000e2c0                mac_sequence_is_duplicate
 .text.mac_sequence_register_seqno
                0x0000e2fc       0x70 contiki-srf06-cc26xx.a(mac-sequence.o)
                0x0000e2fc                mac_sequence_register_seqno
 .text.exp2     0x0000e36c       0x10 c:/users/yan/contiki/toolchain/tools/gcc-arm-none-eabi/bin/../lib/gcc/arm-none-eabi/5.4.1/../../../../arm-none-eabi/lib/armv7-m\libm.a(lib_a-w_exp2.o)
                0x0000e36c                exp2
 .text.pow      0x0000e37c      0x330 c:/users/yan/contiki/toolchain/tools/gcc-arm-none-eabi/bin/../lib/gcc/arm-none-eabi/5.4.1/../../../../arm-none-eabi/lib/armv7-m\libm.a(lib_a-w_pow.o)
                0x0000e37c                pow
 .text.__ieee754_sqrt
                0x0000e6ac      0x188 c:/users/yan/contiki/toolchain/tools/gcc-arm-none-eabi/bin/../lib/gcc/arm-none-eabi/5.4.1/../../../../arm-none-eabi/lib/armv7-m\libm.a(lib_a-e_sqrt.o)
                0x0000e6ac                __ieee754_sqrt
 .text.fabs     0x0000e834        0x8 c:/users/yan/contiki/toolchain/tools/gcc-arm-none-eabi/bin/../lib/gcc/arm-none-eabi/5.4.1/../../../../arm-none-eabi/lib/armv7-m\libm.a(lib_a-s_fabs.o)
                0x0000e834                fabs
 .text.finite   0x0000e83c        0xc c:/users/yan/contiki/toolchain/tools/gcc-arm-none-eabi/bin/../lib/gcc/arm-none-eabi/5.4.1/../../../../arm-none-eabi/lib/armv7-m\libm.a(lib_a-s_finite.o)
                0x0000e83c                finite
 .text.matherr  0x0000e848        0x4 c:/users/yan/contiki/toolchain/tools/gcc-arm-none-eabi/bin/../lib/gcc/arm-none-eabi/5.4.1/../../../../arm-none-eabi/lib/armv7-m\libm.a(lib_a-s_matherr.o)
                0x0000e848                matherr
 .text.nan      0x0000e84c        0xc c:/users/yan/contiki/toolchain/tools/gcc-arm-none-eabi/bin/../lib/gcc/arm-none-eabi/5.4.1/../../../../arm-none-eabi/lib/armv7-m\libm.a(lib_a-s_nan.o)
                0x0000e84c                nan
 .text.rint     0x0000e858      0x120 c:/users/yan/contiki/toolchain/tools/gcc-arm-none-eabi/bin/../lib/gcc/arm-none-eabi/5.4.1/../../../../arm-none-eabi/lib/armv7-m\libm.a(lib_a-s_rint.o)
                0x0000e858                rint
 .text.copysign
                0x0000e978       0x10 c:/users/yan/contiki/toolchain/tools/gcc-arm-none-eabi/bin/../lib/gcc/arm-none-eabi/5.4.1/../../../../arm-none-eabi/lib/armv7-m\libm.a(lib_a-s_copysign.o)
                0x0000e978                copysign
 .text          0x0000e988      0x370 c:/users/yan/contiki/toolchain/tools/gcc-arm-none-eabi/bin/../lib/gcc/arm-none-eabi/5.4.1/armv7-m\libgcc.a(_arm_addsubdf3.o)
                0x0000e988                __aeabi_drsub
                0x0000e990                __aeabi_dsub
                0x0000e990                __subdf3
                0x0000e994                __aeabi_dadd
                0x0000e994                __adddf3
                0x0000ec0c                __floatunsidf
                0x0000ec0c                __aeabi_ui2d
                0x0000ec2c                __floatsidf
                0x0000ec2c                __aeabi_i2d
                0x0000ec50                __aeabi_f2d
                0x0000ec50                __extendsfdf2
                0x0000ec8c                __floatundidf
                0x0000ec8c                __aeabi_ul2d
                0x0000ec9c                __floatdidf
                0x0000ec9c                __aeabi_l2d
 .text          0x0000ecf8      0x424 c:/users/yan/contiki/toolchain/tools/gcc-arm-none-eabi/bin/../lib/gcc/arm-none-eabi/5.4.1/armv7-m\libgcc.a(_arm_muldivdf3.o)
                0x0000ecf8                __aeabi_dmul
                0x0000ecf8                __muldf3
                0x0000ef4c                __divdf3
                0x0000ef4c                __aeabi_ddiv
 .text          0x0000f11c      0x110 c:/users/yan/contiki/toolchain/tools/gcc-arm-none-eabi/bin/../lib/gcc/arm-none-eabi/5.4.1/armv7-m\libgcc.a(_arm_cmpdf2.o)
                0x0000f11c                __gtdf2
                0x0000f11c                __gedf2
                0x0000f124                __ltdf2
                0x0000f124                __ledf2
                0x0000f12c                __nedf2
                0x0000f12c                __eqdf2
                0x0000f12c                __cmpdf2
                0x0000f1a8                __aeabi_cdrcmple
                0x0000f1b8                __aeabi_cdcmpeq
                0x0000f1b8                __aeabi_cdcmple
                0x0000f1c8                __aeabi_dcmpeq
                0x0000f1dc                __aeabi_dcmplt
                0x0000f1f0                __aeabi_dcmple
                0x0000f204                __aeabi_dcmpge
                0x0000f218                __aeabi_dcmpgt
 .text          0x0000f22c       0x2c c:/users/yan/contiki/toolchain/tools/gcc-arm-none-eabi/bin/../lib/gcc/arm-none-eabi/5.4.1/armv7-m\libgcc.a(_arm_unorddf2.o)
                0x0000f22c                __unorddf2
                0x0000f22c                __aeabi_dcmpun
 .text          0x0000f258       0xa0 c:/users/yan/contiki/toolchain/tools/gcc-arm-none-eabi/bin/../lib/gcc/arm-none-eabi/5.4.1/armv7-m\libgcc.a(_arm_truncdfsf2.o)
                0x0000f258                __truncdfsf2
                0x0000f258                __aeabi_d2f
 .text          0x0000f2f8      0x21c c:/users/yan/contiki/toolchain/tools/gcc-arm-none-eabi/bin/../lib/gcc/arm-none-eabi/5.4.1/armv7-m\libgcc.a(_arm_addsubsf3.o)
                0x0000f2f8                __aeabi_frsub
                0x0000f300                __subsf3
                0x0000f300                __aeabi_fsub
                0x0000f304                __aeabi_fadd
                0x0000f304                __addsf3
                0x0000f464                __aeabi_ui2f
                0x0000f464                __floatunsisf
                0x0000f46c                __aeabi_i2f
                0x0000f46c                __floatsisf
                0x0000f488                __aeabi_ul2f
                0x0000f488                __floatundisf
                0x0000f498                __aeabi_l2f
                0x0000f498                __floatdisf
 .text          0x0000f514      0x2a0 c:/users/yan/contiki/toolchain/tools/gcc-arm-none-eabi/bin/../lib/gcc/arm-none-eabi/5.4.1/armv7-m\libgcc.a(_arm_muldivsf3.o)
                0x0000f514                __mulsf3
                0x0000f514                __aeabi_fmul
                0x0000f67c                __aeabi_fdiv
                0x0000f67c                __divsf3
 .text          0x0000f7b4       0xec c:/users/yan/contiki/toolchain/tools/gcc-arm-none-eabi/bin/../lib/gcc/arm-none-eabi/5.4.1/armv7-m\libgcc.a(_arm_cmpsf2.o)
                0x0000f7b4                __gesf2
                0x0000f7b4                __gtsf2
                0x0000f7bc                __lesf2
                0x0000f7bc                __ltsf2
                0x0000f7c4                __nesf2
                0x0000f7c4                __eqsf2
                0x0000f7c4                __cmpsf2
                0x0000f824                __aeabi_cfrcmple
                0x0000f82c                __aeabi_cfcmpeq
                0x0000f82c                __aeabi_cfcmple
                0x0000f83c                __aeabi_fcmpeq
                0x0000f850                __aeabi_fcmplt
                0x0000f864                __aeabi_fcmple
                0x0000f878                __aeabi_fcmpge
                0x0000f88c                __aeabi_fcmpgt
 .text          0x0000f8a0       0x4c c:/users/yan/contiki/toolchain/tools/gcc-arm-none-eabi/bin/../lib/gcc/arm-none-eabi/5.4.1/armv7-m\libgcc.a(_arm_fixsfsi.o)
                0x0000f8a0                __aeabi_f2iz
                0x0000f8a0                __fixsfsi
 .text          0x0000f8ec       0x40 c:/users/yan/contiki/toolchain/tools/gcc-arm-none-eabi/bin/../lib/gcc/arm-none-eabi/5.4.1/armv7-m\libgcc.a(_arm_fixunssfsi.o)
                0x0000f8ec                __fixunssfsi
                0x0000f8ec                __aeabi_f2uiz
 .text          0x0000f92c       0x30 c:/users/yan/contiki/toolchain/tools/gcc-arm-none-eabi/bin/../lib/gcc/arm-none-eabi/5.4.1/armv7-m\libgcc.a(_aeabi_uldivmod.o)
                0x0000f92c                __aeabi_uldivmod
 .text          0x0000f95c      0x2ec c:/users/yan/contiki/toolchain/tools/gcc-arm-none-eabi/bin/../lib/gcc/arm-none-eabi/5.4.1/armv7-m\libgcc.a(_udivmoddi4.o)
                0x0000f95c                __udivmoddi4
 .text          0x0000fc48        0x4 c:/users/yan/contiki/toolchain/tools/gcc-arm-none-eabi/bin/../lib/gcc/arm-none-eabi/5.4.1/armv7-m\libgcc.a(_dvmd_tls.o)
                0x0000fc48                __aeabi_idiv0
                0x0000fc48                __aeabi_ldiv0
 .text.__errno  0x0000fc4c        0xc c:/users/yan/contiki/toolchain/tools/gcc-arm-none-eabi/bin/../lib/gcc/arm-none-eabi/5.4.1/../../../../arm-none-eabi/lib/armv7-m\libc.a(lib_a-errno.o)
                0x0000fc4c                __errno
 .text.memcmp   0x0000fc58       0x64 c:/users/yan/contiki/toolchain/tools/gcc-arm-none-eabi/bin/../lib/gcc/arm-none-eabi/5.4.1/../../../../arm-none-eabi/lib/armv7-m\libc.a(lib_a-memcmp.o)
                0x0000fc58                memcmp
 .text          0x0000fcbc       0xec c:/users/yan/contiki/toolchain/tools/gcc-arm-none-eabi/bin/../lib/gcc/arm-none-eabi/5.4.1/../../../../arm-none-eabi/lib/armv7-m\libc.a(lib_a-memcpy.o)
                0x0000fcbc                memcpy
 .text.memmove  0x0000fda8       0xc8 c:/users/yan/contiki/toolchain/tools/gcc-arm-none-eabi/bin/../lib/gcc/arm-none-eabi/5.4.1/../../../../arm-none-eabi/lib/armv7-m\libc.a(lib_a-memmove.o)
                0x0000fda8                memmove
 .text.memset   0x0000fe70       0x9c c:/users/yan/contiki/toolchain/tools/gcc-arm-none-eabi/bin/../lib/gcc/arm-none-eabi/5.4.1/../../../../arm-none-eabi/lib/armv7-m\libc.a(lib_a-memset.o)
                0x0000fe70                memset
 .text.srand    0x0000ff0c       0x14 c:/users/yan/contiki/toolchain/tools/gcc-arm-none-eabi/bin/../lib/gcc/arm-none-eabi/5.4.1/../../../../arm-none-eabi/lib/armv7-m\libc.a(lib_a-rand.o)
                0x0000ff0c                srand
 .text.rand     0x0000ff20       0x40 c:/users/yan/contiki/toolchain/tools/gcc-arm-none-eabi/bin/../lib/gcc/arm-none-eabi/5.4.1/../../../../arm-none-eabi/lib/armv7-m\libc.a(lib_a-rand.o)
                0x0000ff20                rand
 .text.strlen   0x0000ff60       0x5c c:/users/yan/contiki/toolchain/tools/gcc-arm-none-eabi/bin/../lib/gcc/arm-none-eabi/5.4.1/../../../../arm-none-eabi/lib/armv7-m\libc.a(lib_a-strlen-stub.o)
                0x0000ff60                strlen
 *(SORT(.rodata*))
 *fill*         0x0000ffbc        0x4 00000000
 .rodata.TWO52  0x0000ffc0       0x10 c:/users/yan/contiki/toolchain/tools/gcc-arm-none-eabi/bin/../lib/gcc/arm-none-eabi/5.4.1/../../../../arm-none-eabi/lib/armv7-m\libm.a(lib_a-s_rint.o)
 .rodata.autostart_processes
                0x0000ffd0        0xc myproject_tx.co
                0x0000ffd0                autostart_processes
 .rodata.str1.4
                0x0000ffdc      0x1a3 myproject_tx.co
                                0x1a7 (size before relaxing)
 *fill*         0x0001017f        0x1 00000000
 .rodata.str1.4
                0x00010180       0xa1 contiki-srf06-cc26xx.a(contiki-main.o)
 *fill*         0x00010221        0x3 00000000
 .rodata.str1.4
                0x00010224        0x8 contiki-srf06-cc26xx.a(sensors.o)
 .rodata.str1.4
                0x0001022c        0x7 contiki-srf06-cc26xx.a(bmp-280-sensor.)
 *fill*         0x00010233        0x1 00000000
 .rodata.bmp_280_sensor
                0x00010234       0x10 contiki-srf06-cc26xx.a(bmp-280-sensor.)
                0x00010234                bmp_280_sensor
 .rodata.tmp_007_sensor
                0x00010244       0x10 contiki-srf06-cc26xx.a(tmp-007-sensor.)
                0x00010244                tmp_007_sensor
 .rodata.str1.4
                0x00010254        0x7 contiki-srf06-cc26xx.a(tmp-007-sensor.)
 *fill*         0x0001025b        0x1 00000000
 .rodata.str1.4
                0x0001025c        0x8 contiki-srf06-cc26xx.a(opt-3001-sensor)
 .rodata.opt_3001_sensor
                0x00010264       0x10 contiki-srf06-cc26xx.a(opt-3001-sensor)
                0x00010264                opt_3001_sensor
 .rodata.hdc_1000_sensor
                0x00010274       0x10 contiki-srf06-cc26xx.a(hdc-1000-sensor)
                0x00010274                hdc_1000_sensor
 .rodata.str1.4
                0x00010284        0x8 contiki-srf06-cc26xx.a(hdc-1000-sensor)
 .rodata.mpu_9250_sensor
                0x0001028c       0x10 contiki-srf06-cc26xx.a(mpu-9250-sensor)
                0x0001028c                mpu_9250_sensor
 .rodata.str1.4
                0x0001029c        0x8 contiki-srf06-cc26xx.a(mpu-9250-sensor)
 .rodata.button_left_sensor
                0x000102a4       0x10 contiki-srf06-cc26xx.a(button-sensor.o)
                0x000102a4                button_left_sensor
 .rodata.str1.4
                0x000102b4        0x7 contiki-srf06-cc26xx.a(button-sensor.o)
 *fill*         0x000102bb        0x1 00000000
 .rodata.button_right_sensor
                0x000102bc       0x10 contiki-srf06-cc26xx.a(button-sensor.o)
                0x000102bc                button_right_sensor
 .rodata.reed_relay_sensor
                0x000102cc       0x10 contiki-srf06-cc26xx.a(reed-relay.o)
                0x000102cc                reed_relay_sensor
 .rodata.str1.4
                0x000102dc        0x5 contiki-srf06-cc26xx.a(reed-relay.o)
 *fill*         0x000102e1        0x3 00000000
 .rodata.output_power
                0x000102e4       0x68 contiki-srf06-cc26xx.a(cc26xx-rf.o)
 .rodata.str1.4
                0x0001034c       0x3d contiki-srf06-cc26xx.a(cc26xx-rf.o)
 *fill*         0x00010389        0x3 00000000
 .rodata.cc26xx_rf_driver
                0x0001038c       0x38 contiki-srf06-cc26xx.a(cc26xx-rf.o)
                0x0001038c                cc26xx_rf_driver
 .rodata.buffer.4106
                0x000103c4       0x10 contiki-srf06-cc26xx.a(strformat.o)
 .rodata.buffer.4115
                0x000103d4       0x10 contiki-srf06-cc26xx.a(strformat.o)
 .rodata.str1.4
                0x000103e4       0x46 contiki-srf06-cc26xx.a(strformat.o)
 *fill*         0x0001042a        0x2 00000000
 .rodata.str1.4
                0x0001042c        0xf contiki-srf06-cc26xx.a(ctimer.o)
 *fill*         0x0001043b        0x1 00000000
 .rodata.str1.4
                0x0001043c        0xc contiki-srf06-cc26xx.a(etimer.o)
 .rodata.str1.4
                0x00010448        0xe contiki-srf06-cc26xx.a(serial-line.o)
 *fill*         0x00010456        0x2 00000000
 .rodata        0x00010458        0x2 contiki-srf06-cc26xx.a(sicslowpan.o)
 *fill*         0x0001045a        0x2 00000000
 .rodata.ttl_values
                0x0001045c        0x4 contiki-srf06-cc26xx.a(sicslowpan.o)
 .rodata.unc_llconf
                0x00010460        0x4 contiki-srf06-cc26xx.a(sicslowpan.o)
                0x00010460                unc_llconf
 .rodata.llprefix
                0x00010464        0x2 contiki-srf06-cc26xx.a(sicslowpan.o)
                0x00010464                llprefix
 *fill*         0x00010466        0x2 00000000
 .rodata.unc_mxconf
                0x00010468        0x4 contiki-srf06-cc26xx.a(sicslowpan.o)
                0x00010468                unc_mxconf
 .rodata.sicslowpan_driver
                0x0001046c        0xc contiki-srf06-cc26xx.a(sicslowpan.o)
                0x0001046c                sicslowpan_driver
 .rodata.unc_ctxconf
                0x00010478        0x4 contiki-srf06-cc26xx.a(sicslowpan.o)
                0x00010478                unc_ctxconf
 .rodata.str1.4
                0x0001047c        0xb contiki-srf06-cc26xx.a(sicslowpan.o)
 *fill*         0x00010487        0x1 00000000
 .rodata.str1.4
                0x00010488       0x13 contiki-srf06-cc26xx.a(simple-udp.o)
 *fill*         0x0001049b        0x1 00000000
 .rodata.str1.4
                0x0001049c        0xd contiki-srf06-cc26xx.a(tcpip.o)
 *fill*         0x000104a9        0x3 00000000
 .rodata.str1.4
                0x000104ac       0x2d contiki-srf06-cc26xx.a(uip-debug.o)
 *fill*         0x000104d9        0x3 00000000
 .rodata.linkaddr_null
                0x000104dc        0x8 contiki-srf06-cc26xx.a(linkaddr.o)
                0x000104dc                linkaddr_null
 .rodata.csma_driver
                0x000104e4       0x1c contiki-srf06-cc26xx.a(csma.o)
                0x000104e4                csma_driver
 .rodata.str1.4
                0x00010500        0x5 contiki-srf06-cc26xx.a(csma.o)
 *fill*         0x00010505        0x3 00000000
 .rodata.framer_802154
                0x00010508       0x10 contiki-srf06-cc26xx.a(framer-802154.o)
                0x00010508                framer_802154
 .rodata.str1.4
                0x00010518        0xb contiki-srf06-cc26xx.a(contikimac.o)
 *fill*         0x00010523        0x1 00000000
 .rodata.contikimac_driver
                0x00010524       0x20 contiki-srf06-cc26xx.a(contikimac.o)
                0x00010524                contikimac_driver
 .rodata.str1.4
                0x00010544        0x8 contiki-srf06-cc26xx.a(nullsec.o)
 .rodata.nullsec_driver
                0x0001054c       0x18 contiki-srf06-cc26xx.a(nullsec.o)
                0x0001054c                nullsec_driver
 .rodata        0x00010564        0x4 contiki-srf06-cc26xx.a(ext-flash.o)
 .rodata.str1.4
                0x00010568        0x4 c:/users/yan/contiki/toolchain/tools/gcc-arm-none-eabi/bin/../lib/gcc/arm-none-eabi/5.4.1/../../../../arm-none-eabi/lib/armv7-m\libm.a(lib_a-w_pow.o)
 .rodata.str1.4
                0x0001056c        0x4 c:/users/yan/contiki/toolchain/tools/gcc-arm-none-eabi/bin/../lib/gcc/arm-none-eabi/5.4.1/../../../../arm-none-eabi/lib/armv7-m\libm.a(lib_a-e_pow.o)
                                  0x1 (size before relaxing)
 .rodata.str1.4
                0x0001056c        0x4 c:/users/yan/contiki/toolchain/tools/gcc-arm-none-eabi/bin/../lib/gcc/arm-none-eabi/5.4.1/../../../../arm-none-eabi/lib/armv7-m\libc.a(lib_a-impure.o)
                                  0x2 (size before relaxing)
                0x00010570                _etext = .

.glue_7         0x00010570        0x0
 .glue_7        0x00010570        0x0 linker stubs

.glue_7t        0x00010570        0x0
 .glue_7t       0x00010570        0x0 linker stubs

.vfp11_veneer   0x00010570        0x0
 .vfp11_veneer  0x00010570        0x0 linker stubs

.v4_bx          0x00010570        0x0
 .v4_bx         0x00010570        0x0 linker stubs

.iplt           0x00010570        0x0
 .iplt          0x00010570        0x0 obj_srf06-cc26xx/startup_gcc.o

.data           0x20000000      0x693 load address 0x00010570
                0x20000000                _data = .
 *(SORT(vtable))
 *(SORT(.data*))
 .data.impure_data
                0x20000000      0x428 c:/users/yan/contiki/toolchain/tools/gcc-arm-none-eabi/bin/../lib/gcc/arm-none-eabi/5.4.1/../../../../arm-none-eabi/lib/armv7-m\libc.a(lib_a-impure.o)
 .data.wireless_communication_process
                0x20000428       0x10 myproject_tx.co
                0x20000428                wireless_communication_process
 .data.measure_process
                0x20000438       0x10 myproject_tx.co
                0x20000438                measure_process
 .data.sensors_process
                0x20000448       0x10 contiki-srf06-cc26xx.a(sensors.o)
                0x20000448                sensors_process
 .data.sensors  0x20000458       0x24 contiki-srf06-cc26xx.a(sensortag-senso)
                0x20000458                sensors
 .data.sensortag_module
                0x2000047c       0x14 contiki-srf06-cc26xx.a(board.o)
 .data.ieee_overrides
                0x20000490       0x34 contiki-srf06-cc26xx.a(cc26xx-rf.o)
 .data.cc26xx_rf_lpm_module
                0x200004c4       0x14 contiki-srf06-cc26xx.a(cc26xx-rf.o)
 .data.tx_power_current
                0x200004d8        0x4 contiki-srf06-cc26xx.a(cc26xx-rf.o)
                0x200004d8                tx_power_current
 .data.cc26xx_rf_process
                0x200004dc       0x10 contiki-srf06-cc26xx.a(cc26xx-rf.o)
                0x200004dc                cc26xx_rf_process
 .data.uart_module
                0x200004ec       0x14 contiki-srf06-cc26xx.a(cc26xx-uart.o)
 .data.ctxt     0x20000500        0x8 contiki-srf06-cc26xx.a(dbg-printf.o)
 .data.ctimer_process
                0x20000508       0x10 contiki-srf06-cc26xx.a(ctimer.o)
                0x20000508                ctimer_process
 .data.etimer_process
                0x20000518       0x10 contiki-srf06-cc26xx.a(etimer.o)
                0x20000518                etimer_process
 .data.serial_line_process
                0x20000528       0x10 contiki-srf06-cc26xx.a(serial-line.o)
                0x20000528                serial_line_process
 .data.ds6_neighbors
                0x20000538        0x4 contiki-srf06-cc26xx.a(uip-ds6-nbr.o)
                0x20000538                ds6_neighbors
 .data.ds6_neighbors_struct
                0x2000053c       0x10 contiki-srf06-cc26xx.a(uip-ds6-nbr.o)
 .data.defaultroutermemb
                0x2000054c        0xc contiki-srf06-cc26xx.a(uip-ds6-route.o)
 .data.nbr_routes_struct
                0x20000558       0x10 contiki-srf06-cc26xx.a(uip-ds6-route.o)
 .data.routememb
                0x20000568        0xc contiki-srf06-cc26xx.a(uip-ds6-route.o)
 .data.neighborroutememb
                0x20000574        0xc contiki-srf06-cc26xx.a(uip-ds6-route.o)
 .data.ns_input_handler
                0x20000580        0xc contiki-srf06-cc26xx.a(uip-nd6.o)
 .data.na_input_handler
                0x2000058c        0xc contiki-srf06-cc26xx.a(uip-nd6.o)
 .data.simple_udp_process
                0x20000598       0x10 contiki-srf06-cc26xx.a(simple-udp.o)
                0x20000598                simple_udp_process
 .data.tcpip_process
                0x200005a8       0x10 contiki-srf06-cc26xx.a(tcpip.o)
                0x200005a8                tcpip_process
 .data.rpl_parents
                0x200005b8        0x4 contiki-srf06-cc26xx.a(rpl-dag.o)
                0x200005b8                rpl_parents
 .data.rpl_parents_struct
                0x200005bc       0x10 contiki-srf06-cc26xx.a(rpl-dag.o)
 .data.dao_ack_handler
                0x200005cc        0xc contiki-srf06-cc26xx.a(rpl-icmp6.o)
 .data.dis_handler
                0x200005d8        0xc contiki-srf06-cc26xx.a(rpl-icmp6.o)
 .data.dao_handler
                0x200005e4        0xc contiki-srf06-cc26xx.a(rpl-icmp6.o)
 .data.dio_handler
                0x200005f0        0xc contiki-srf06-cc26xx.a(rpl-icmp6.o)
 .data.rpl_mrhof
                0x200005fc       0x1c contiki-srf06-cc26xx.a(rpl-mrhof.o)
                0x200005fc                rpl_mrhof
 .data.neighbor_addr_mem
                0x20000618        0xc contiki-srf06-cc26xx.a(nbr-table.o)
 .data.bufmem   0x20000624        0xc contiki-srf06-cc26xx.a(queuebuf.o)
 .data.buframmem
                0x20000630        0xc contiki-srf06-cc26xx.a(queuebuf.o)
 .data.metadata_memb
                0x2000063c        0xc contiki-srf06-cc26xx.a(csma.o)
 .data.packet_memb
                0x20000648        0xc contiki-srf06-cc26xx.a(csma.o)
 .data.neighbor_memb
                0x20000654        0xc contiki-srf06-cc26xx.a(csma.o)
 .data.buzzer_module
                0x20000660       0x14 contiki-srf06-cc26xx.a(buzzer.o)
 .data.echo_request_handler
                0x20000674        0xc contiki-srf06-cc26xx.a(uip-icmp6.o)
 .data.echo_reply_handler
                0x20000680        0xc contiki-srf06-cc26xx.a(uip-icmp6.o)
 .data._impure_ptr
                0x2000068c        0x4 c:/users/yan/contiki/toolchain/tools/gcc-arm-none-eabi/bin/../lib/gcc/arm-none-eabi/5.4.1/../../../../arm-none-eabi/lib/armv7-m\libc.a(lib_a-impure.o)
                0x2000068c                _impure_ptr
 .data.interface
                0x20000690        0x1 contiki-srf06-cc26xx.a(board-i2c.o)
 .data.dao_sequence
                0x20000691        0x1 contiki-srf06-cc26xx.a(rpl-icmp6.o)
 .data.__fdlib_version
                0x20000692        0x1 c:/users/yan/contiki/toolchain/tools/gcc-arm-none-eabi/bin/../lib/gcc/arm-none-eabi/5.4.1/../../../../arm-none-eabi/lib/armv7-m\libm.a(lib_a-s_lib_ver.o)
                0x20000692                __fdlib_version
                0x20000693                _edata = .

.igot.plt       0x20000694        0x0 load address 0x00010c03
 .igot.plt      0x20000694        0x0 obj_srf06-cc26xx/startup_gcc.o

.ARM.exidx      0x00010c04        0x8
 *(SORT(.ARM.exidx*))
 .ARM.exidx     0x00010c04        0x8 c:/users/yan/contiki/toolchain/tools/gcc-arm-none-eabi/bin/../lib/gcc/arm-none-eabi/5.4.1/armv7-m\libgcc.a(_udivmoddi4.o)

.bss            0x20000694     0x3012
                0x20000694                _bss = .
 *(SORT(.bss*))
 .bss.periodic_timer
                0x20000694       0x10 myproject_tx.co
 .bss.ipaddr.7797
                0x200006a4       0x10 myproject_tx.co
 .bss.unicast_connection
                0x200006b4       0x24 myproject_tx.co
 .bss.et.7821   0x200006d8       0x10 myproject_tx.co
 .bss.message   0x200006e8       0x28 myproject_tx.co
 .bss.events.4854
                0x20000710        0x4 contiki-srf06-cc26xx.a(sensors.o)
 .bss.i.4853    0x20000714        0x4 contiki-srf06-cc26xx.a(sensors.o)
 .bss.inited    0x20000718        0x4 contiki-srf06-cc26xx.a(leds-arch.o)
 .bss.sensor_value
                0x2000071c        0x6 contiki-srf06-cc26xx.a(bmp-280-sensor.)
 *fill*         0x20000722        0x2 
 .bss.calibration_data
                0x20000724       0x18 contiki-srf06-cc26xx.a(bmp-280-sensor.)
 .bss.startup_timer
                0x2000073c       0x20 contiki-srf06-cc26xx.a(bmp-280-sensor.)
 .bss.enabled   0x2000075c        0x4 contiki-srf06-cc26xx.a(bmp-280-sensor.)
 .bss.obj_temp_latched
                0x20000760        0x4 contiki-srf06-cc26xx.a(tmp-007-sensor.)
 .bss.startup_timer
                0x20000764       0x20 contiki-srf06-cc26xx.a(tmp-007-sensor.)
 .bss.enabled   0x20000784        0x4 contiki-srf06-cc26xx.a(tmp-007-sensor.)
 .bss.buf       0x20000788        0x4 contiki-srf06-cc26xx.a(tmp-007-sensor.)
 .bss.amb_temp_latched
                0x2000078c        0x4 contiki-srf06-cc26xx.a(tmp-007-sensor.)
 .bss.startup_timer
                0x20000790       0x20 contiki-srf06-cc26xx.a(opt-3001-sensor)
 .bss.state     0x200007b0        0x4 contiki-srf06-cc26xx.a(opt-3001-sensor)
 .bss.startup_timer
                0x200007b4       0x20 contiki-srf06-cc26xx.a(hdc-1000-sensor)
 .bss.enabled   0x200007d4        0x4 contiki-srf06-cc26xx.a(hdc-1000-sensor)
 .bss.data      0x200007d8        0x4 contiki-srf06-cc26xx.a(hdc-1000-sensor)
 .bss.sensor_value
                0x200007dc        0x6 contiki-srf06-cc26xx.a(mpu-9250-sensor)
 *fill*         0x200007e2        0x2 
 .bss.startup_timer
                0x200007e4       0x20 contiki-srf06-cc26xx.a(mpu-9250-sensor)
 .bss.state     0x20000804        0x4 contiki-srf06-cc26xx.a(mpu-9250-sensor)
 .bss.elements  0x20000808        0x4 contiki-srf06-cc26xx.a(mpu-9250-sensor)
 .bss.right_timer
                0x2000080c       0x10 contiki-srf06-cc26xx.a(button-sensor.o)
 .bss.left_timer
                0x2000081c       0x10 contiki-srf06-cc26xx.a(button-sensor.o)
 .bss.debouncetimer
                0x2000082c        0x8 contiki-srf06-cc26xx.a(reed-relay.o)
 .bss.secs      0x20000834        0x4 contiki-srf06-cc26xx.a(clock.o)
 .bss.count     0x20000838        0x4 contiki-srf06-cc26xx.a(clock.o)
 .bss.second_countdown
                0x2000083c        0x4 contiki-srf06-cc26xx.a(clock.o)
 .bss.cmd_immediate_buf
                0x20000840       0x80 contiki-srf06-cc26xx.a(cc26xx-rf.o)
 .bss.rf_stats  0x200008c0       0x10 contiki-srf06-cc26xx.a(cc26xx-rf.o)
 .bss.rx_data_queue
                0x200008d0        0x8 contiki-srf06-cc26xx.a(cc26xx-rf.o)
 .bss.rx_read_entry
                0x200008d8        0x4 contiki-srf06-cc26xx.a(cc26xx-rf.o)
 .bss.tx_buf    0x200008dc       0xb4 contiki-srf06-cc26xx.a(cc26xx-rf.o)
 .bss.cmd_ieee_rx_buf
                0x20000990       0x80 contiki-srf06-cc26xx.a(cc26xx-rf.o)
 .bss.rx_buf_0  0x20000a10       0x8c contiki-srf06-cc26xx.a(cc26xx-rf.o)
 .bss.rx_buf_1  0x20000a9c       0x8c contiki-srf06-cc26xx.a(cc26xx-rf.o)
 .bss.rx_buf_2  0x20000b28       0x8c contiki-srf06-cc26xx.a(cc26xx-rf.o)
 .bss.rx_buf_3  0x20000bb4       0x8c contiki-srf06-cc26xx.a(cc26xx-rf.o)
 .bss.input_handler
                0x20000c40        0x4 contiki-srf06-cc26xx.a(cc26xx-uart.o)
 .bss.modules_list_list