Archive member included to satisfy reference by file (symbol)

contiki-srf06-cc26xx.a(contiki-main.o)
                              obj_srf06-cc26xx/startup_gcc.o (main)
contiki-srf06-cc26xx.a(sensors.o)
                              contiki-srf06-cc26xx.a(contiki-main.o) (sensors_process)
contiki-srf06-cc26xx.a(leds.o)
                              contiki-srf06-cc26xx.a(contiki-main.o) (leds_init)
contiki-srf06-cc26xx.a(leds-arch.o)
                              contiki-srf06-cc26xx.a(leds.o) (leds_arch_init)
contiki-srf06-cc26xx.a(sensortag-senso)
                              contiki-srf06-cc26xx.a(sensors.o) (sensors_flags)
contiki-srf06-cc26xx.a(bmp-280-sensor.)
                              contiki-srf06-cc26xx.a(sensortag-senso) (bmp_280_sensor)
contiki-srf06-cc26xx.a(tmp-007-sensor.)
                              contiki-srf06-cc26xx.a(sensortag-senso) (tmp_007_sensor)
contiki-srf06-cc26xx.a(opt-3001-sensor)
                              contiki-srf06-cc26xx.a(sensortag-senso) (opt_3001_sensor)
contiki-srf06-cc26xx.a(hdc-1000-sensor)
                              contiki-srf06-cc26xx.a(sensortag-senso) (hdc_1000_sensor)
contiki-srf06-cc26xx.a(mpu-9250-sensor)
                              contiki-srf06-cc26xx.a(sensortag-senso) (mpu_9250_sensor)
contiki-srf06-cc26xx.a(button-sensor.o)
                              contiki-srf06-cc26xx.a(sensortag-senso) (button_right_sensor)
contiki-srf06-cc26xx.a(reed-relay.o)
                              contiki-srf06-cc26xx.a(sensortag-senso) (reed_relay_sensor)
contiki-srf06-cc26xx.a(board.o)
                              contiki-srf06-cc26xx.a(contiki-main.o) (board_init)
contiki-srf06-cc26xx.a(board-i2c.o)
                              contiki-srf06-cc26xx.a(board.o) (board_i2c_wakeup)
contiki-srf06-cc26xx.a(clock.o)
                              contiki-srf06-cc26xx.a(contiki-main.o) (clock_init)
contiki-srf06-cc26xx.a(rtimer-arch.o)
                              contiki-srf06-cc26xx.a(mpu-9250-sensor) (rtimer_arch_now)
contiki-srf06-cc26xx.a(cc26xx-rtc.o)
                              contiki-srf06-cc26xx.a(contiki-main.o) (cc26xx_rtc_init)
contiki-srf06-cc26xx.a(cc26xx-rf.o)
                              contiki-srf06-cc26xx.a(contiki-main.o) (cc26xx_rf_driver)
contiki-srf06-cc26xx.a(contiki-watchdo)
                              contiki-srf06-cc26xx.a(contiki-main.o) (watchdog_init)
contiki-srf06-cc26xx.a(putchar.o)
                              myproject_rx.co (putchar)
contiki-srf06-cc26xx.a(ieee-addr.o)
                              contiki-srf06-cc26xx.a(contiki-main.o) (ieee_addr_cpy_to)
contiki-srf06-cc26xx.a(cc26xx-uart.o)
                              contiki-srf06-cc26xx.a(contiki-main.o) (cc26xx_uart_init)
contiki-srf06-cc26xx.a(lpm.o)
                              contiki-srf06-cc26xx.a(contiki-main.o) (lpm_drop)
contiki-srf06-cc26xx.a(gpio-interrupt.)
                              contiki-srf06-cc26xx.a(button-sensor.o) (gpio_interrupt_register_handler)
contiki-srf06-cc26xx.a(oscillators.o)
                              contiki-srf06-cc26xx.a(contiki-main.o) (oscillators_select_lf_xosc)
contiki-srf06-cc26xx.a(dbg-printf.o)
                              myproject_rx.co (printf)
contiki-srf06-cc26xx.a(strformat.o)
                              contiki-srf06-cc26xx.a(dbg-printf.o) (format_str_v)
contiki-srf06-cc26xx.a(autostart.o)
                              contiki-srf06-cc26xx.a(contiki-main.o) (autostart_start)
contiki-srf06-cc26xx.a(ctimer.o)
                              contiki-srf06-cc26xx.a(contiki-main.o) (ctimer_init)
contiki-srf06-cc26xx.a(energest.o)
                              contiki-srf06-cc26xx.a(contiki-main.o) (energest_init)
contiki-srf06-cc26xx.a(etimer.o)
                              contiki-srf06-cc26xx.a(clock.o) (etimer_request_poll)
contiki-srf06-cc26xx.a(process.o)
                              contiki-srf06-cc26xx.a(sensors.o) (process_alloc_event)
contiki-srf06-cc26xx.a(rtimer.o)
                              contiki-srf06-cc26xx.a(contiki-main.o) (rtimer_init)
contiki-srf06-cc26xx.a(timer.o)
                              contiki-srf06-cc26xx.a(button-sensor.o) (timer_set)
contiki-srf06-cc26xx.a(serial-line.o)
                              contiki-srf06-cc26xx.a(contiki-main.o) (serial_line_init)
contiki-srf06-cc26xx.a(list.o)
                              contiki-srf06-cc26xx.a(lpm.o) (list_init)
contiki-srf06-cc26xx.a(random.o)
                              contiki-srf06-cc26xx.a(contiki-main.o) (random_init)
contiki-srf06-cc26xx.a(ringbuf.o)
                              contiki-srf06-cc26xx.a(serial-line.o) (ringbuf_init)
contiki-srf06-cc26xx.a(sicslowpan.o)
                              contiki-srf06-cc26xx.a(contiki-main.o) (sicslowpan_driver)
contiki-srf06-cc26xx.a(uip-ds6-nbr.o)
                              contiki-srf06-cc26xx.a(sicslowpan.o) (uip_ds6_link_neighbor_callback)
contiki-srf06-cc26xx.a(uip-ds6-route.o)
                              contiki-srf06-cc26xx.a(uip-ds6-nbr.o) (uip_ds6_defrt_rm)
[...]
Memory Configuration

Name             Origin             Length             Attributes
FLASH            0x00000000         0x0001ffa8         xr
FLASH_CCFG       0x0001ffa8         0x00000058         xr
SRAM             0x20000000         0x00005000         xrw
*default*        0x00000000         0xffffffff

Linker script and memory map

LOAD obj_srf06-cc26xx/fault-handlers.o
LOAD obj_srf06-cc26xx/ccfg.o
LOAD obj_srf06-cc26xx/startup_gcc.o
LOAD myproject_rx.co
LOAD contiki-srf06-cc26xx.a
LOAD d:/zilant/toolchain_x86/toolchain/tools/gcc-arm-none-eabi/bin/../lib/gcc/arm-none-eabi/5.4.1/../../../../arm-none-eabi/lib/armv7-m\libm.a
START GROUP
LOAD d:/zilant/toolchain_x86/toolchain/tools/gcc-arm-none-eabi/bin/../lib/gcc/arm-none-eabi/5.4.1/armv7-m\libgcc.a
LOAD d:/zilant/toolchain_x86/toolchain/tools/gcc-arm-none-eabi/bin/../lib/gcc/arm-none-eabi/5.4.1/../../../../arm-none-eabi/lib/armv7-m\libc.a
END GROUP
                0x20005000                _estack = (ORIGIN (SRAM) + LENGTH (SRAM))
                0x00000000                _Min_Heap_Size = 0x0
                0x00000100                _Min_Stack_Size = 0x100

.text           0x00000000    0x10308
                0x00000000                _text = .
 *(SORT(.vectors))
 .vectors       0x00000000       0xc8 obj_srf06-cc26xx/startup_gcc.o
                0x00000000                gVectors
 *(SORT(.text*))
 .text.value    0x000000c8       0xb0 contiki-srf06-cc26xx.a(opt-3001-sensor)
 .text.value    0x00000178       0x9c contiki-srf06-cc26xx.a(hdc-1000-sensor)
 *fill*         0x00000214        0x4 00000000
 .text.value    0x00000218      0x19c contiki-srf06-cc26xx.a(mpu-9250-sensor)
 *fill*         0x000003b4        0x4 00000000
 .text.__ieee754_pow
                0x000003b8      0xac4 d:/zilant/toolchain_x86/toolchain/tools/gcc-arm-none-eabi/bin/../lib/gcc/arm-none-eabi/5.4.1/../../../../arm-none-eabi/lib/armv7-m\libm.a(lib_a-e_pow.o)
                0x000003b8                __ieee754_pow
 *fill*         0x00000e7c        0x4 00000000
 .text.scalbn   0x00000e80       0xe4 d:/zilant/toolchain_x86/toolchain/tools/gcc-arm-none-eabi/bin/../lib/gcc/arm-none-eabi/5.4.1/../../../../arm-none-eabi/lib/armv7-m\libm.a(lib_a-s_scalbn.o)
                0x00000e80                scalbn
 .text.FaultISR
                0x00000f64       0x18 obj_srf06-cc26xx/fault-handlers.o
                0x00000f64                FaultISR
 .text.NmiSRHandler
                0x00000f7c        0x4 obj_srf06-cc26xx/startup_gcc.o
                0x00000f7c                NmiSR
 .text.IntDefaultHandler
                0x00000f80        0x4 obj_srf06-cc26xx/startup_gcc.o
                0x00000f80                TRNGIntHandler
                0x00000f80                SSI0IntHandler
                0x00000f80                SWEvent0IntHandler
                0x00000f80                uDMAIntHandler
                0x00000f80                WatchdogIntHandler
                0x00000f80                RFCHardwareIntHandler
                0x00000f80                Timer1BIntHandler
                0x00000f80                I2SIntHandler
                0x00000f80                Timer2BIntHandler
                0x00000f80                Timer2AIntHandler
                0x00000f80                Timer1AIntHandler
                0x00000f80                AONIntHandler
                0x00000f80                AUXSWEvent0IntHandler
                0x00000f80                AUXADCIntHandler
                0x00000f80                PendSVIntHandler
                0x00000f80                AUXSWEvent1IntHandler
                0x00000f80                SVCallIntHandler
                0x00000f80                MPUFaultIntHandler
                0x00000f80                SysTickIntHandler
                0x00000f80                BusFaultIntHandler
                0x00000f80                AONProgIntHandler
                0x00000f80                AUXCompAIntHandler
                0x00000f80                SSI1IntHandler
                0x00000f80                FlashIntHandler
                0x00000f80                uDMAErrIntHandler
                0x00000f80                UsageFaultIntHandler
                0x00000f80                RFCCmdAckIntHandler
                0x00000f80                CryptoIntHandler
                0x00000f80                Timer0AIntHandler
                0x00000f80                I2CIntHandler
                0x00000f80                DebugMonIntHandler
                0x00000f80                Timer0BIntHandler
                0x00000f80                AUXCombEventIntHandler
                0x00000f80                Timer3AIntHandler
                0x00000f80                DynProgIntHandler
                0x00000f80                Timer3BIntHandler
 .text.ResetISR
                0x00000f84       0x5c obj_srf06-cc26xx/startup_gcc.o
                0x00000f84                ResetISR
 .text.process_thread_unicast_receiver_process
                0x00000fe0       0xe4 myproject_rx.co
 .text.receiver
                0x000010c4      0x120 myproject_rx.co
 .text.fade     0x000011e4       0x64 contiki-srf06-cc26xx.a(contiki-main.o)
 .text.startup.main
                0x00001248      0x1e8 contiki-srf06-cc26xx.a(contiki-main.o)
                0x00001248                main
 .text.process_thread_sensors_process
                0x00001430       0xf8 contiki-srf06-cc26xx.a(sensors.o)
 .text.sensors_changed
                0x00001528       0x4c contiki-srf06-cc26xx.a(sensors.o)
                0x00001528                sensors_changed
 .text.leds_init
                0x00001574       0x14 contiki-srf06-cc26xx.a(leds.o)
                0x00001574                leds_init
 .text.leds_on  0x00001588       0x14 contiki-srf06-cc26xx.a(leds.o)
                0x00001588                leds_on
 .text.leds_off
                0x0000159c       0x14 contiki-srf06-cc26xx.a(leds.o)
                0x0000159c                leds_off
 .text.leds_arch_init
                0x000015b0       0x38 contiki-srf06-cc26xx.a(leds-arch.o)
                0x000015b0                leds_arch_init
 .text.leds_arch_set
                0x000015e8       0x34 contiki-srf06-cc26xx.a(leds-arch.o)
                0x000015e8                leds_arch_set
 .text.status   0x0000161c       0x14 contiki-srf06-cc26xx.a(bmp-280-sensor.)
 .text.notify_ready
                0x00001630       0x14 contiki-srf06-cc26xx.a(bmp-280-sensor.)
 .text.enable_sensor
                0x00001644       0x2c contiki-srf06-cc26xx.a(bmp-280-sensor.)
 .text.configure
                0x00001670       0x94 contiki-srf06-cc26xx.a(bmp-280-sensor.)
 .text.value    0x00001704      0x178 contiki-srf06-cc26xx.a(bmp-280-sensor.)
 .text.status   0x0000187c       0x14 contiki-srf06-cc26xx.a(tmp-007-sensor.)
 .text.notify_ready
                0x00001890       0x14 contiki-srf06-cc26xx.a(tmp-007-sensor.)
 .text.enable_sensor
                0x000018a4       0x2c contiki-srf06-cc26xx.a(tmp-007-sensor.)
 .text.configure
                0x000018d0       0x94 contiki-srf06-cc26xx.a(tmp-007-sensor.)
 .text.value    0x00001964       0xf0 contiki-srf06-cc26xx.a(tmp-007-sensor.)
 .text.status   0x00001a54        0xc contiki-srf06-cc26xx.a(opt-3001-sensor)
 .text.enable_sensor
                0x00001a60       0x44 contiki-srf06-cc26xx.a(opt-3001-sensor)
 .text.notify_ready
                0x00001aa4       0x54 contiki-srf06-cc26xx.a(opt-3001-sensor)
 .text.configure
                0x00001af8       0x4c contiki-srf06-cc26xx.a(opt-3001-sensor)
 .text.status   0x00001b44       0x14 contiki-srf06-cc26xx.a(hdc-1000-sensor)
 .text.notify_ready
                0x00001b58       0x68 contiki-srf06-cc26xx.a(hdc-1000-sensor)
 .text.configure
                0x00001bc0       0xb8 contiki-srf06-cc26xx.a(hdc-1000-sensor)
 .text.acc_convert
                0x00001c78       0x70 contiki-srf06-cc26xx.a(mpu-9250-sensor)
 .text.status   0x00001ce8       0x14 contiki-srf06-cc26xx.a(mpu-9250-sensor)
 .text.notify_ready
                0x00001cfc       0x14 contiki-srf06-cc26xx.a(mpu-9250-sensor)
 .text.sensor_sleep
                0x00001d10       0x38 contiki-srf06-cc26xx.a(mpu-9250-sensor)
 .text.configure
                0x00001d48       0xdc contiki-srf06-cc26xx.a(mpu-9250-sensor)
 .text.int_status
                0x00001e24       0x28 contiki-srf06-cc26xx.a(mpu-9250-sensor)
 .text.initialise
                0x00001e4c      0x100 contiki-srf06-cc26xx.a(mpu-9250-sensor)
 .text.status.part.0
                0x00001f4c       0x14 contiki-srf06-cc26xx.a(button-sensor.o)
 .text.value_left
                0x00001f60       0x24 contiki-srf06-cc26xx.a(button-sensor.o)
 .text.value_right
                0x00001f84       0x24 contiki-srf06-cc26xx.a(button-sensor.o)
 .text.status_left
                0x00001fa8       0x10 contiki-srf06-cc26xx.a(button-sensor.o)
 .text.status_right
                0x00001fb8       0x10 contiki-srf06-cc26xx.a(button-sensor.o)
 .text.config_buttons
                0x00001fc8       0x8c contiki-srf06-cc26xx.a(button-sensor.o)
 .text.config_left
                0x00002054        0xc contiki-srf06-cc26xx.a(button-sensor.o)
 .text.config_right
                0x00002060        0xc contiki-srf06-cc26xx.a(button-sensor.o)
 .text.button_press_handler
                0x0000206c       0x98 contiki-srf06-cc26xx.a(button-sensor.o)
 .text.value    0x00002104       0x10 contiki-srf06-cc26xx.a(reed-relay.o)
 .text.status   0x00002114       0x20 contiki-srf06-cc26xx.a(reed-relay.o)
 .text.configure
                0x00002134       0x6c contiki-srf06-cc26xx.a(reed-relay.o)
 .text.reed_interrupt_handler
                0x000021a0       0x28 contiki-srf06-cc26xx.a(reed-relay.o)
 .text.power_domains_on
                0x000021c8       0x20 contiki-srf06-cc26xx.a(board.o)
 .text.lpm_wakeup_handler
                0x000021e8        0x4 contiki-srf06-cc26xx.a(board.o)
 .text.shutdown_handler
                0x000021ec       0x68 contiki-srf06-cc26xx.a(board.o)
 .text.board_init
                0x00002254      0x118 contiki-srf06-cc26xx.a(board.o)
                0x00002254                board_init
 .text.i2c_status
                0x0000236c       0x34 contiki-srf06-cc26xx.a(board-i2c.o)
 .text.accessible
                0x000023a0       0x24 contiki-srf06-cc26xx.a(board-i2c.o)
 .text.board_i2c_wakeup
                0x000023c4       0x6c contiki-srf06-cc26xx.a(board-i2c.o)
                0x000023c4                board_i2c_wakeup
 .text.board_i2c_shutdown
                0x00002430       0xac contiki-srf06-cc26xx.a(board-i2c.o)
                0x00002430                board_i2c_shutdown
 .text.board_i2c_write
                0x000024dc       0xc0 contiki-srf06-cc26xx.a(board-i2c.o)
                0x000024dc                board_i2c_write
 .text.board_i2c_write_single
                0x0000259c       0x44 contiki-srf06-cc26xx.a(board-i2c.o)
                0x0000259c                board_i2c_write_single
 .text.board_i2c_read
                0x000025e0       0xb4 contiki-srf06-cc26xx.a(board-i2c.o)
                0x000025e0                board_i2c_read
 .text.board_i2c_write_read
                0x00002694      0x138 contiki-srf06-cc26xx.a(board-i2c.o)
                0x00002694                board_i2c_write_read
 .text.board_i2c_select
                0x000027cc       0xe0 contiki-srf06-cc26xx.a(board-i2c.o)
                0x000027cc                board_i2c_select
 .text.power_domain_on
                0x000028ac       0x20 contiki-srf06-cc26xx.a(clock.o)
 .text.clock_init
                0x000028cc       0x9c contiki-srf06-cc26xx.a(clock.o)
                0x000028cc                clock_init
 .text.clock_time
                0x00002968        0xc contiki-srf06-cc26xx.a(clock.o)
                0x00002968                clock_time
 .text.clock_update
                0x00002974       0x3c contiki-srf06-cc26xx.a(clock.o)
                0x00002974                clock_update
 .text.clock_seconds
                0x000029b0        0xc contiki-srf06-cc26xx.a(clock.o)
                0x000029b0                clock_seconds
 .text.rtimer_arch_init
                0x000029bc        0x4 contiki-srf06-cc26xx.a(rtimer-arch.o)
                0x000029bc                rtimer_arch_init
 .text.rtimer_arch_schedule
                0x000029c0        0x4 contiki-srf06-cc26xx.a(rtimer-arch.o)
                0x000029c0                rtimer_arch_schedule
 .text.rtimer_arch_now
                0x000029c4        0x4 contiki-srf06-cc26xx.a(rtimer-arch.o)
                0x000029c4                rtimer_arch_now
 .text.cc26xx_rtc_init
                0x000029c8       0xa0 contiki-srf06-cc26xx.a(cc26xx-rtc.o)
                0x000029c8                cc26xx_rtc_init
 .text.cc26xx_rtc_get_next_trigger
                0x00002a68       0x34 contiki-srf06-cc26xx.a(cc26xx-rtc.o)
                0x00002a68                cc26xx_rtc_get_next_trigger
 .text.cc26xx_rtc_schedule_one_shot
                0x00002a9c       0x20 contiki-srf06-cc26xx.a(cc26xx-rtc.o)
                0x00002a9c                cc26xx_rtc_schedule_one_shot
 .text.AONRTCIntHandler
                0x00002abc       0x40 contiki-srf06-cc26xx.a(cc26xx-rtc.o)
                0x00002abc                AONRTCIntHandler
 .text.prepare  0x00002afc       0x1c contiki-srf06-cc26xx.a(cc26xx-rf.o)
 .text.read_frame
                0x00002b18       0x5c contiki-srf06-cc26xx.a(cc26xx-rf.o)
 .text.process_thread_cc26xx_rf_process
                0x00002b74       0x48 contiki-srf06-cc26xx.a(cc26xx-rf.o)
 .text.pending_packet
                0x00002bbc       0x34 contiki-srf06-cc26xx.a(cc26xx-rf.o)
 .text.rf_is_accessible.part.0
                0x00002bf0       0x1c contiki-srf06-cc26xx.a(cc26xx-rf.o)
 .text.rf_is_on
                0x00002c0c       0x30 contiki-srf06-cc26xx.a(cc26xx-rf.o)
 .text.request  0x00002c3c       0x10 contiki-srf06-cc26xx.a(cc26xx-rf.o)
 .text.rf_send_cmd
                0x00002c4c       0x68 contiki-srf06-cc26xx.a(cc26xx-rf.o)
 .text.rf_cmd_ieee_rx
                0x00002cb4       0x44 contiki-srf06-cc26xx.a(cc26xx-rf.o)
 .text.power_up
                0x00002cf8       0xc8 contiki-srf06-cc26xx.a(cc26xx-rf.o)
 .text.get_object
                0x00002dc0       0x30 contiki-srf06-cc26xx.a(cc26xx-rf.o)
 .text.transmitting
                0x00002df0       0x50 contiki-srf06-cc26xx.a(cc26xx-rf.o)
 .text.off      0x00002e40       0xe4 contiki-srf06-cc26xx.a(cc26xx-rf.o)
 .text.rx_off   0x00002f24       0x58 contiki-srf06-cc26xx.a(cc26xx-rf.o)
 .text.get_cca_info.part.4
                0x00002f7c       0x40 contiki-srf06-cc26xx.a(cc26xx-rf.o)
 .text.on       0x00002fbc      0x164 contiki-srf06-cc26xx.a(cc26xx-rf.o)
 .text.set_object
                0x00003120       0x6c contiki-srf06-cc26xx.a(cc26xx-rf.o)
 .text.set_value
                0x0000318c      0x138 contiki-srf06-cc26xx.a(cc26xx-rf.o)
 .text.get_value
                0x000032c4      0x108 contiki-srf06-cc26xx.a(cc26xx-rf.o)
 .text.receiving_packet
                0x000033cc       0x58 contiki-srf06-cc26xx.a(cc26xx-rf.o)
 .text.channel_clear
                0x00003424       0x64 contiki-srf06-cc26xx.a(cc26xx-rf.o)
 .text.transmit
                0x00003488       0xc4 contiki-srf06-cc26xx.a(cc26xx-rf.o)
 .text.send     0x0000354c       0x24 contiki-srf06-cc26xx.a(cc26xx-rf.o)
 .text.init     0x00003570       0xcc contiki-srf06-cc26xx.a(cc26xx-rf.o)
 .text.RFCCPE1IntHandler
                0x0000363c       0x38 contiki-srf06-cc26xx.a(cc26xx-rf.o)
                0x0000363c                RFCCPE1IntHandler
 .text.RFCCPE0IntHandler
                0x00003674       0x54 contiki-srf06-cc26xx.a(cc26xx-rf.o)
                0x00003674                RFCCPE0IntHandler
 .text.watchdog_init
                0x000036c8       0x10 contiki-srf06-cc26xx.a(contiki-watchdo)
                0x000036c8                watchdog_init
 .text.watchdog_start
                0x000036d8       0x10 contiki-srf06-cc26xx.a(contiki-watchdo)
                0x000036d8                watchdog_start
 .text.watchdog_periodic
                0x000036e8        0xc contiki-srf06-cc26xx.a(contiki-watchdo)
                0x000036e8                watchdog_periodic
 .text.putchar  0x000036f4       0x10 contiki-srf06-cc26xx.a(putchar.o)
                0x000036f4                putchar
 .text.puts     0x00003704       0x30 contiki-srf06-cc26xx.a(putchar.o)
                0x00003704                puts
 .text.dbg_send_bytes
                0x00003734       0x40 contiki-srf06-cc26xx.a(putchar.o)
                0x00003734                dbg_send_bytes
 .text.ieee_addr_cpy_to
                0x00003774       0x40 contiki-srf06-cc26xx.a(ieee-addr.o)
                0x00003774                ieee_addr_cpy_to
 .text.power_and_clock
                0x000037b4       0x40 contiki-srf06-cc26xx.a(cc26xx-uart.o)
 .text.enable   0x000037f4       0xf4 contiki-srf06-cc26xx.a(cc26xx-uart.o)
 .text.accessible
                0x000038e8       0x24 contiki-srf06-cc26xx.a(cc26xx-uart.o)
 .text.lpm_drop_handler
                0x0000390c       0xcc contiki-srf06-cc26xx.a(cc26xx-uart.o)
 .text.cc26xx_uart_init
                0x000039d8       0x28 contiki-srf06-cc26xx.a(cc26xx-uart.o)
                0x000039d8                cc26xx_uart_init
 .text.cc26xx_uart_write_byte
                0x00003a00       0x28 contiki-srf06-cc26xx.a(cc26xx-uart.o)
                0x00003a00                cc26xx_uart_write_byte
 .text.cc26xx_uart_busy
                0x00003a28       0x18 contiki-srf06-cc26xx.a(cc26xx-uart.o)
                0x00003a28                cc26xx_uart_busy
 .text.UART0IntHandler
                0x00003a40       0x54 contiki-srf06-cc26xx.a(cc26xx-uart.o)
                0x00003a40                UART0IntHandler
 .text.lpm_drop
                0x00003a94      0x1d8 contiki-srf06-cc26xx.a(lpm.o)
                0x00003a94                lpm_drop
 .text.lpm_sleep
                0x00003c6c       0x14 contiki-srf06-cc26xx.a(lpm.o)
                0x00003c6c                lpm_sleep
 .text.lpm_register_module
                0x00003c80        0xc contiki-srf06-cc26xx.a(lpm.o)
                0x00003c80                lpm_register_module
 .text.lpm_unregister_module
                0x00003c8c        0xc contiki-srf06-cc26xx.a(lpm.o)
                0x00003c8c                lpm_unregister_module
 .text.lpm_init
                0x00003c98        0xc contiki-srf06-cc26xx.a(lpm.o)
                0x00003c98                lpm_init
 .text.lpm_pin_set_default_state
                0x00003ca4       0x30 contiki-srf06-cc26xx.a(lpm.o)
                0x00003ca4                lpm_pin_set_default_state
 .text.gpio_interrupt_register_handler
                0x00003cd4       0x2c contiki-srf06-cc26xx.a(gpio-interrupt.)
                0x00003cd4                gpio_interrupt_register_handler
 .text.gpio_interrupt_init
                0x00003d00       0x24 contiki-srf06-cc26xx.a(gpio-interrupt.)
                0x00003d00                gpio_interrupt_init
 .text.GPIOIntHandler
                0x00003d24       0x30 contiki-srf06-cc26xx.a(gpio-interrupt.)
                0x00003d24                GPIOIntHandler
 .text.osc_interface_dis
                0x00003d54       0x30 contiki-srf06-cc26xx.a(oscillators.o)
 .text.osc_interface_en
                0x00003d84       0x30 contiki-srf06-cc26xx.a(oscillators.o)
 .text.oscillators_select_lf_xosc
                0x00003db4       0x48 contiki-srf06-cc26xx.a(oscillators.o)
                0x00003db4                oscillators_select_lf_xosc
 .text.oscillators_request_hf_xosc
                0x00003dfc       0x24 contiki-srf06-cc26xx.a(oscillators.o)
                0x00003dfc                oscillators_request_hf_xosc
 .text.oscillators_switch_to_hf_xosc
                0x00003e20       0x28 contiki-srf06-cc26xx.a(oscillators.o)
                0x00003e20                oscillators_switch_to_hf_xosc
 .text.oscillators_switch_to_hf_rc
                0x00003e48       0x2c contiki-srf06-cc26xx.a(oscillators.o)
                0x00003e48                oscillators_switch_to_hf_rc
 .text.write_str
                0x00003e74       0x14 contiki-srf06-cc26xx.a(dbg-printf.o)
 .text.printf   0x00003e88       0x24 contiki-srf06-cc26xx.a(dbg-printf.o)
                0x00003e88                printf
 .text.fill_space
                0x00003eac       0x3c contiki-srf06-cc26xx.a(strformat.o)
 .text.format_str_v
                0x00003ee8      0x95c contiki-srf06-cc26xx.a(strformat.o)
                0x00003ee8                format_str_v
 .text.autostart_start
                0x00004844       0x18 contiki-srf06-cc26xx.a(autostart.o)
                0x00004844                autostart_start
 .text.process_thread_ctimer_process
                0x0000485c       0x94 contiki-srf06-cc26xx.a(ctimer.o)
 .text.ctimer_init
                0x000048f0       0x28 contiki-srf06-cc26xx.a(ctimer.o)
                0x000048f0                ctimer_init
 .text.ctimer_set
                0x00004918       0x4c contiki-srf06-cc26xx.a(ctimer.o)
                0x00004918                ctimer_set
 .text.ctimer_reset
                0x00004964       0x38 contiki-srf06-cc26xx.a(ctimer.o)
                0x00004964                ctimer_reset
 .text.ctimer_stop
                0x0000499c       0x34 contiki-srf06-cc26xx.a(ctimer.o)
                0x0000499c                ctimer_stop
 .text.energest_init
                0x000049d0        0x4 contiki-srf06-cc26xx.a(energest.o)
                0x000049d0                energest_init
 .text.update_time
                0x000049d4       0x44 contiki-srf06-cc26xx.a(etimer.o)
 .text.process_thread_etimer_process
                0x00004a18       0xc8 contiki-srf06-cc26xx.a(etimer.o)
 .text.add_timer
                0x00004ae0       0x54 contiki-srf06-cc26xx.a(etimer.o)
 .text.etimer_request_poll
                0x00004b34        0xc contiki-srf06-cc26xx.a(etimer.o)
                0x00004b34                etimer_request_poll
 .text.etimer_set
                0x00004b40       0x14 contiki-srf06-cc26xx.a(etimer.o)
                0x00004b40                etimer_set
 .text.etimer_reset
                0x00004b54       0x14 contiki-srf06-cc26xx.a(etimer.o)
                0x00004b54                etimer_reset
 .text.etimer_restart
                0x00004b68       0x14 contiki-srf06-cc26xx.a(etimer.o)
                0x00004b68                etimer_restart
 .text.etimer_expired
                0x00004b7c        0xc contiki-srf06-cc26xx.a(etimer.o)
                0x00004b7c                etimer_expired
 .text.etimer_expiration_time
                0x00004b88        0x8 contiki-srf06-cc26xx.a(etimer.o)
                0x00004b88                etimer_expiration_time
 .text.etimer_pending
                0x00004b90       0x10 contiki-srf06-cc26xx.a(etimer.o)
                0x00004b90                etimer_pending
 .text.etimer_stop
                0x00004ba0       0x44 contiki-srf06-cc26xx.a(etimer.o)
                0x00004ba0                etimer_stop
 .text.exit_process
                0x00004be4       0xb0 contiki-srf06-cc26xx.a(process.o)
 .text.call_process.part.0
                0x00004c94       0x38 contiki-srf06-cc26xx.a(process.o)
 .text.do_poll  0x00004ccc       0x3c contiki-srf06-cc26xx.a(process.o)
 .text.process_alloc_event
                0x00004d08       0x10 contiki-srf06-cc26xx.a(process.o)
                0x00004d08                process_alloc_event
 .text.process_start
                0x00004d18       0x48 contiki-srf06-cc26xx.a(process.o)
                0x00004d18                process_start
 .text.process_init
                0x00004d60       0x34 contiki-srf06-cc26xx.a(process.o)
                0x00004d60                process_init
 .text.process_run
                0x00004d94       0xd0 contiki-srf06-cc26xx.a(process.o)
                0x00004d94                process_run
 .text.process_nevents
                0x00004e64       0x14 contiki-srf06-cc26xx.a(process.o)
                0x00004e64                process_nevents
 .text.process_post
                0x00004e78       0x40 contiki-srf06-cc26xx.a(process.o)
                0x00004e78                process_post
 .text.process_post_synch
                0x00004eb8       0x18 contiki-srf06-cc26xx.a(process.o)
                0x00004eb8                process_post_synch
 .text.process_poll
                0x00004ed0       0x18 contiki-srf06-cc26xx.a(process.o)
                0x00004ed0                process_poll
 .text.rtimer_init
                0x00004ee8        0x4 contiki-srf06-cc26xx.a(rtimer.o)
                0x00004ee8                rtimer_init
 .text.rtimer_set
                0x00004eec       0x2c contiki-srf06-cc26xx.a(rtimer.o)
                0x00004eec                rtimer_set
 .text.rtimer_run_next
                0x00004f18       0x28 contiki-srf06-cc26xx.a(rtimer.o)
                0x00004f18                rtimer_run_next
 .text.timer_set
                0x00004f40       0x10 contiki-srf06-cc26xx.a(timer.o)
                0x00004f40                timer_set
 .text.timer_reset
                0x00004f50        0xc contiki-srf06-cc26xx.a(timer.o)
                0x00004f50                timer_reset
 .text.timer_restart
                0x00004f5c        0xc contiki-srf06-cc26xx.a(timer.o)
                0x00004f5c                timer_restart
 .text.timer_expired
                0x00004f68       0x1c contiki-srf06-cc26xx.a(timer.o)
                0x00004f68                timer_expired
 .text.process_thread_serial_line_process
                0x00004f84       0xa8 contiki-srf06-cc26xx.a(serial-line.o)
 .text.serial_line_init
                0x0000502c       0x24 contiki-srf06-cc26xx.a(serial-line.o)
                0x0000502c                serial_line_init
 .text.list_init
                0x00005050        0x8 contiki-srf06-cc26xx.a(list.o)
                0x00005050                list_init
 .text.list_head
                0x00005058        0x4 contiki-srf06-cc26xx.a(list.o)
                0x00005058                list_head
 .text.list_tail
                0x0000505c       0x14 contiki-srf06-cc26xx.a(list.o)
                0x0000505c                list_tail
 .text.list_add
                0x00005070       0x5c contiki-srf06-cc26xx.a(list.o)
                0x00005070                list_add
 .text.list_push
                0x000050cc       0x48 contiki-srf06-cc26xx.a(list.o)
                0x000050cc                list_push
 .text.list_remove
                0x00005114       0x38 contiki-srf06-cc26xx.a(list.o)
                0x00005114                list_remove
 .text.list_length
                0x0000514c       0x14 contiki-srf06-cc26xx.a(list.o)
                0x0000514c                list_length
 .text.list_item_next
                0x00005160        0x8 contiki-srf06-cc26xx.a(list.o)
                0x00005160                list_item_next
 .text.random_init
                0x00005168        0x4 contiki-srf06-cc26xx.a(random.o)
                0x00005168                random_init
 .text.random_rand
                0x0000516c        0xc contiki-srf06-cc26xx.a(random.o)
                0x0000516c                random_rand
 .text.ringbuf_init
                0x00005178       0x10 contiki-srf06-cc26xx.a(ringbuf.o)
                0x00005178                ringbuf_init
 .text.ringbuf_get
                0x00005188       0x24 contiki-srf06-cc26xx.a(ringbuf.o)
                0x00005188                ringbuf_get
 .text.sicslowpan_init
                0x000051ac       0x24 contiki-srf06-cc26xx.a(sicslowpan.o)
                0x000051ac                sicslowpan_init
 .text.set_packet_attrs
                0x000051d0       0x50 contiki-srf06-cc26xx.a(sicslowpan.o)
 .text.compress_addr_64
                0x00005220       0x9c contiki-srf06-cc26xx.a(sicslowpan.o)
 .text.addr_context_lookup_by_prefix
                0x000052bc       0x28 contiki-srf06-cc26xx.a(sicslowpan.o)
 .text.send_packet
                0x000052e4       0x24 contiki-srf06-cc26xx.a(sicslowpan.o)
 .text.packet_sent
                0x00005308       0x28 contiki-srf06-cc26xx.a(sicslowpan.o)
 .text.uncompress_addr
                0x00005330       0xb8 contiki-srf06-cc26xx.a(sicslowpan.o)
 .text.input    0x000053e8      0x6fc contiki-srf06-cc26xx.a(sicslowpan.o)
 .text.output   0x00005ae4      0x740 contiki-srf06-cc26xx.a(sicslowpan.o)
 .text.uip_ds6_nbr_rm
                0x00006224       0x20 contiki-srf06-cc26xx.a(uip-ds6-nbr.o)
                0x00006224                uip_ds6_nbr_rm
 .text.uip_ds6_neighbors_init
                0x00006244       0x14 contiki-srf06-cc26xx.a(uip-ds6-nbr.o)
                0x00006244                uip_ds6_neighbors_init
 .text.uip_ds6_nbr_add
                0x00006258       0x54 contiki-srf06-cc26xx.a(uip-ds6-nbr.o)
                0x00006258                uip_ds6_nbr_add
 .text.uip_ds6_nbr_get_ll
                0x000062ac       0x10 contiki-srf06-cc26xx.a(uip-ds6-nbr.o)
                0x000062ac                uip_ds6_nbr_get_ll
 .text.uip_ds6_nbr_lookup
                0x000062bc       0x3c contiki-srf06-cc26xx.a(uip-ds6-nbr.o)
                0x000062bc                uip_ds6_nbr_lookup
 .text.uip_ds6_nbr_ipaddr_from_lladdr
                0x000062f8       0x10 contiki-srf06-cc26xx.a(uip-ds6-nbr.o)
                0x000062f8                uip_ds6_nbr_ipaddr_from_lladdr
 .text.uip_ds6_nbr_lladdr_from_ipaddr
                0x00006308       0x1c contiki-srf06-cc26xx.a(uip-ds6-nbr.o)
                0x00006308                uip_ds6_nbr_lladdr_from_ipaddr
 .text.uip_ds6_link_neighbor_callback
                0x00006324       0x2c contiki-srf06-cc26xx.a(uip-ds6-nbr.o)
                0x00006324                uip_ds6_link_neighbor_callback
 .text.uip_ds6_neighbor_periodic
                0x00006350      0x12c contiki-srf06-cc26xx.a(uip-ds6-nbr.o)
                0x00006350                uip_ds6_neighbor_periodic
 .text.call_route_callback
                0x0000647c       0x50 contiki-srf06-cc26xx.a(uip-ds6-route.o)
 .text.uip_ds6_route_init
                0x000064cc       0x48 contiki-srf06-cc26xx.a(uip-ds6-route.o)
                0x000064cc                uip_ds6_route_init
 .text.uip_ds6_route_nexthop
                0x00006514       0x1c contiki-srf06-cc26xx.a(uip-ds6-route.o)
                0x00006514                uip_ds6_route_nexthop
 .text.uip_ds6_route_head
                0x00006530        0xc contiki-srf06-cc26xx.a(uip-ds6-route.o)
                0x00006530                uip_ds6_route_head
 .text.uip_ds6_route_next
                0x0000653c        0x8 contiki-srf06-cc26xx.a(uip-ds6-route.o)
                0x0000653c                uip_ds6_route_next
 .text.uip_ds6_route_lookup
                0x00006544       0x78 contiki-srf06-cc26xx.a(uip-ds6-route.o)
                0x00006544                uip_ds6_route_lookup
 .text.uip_ds6_route_rm
                0x000065bc       0xa8 contiki-srf06-cc26xx.a(uip-ds6-route.o)
                0x000065bc                uip_ds6_route_rm
 .text.rm_routelist
                0x00006664       0x34 contiki-srf06-cc26xx.a(uip-ds6-route.o)
 .text.rm_routelist_callback
                0x00006698        0x4 contiki-srf06-cc26xx.a(uip-ds6-route.o)
 .text.uip_ds6_route_add
                0x0000669c      0x104 contiki-srf06-cc26xx.a(uip-ds6-route.o)
                0x0000669c                uip_ds6_route_add
 .text.uip_ds6_defrt_rm
                0x000067a0       0x48 contiki-srf06-cc26xx.a(uip-ds6-route.o)
                0x000067a0                uip_ds6_defrt_rm
 .text.uip_ds6_defrt_lookup
                0x000067e8       0x34 contiki-srf06-cc26xx.a(uip-ds6-route.o)
                0x000067e8                uip_ds6_defrt_lookup
 .text.uip_ds6_defrt_add
                0x0000681c       0x5c contiki-srf06-cc26xx.a(uip-ds6-route.o)
                0x0000681c                uip_ds6_defrt_add
 .text.uip_ds6_defrt_choose
                0x00006878       0x34 contiki-srf06-cc26xx.a(uip-ds6-route.o)
                0x00006878                uip_ds6_defrt_choose
 .text.uip_ds6_defrt_periodic
                0x000068ac       0x40 contiki-srf06-cc26xx.a(uip-ds6-route.o)
                0x000068ac                uip_ds6_defrt_periodic
 .text.uip_ds6_list_loop
                0x000068ec       0x5c contiki-srf06-cc26xx.a(uip-ds6.o)
                0x000068ec                uip_ds6_list_loop
 .text.uip_ds6_prefix_add
                0x00006948       0x6c contiki-srf06-cc26xx.a(uip-ds6.o)
                0x00006948                uip_ds6_prefix_add
 .text.uip_ds6_is_addr_onlink
                0x000069b4       0x40 contiki-srf06-cc26xx.a(uip-ds6.o)
                0x000069b4                uip_ds6_is_addr_onlink
 .text.uip_ds6_addr_lookup
                0x000069f4       0x30 contiki-srf06-cc26xx.a(uip-ds6.o)
                0x000069f4                uip_ds6_addr_lookup
 .text.uip_ds6_get_link_local
                0x00006a24       0x50 contiki-srf06-cc26xx.a(uip-ds6.o)
                0x00006a24                uip_ds6_get_link_local
 .text.uip_ds6_maddr_add
                0x00006a74       0x50 contiki-srf06-cc26xx.a(uip-ds6.o)
                0x00006a74                uip_ds6_maddr_add
 .text.uip_ds6_addr_add
                0x00006ac4       0xa8 contiki-srf06-cc26xx.a(uip-ds6.o)
                0x00006ac4                uip_ds6_addr_add
 .text.uip_ds6_maddr_lookup
                0x00006b6c       0x30 contiki-srf06-cc26xx.a(uip-ds6.o)
                0x00006b6c                uip_ds6_maddr_lookup
 .text.uip_ds6_addr_rm
                0x00006b9c       0x48 contiki-srf06-cc26xx.a(uip-ds6.o)
                0x00006b9c                uip_ds6_addr_rm
 .text.uip_ds6_periodic
                0x00006be4       0x60 contiki-srf06-cc26xx.a(uip-ds6.o)
                0x00006be4                uip_ds6_periodic
 .text.uip_ds6_select_src
                0x00006c44      0x118 contiki-srf06-cc26xx.a(uip-ds6.o)
                0x00006c44                uip_ds6_select_src
 .text.uip_ds6_set_addr_iid
                0x00006d5c       0x14 contiki-srf06-cc26xx.a(uip-ds6.o)
                0x00006d5c                uip_ds6_set_addr_iid
 .text.uip_ds6_compute_reachable_time
                0x00006d70       0x2c contiki-srf06-cc26xx.a(uip-ds6.o)
                0x00006d70                uip_ds6_compute_reachable_time
 .text.uip_ds6_init
                0x00006d9c       0xf8 contiki-srf06-cc26xx.a(uip-ds6.o)
                0x00006d9c                uip_ds6_init
 .text.na_input
                0x00006e94      0x1fc contiki-srf06-cc26xx.a(uip-nd6.o)
 .text.ns_input
                0x00007090      0x280 contiki-srf06-cc26xx.a(uip-nd6.o)
 .text.uip_nd6_ns_output
                0x00007310      0x15c contiki-srf06-cc26xx.a(uip-nd6.o)
                0x00007310                uip_nd6_ns_output
 .text.uip_nd6_init
                0x0000746c       0x1c contiki-srf06-cc26xx.a(uip-nd6.o)
                0x0000746c                uip_nd6_init
 .text.chksum   0x00007488       0x50 contiki-srf06-cc26xx.a(uip6.o)
 .text.upper_layer_chksum
                0x000074d8       0x58 contiki-srf06-cc26xx.a(uip6.o)
 .text.ext_hdr_options_process
                0x00007530       0xd0 contiki-srf06-cc26xx.a(uip6.o)
 .text.uip_add32
                0x00007600       0x58 contiki-srf06-cc26xx.a(uip6.o)
                0x00007600                uip_add32
 .text.unlikely.uip_add_rcv_nxt
                0x00007658       0x2c contiki-srf06-cc26xx.a(uip6.o)
 .text.uip_icmp6chksum
                0x00007684        0x8 contiki-srf06-cc26xx.a(uip6.o)
                0x00007684                uip_icmp6chksum
 .text.uip_init
                0x0000768c       0x64 contiki-srf06-cc26xx.a(uip6.o)
                0x0000768c                uip_init
 .text.remove_ext_hdr
                0x000076f0       0x54 contiki-srf06-cc26xx.a(uip6.o)
                0x000076f0                remove_ext_hdr
 .text.uip_udp_new
                0x00007744       0xe4 contiki-srf06-cc26xx.a(uip6.o)
                0x00007744                uip_udp_new
 .text.uip_unlisten
                0x00007828       0x58 contiki-srf06-cc26xx.a(uip6.o)
                0x00007828                uip_unlisten
 .text.uip_process
                0x00007880     0x1180 contiki-srf06-cc26xx.a(uip6.o)
                0x00007880                uip_process
 .text.uip_htonl
                0x00008a00       0x14 contiki-srf06-cc26xx.a(uip6.o)
                0x00008a00                uip_htonl
 .text.process_thread_simple_udp_process
                0x00008a14       0xb0 contiki-srf06-cc26xx.a(simple-udp.o)
 .text.simple_udp_register
                0x00008ac4       0x78 contiki-srf06-cc26xx.a(simple-udp.o)
                0x00008ac4                simple_udp_register
 .text.start_periodic_tcp_timer
                0x00008b3c       0x1c contiki-srf06-cc26xx.a(tcpip.o)
 .text.tcpip_set_outputfunc
                0x00008b58        0xc contiki-srf06-cc26xx.a(tcpip.o)
                0x00008b58                tcpip_set_outputfunc
 .text.udp_new  0x00008b64       0x18 contiki-srf06-cc26xx.a(tcpip.o)
                0x00008b64                udp_new
 .text.tcpip_icmp6_call
                0x00008b7c       0x28 contiki-srf06-cc26xx.a(tcpip.o)
                0x00008b7c                tcpip_icmp6_call
 .text.tcpip_input
                0x00008ba4       0x24 contiki-srf06-cc26xx.a(tcpip.o)
                0x00008ba4                tcpip_input
 .text.tcpip_ipv6_output
                0x00008bc8      0x140 contiki-srf06-cc26xx.a(tcpip.o)
                0x00008bc8                tcpip_ipv6_output
 .text.process_thread_tcpip_process
                0x00008d08      0x200 contiki-srf06-cc26xx.a(tcpip.o)
 .text.tcpip_uipcall
                0x00008f08       0xa4 contiki-srf06-cc26xx.a(tcpip.o)
                0x00008f08                tcpip_uipcall
 .text.uip_debug_ipaddr_print
                0x00008fac       0x6c contiki-srf06-cc26xx.a(uip-debug.o)
                0x00008fac                uip_debug_ipaddr_print
 .text.rpl_set_preferred_parent
                0x00009018       0x2c contiki-srf06-cc26xx.a(rpl-dag.o)
 .text.set_ip_from_prefix
                0x00009044       0x24 contiki-srf06-cc26xx.a(rpl-dag.o)
 .text.check_prefix
                0x00009068       0x78 contiki-srf06-cc26xx.a(rpl-dag.o)
 .text.find_parent_any_dag_any_instance
                0x000090e0       0x1c contiki-srf06-cc26xx.a(rpl-dag.o)
 .text.lollipop_greater_than
                0x000090fc       0x3c contiki-srf06-cc26xx.a(rpl-dag.o)
 .text.rpl_get_nbr
                0x00009138       0x28 contiki-srf06-cc26xx.a(rpl-dag.o)
                0x00009138                rpl_get_nbr
 .text.rpl_dag_init
                0x00009160       0x14 contiki-srf06-cc26xx.a(rpl-dag.o)
                0x00009160                rpl_dag_init
 .text.rpl_get_parent
                0x00009174       0x10 contiki-srf06-cc26xx.a(rpl-dag.o)
                0x00009174                rpl_get_parent
 .text.rpl_get_parent_ipaddr
                0x00009184       0x18 contiki-srf06-cc26xx.a(rpl-dag.o)
                0x00009184                rpl_get_parent_ipaddr
 .text.rpl_repair_root
                0x0000919c       0x60 contiki-srf06-cc26xx.a(rpl-dag.o)
                0x0000919c                rpl_repair_root
 .text.rpl_set_prefix
                0x000091fc       0x94 contiki-srf06-cc26xx.a(rpl-dag.o)
                0x000091fc                rpl_set_prefix
 .text.rpl_set_default_route
                0x00009290       0x3c contiki-srf06-cc26xx.a(rpl-dag.o)
                0x00009290                rpl_set_default_route
 .text.rpl_alloc_instance
                0x000092cc       0x34 contiki-srf06-cc26xx.a(rpl-dag.o)
                0x000092cc                rpl_alloc_instance
 .text.rpl_alloc_dag
                0x00009300       0x5c contiki-srf06-cc26xx.a(rpl-dag.o)
                0x00009300                rpl_alloc_dag
 .text.rpl_add_parent
                0x0000935c       0x44 contiki-srf06-cc26xx.a(rpl-dag.o)
                0x0000935c                rpl_add_parent
 .text.rpl_find_parent
                0x000093a0       0x18 contiki-srf06-cc26xx.a(rpl-dag.o)
                0x000093a0                rpl_find_parent
 .text.rpl_find_parent_any_dag
                0x000093b8       0x20 contiki-srf06-cc26xx.a(rpl-dag.o)
                0x000093b8                rpl_find_parent_any_dag
 .text.rpl_select_parent
                0x000093d8       0x84 contiki-srf06-cc26xx.a(rpl-dag.o)
                0x000093d8                rpl_select_parent
 .text.rpl_select_dag
                0x0000945c      0x174 contiki-srf06-cc26xx.a(rpl-dag.o)
                0x0000945c                rpl_select_dag
 .text.rpl_nullify_parent
                0x000095d0       0x4c contiki-srf06-cc26xx.a(rpl-dag.o)
                0x000095d0                rpl_nullify_parent
 .text.rpl_remove_parent
                0x0000961c       0x1c contiki-srf06-cc26xx.a(rpl-dag.o)
                0x0000961c                rpl_remove_parent
 .text.nbr_callback
                0x00009638        0x4 contiki-srf06-cc26xx.a(rpl-dag.o)
 .text.remove_parents.constprop.6
                0x0000963c       0x48 contiki-srf06-cc26xx.a(rpl-dag.o)
 .text.rpl_free_dag
                0x00009684       0x38 contiki-srf06-cc26xx.a(rpl-dag.o)
                0x00009684                rpl_free_dag
 .text.rpl_set_root
                0x000096bc      0x11c contiki-srf06-cc26xx.a(rpl-dag.o)
                0x000096bc                rpl_set_root
 .text.rpl_move_parent
                0x000097d8       0x4c contiki-srf06-cc26xx.a(rpl-dag.o)
                0x000097d8                rpl_move_parent
 .text.rpl_get_any_dag
                0x00009824       0x18 contiki-srf06-cc26xx.a(rpl-dag.o)
                0x00009824                rpl_get_any_dag
 .text.rpl_get_instance
                0x0000983c       0x20 contiki-srf06-cc26xx.a(rpl-dag.o)
                0x0000983c                rpl_get_instance
 .text.rpl_join_instance
                0x0000985c      0x144 contiki-srf06-cc26xx.a(rpl-dag.o)
                0x0000985c                rpl_join_instance
 .text.rpl_local_repair
                0x000099a0       0x68 contiki-srf06-cc26xx.a(rpl-dag.o)
                0x000099a0                rpl_local_repair
 .text.rpl_process_parent_event
                0x00009a08       0x60 contiki-srf06-cc26xx.a(rpl-dag.o)
                0x00009a08                rpl_process_parent_event
 .text.rpl_add_dag
                0x00009a68      0x130 contiki-srf06-cc26xx.a(rpl-dag.o)
                0x00009a68                rpl_add_dag
 .text.rpl_recalculate_ranks
                0x00009b98       0x50 contiki-srf06-cc26xx.a(rpl-dag.o)
                0x00009b98                rpl_recalculate_ranks
 .text.rpl_process_dio
                0x00009be8      0x2e4 contiki-srf06-cc26xx.a(rpl-dag.o)
                0x00009be8                rpl_process_dio
 .text.rpl_lock_parent
                0x00009ecc       0x10 contiki-srf06-cc26xx.a(rpl-dag.o)
                0x00009ecc                rpl_lock_parent
 .text.rpl_verify_header
                0x00009edc       0xa8 contiki-srf06-cc26xx.a(rpl-ext-header.)
                0x00009edc                rpl_verify_header
 .text.rpl_update_header_empty
                0x00009f84      0x138 contiki-srf06-cc26xx.a(rpl-ext-header.)
                0x00009f84                rpl_update_header_empty
 .text.rpl_update_header_final
                0x0000a0bc       0x8c contiki-srf06-cc26xx.a(rpl-ext-header.)
                0x0000a0bc                rpl_update_header_final
 .text.rpl_invert_header
                0x0000a148       0x68 contiki-srf06-cc26xx.a(rpl-ext-header.)
                0x0000a148                rpl_invert_header
 .text.rpl_insert_header
                0x0000a1b0       0x1c contiki-srf06-cc26xx.a(rpl-ext-header.)
                0x0000a1b0                rpl_insert_header
 .text.dao_ack_input
                0x0000a1cc        0xc contiki-srf06-cc26xx.a(rpl-icmp6.o)
 .text.dio_input
                0x0000a1d8      0x2dc contiki-srf06-cc26xx.a(rpl-icmp6.o)
 .text.dis_output
                0x0000a4b4       0x58 contiki-srf06-cc26xx.a(rpl-icmp6.o)
                0x0000a4b4                dis_output
 .text.dio_output
                0x0000a50c      0x2a4 contiki-srf06-cc26xx.a(rpl-icmp6.o)
                0x0000a50c                dio_output
 .text.dis_input
                0x0000a7b0       0x3c contiki-srf06-cc26xx.a(rpl-icmp6.o)
 .text.dao_output_target
                0x0000a7ec       0xf4 contiki-srf06-cc26xx.a(rpl-icmp6.o)
                0x0000a7ec                dao_output_target
 .text.dao_output
                0x0000a8e0       0x5c contiki-srf06-cc26xx.a(rpl-icmp6.o)
                0x0000a8e0                dao_output
 .text.dao_ack_output
                0x0000a93c       0x30 contiki-srf06-cc26xx.a(rpl-icmp6.o)
                0x0000a93c                dao_ack_output
 .text.dao_input
                0x0000a96c      0x250 contiki-srf06-cc26xx.a(rpl-icmp6.o)
 .text.rpl_icmp6_register_handlers
                0x0000abbc       0x30 contiki-srf06-cc26xx.a(rpl-icmp6.o)
                0x0000abbc                rpl_icmp6_register_handlers
 .text.reset    0x0000abec        0x4 contiki-srf06-cc26xx.a(rpl-mrhof.o)
 .text.update_metric_container
                0x0000abf0        0x8 contiki-srf06-cc26xx.a(rpl-mrhof.o)
 .text.calculate_rank
                0x0000abf8       0x44 contiki-srf06-cc26xx.a(rpl-mrhof.o)
 .text.neighbor_link_callback
                0x0000ac3c       0x50 contiki-srf06-cc26xx.a(rpl-mrhof.o)
 .text.best_dag
                0x0000ac8c       0x2c contiki-srf06-cc26xx.a(rpl-mrhof.o)
 .text.best_parent
                0x0000acb8       0x60 contiki-srf06-cc26xx.a(rpl-mrhof.o)
 .text.new_dio_interval
                0x0000ad18       0x60 contiki-srf06-cc26xx.a(rpl-timers.o)
 .text.handle_periodic_timer
                0x0000ad78       0x38 contiki-srf06-cc26xx.a(rpl-timers.o)
 .text.set_dao_lifetime_timer
                0x0000adb0       0x3c contiki-srf06-cc26xx.a(rpl-timers.o)
 .text.handle_dio_timer
                0x0000adec       0x8c contiki-srf06-cc26xx.a(rpl-timers.o)
 .text.schedule_dao
                0x0000ae78       0x54 contiki-srf06-cc26xx.a(rpl-timers.o)
 .text.handle_dao_timer
                0x0000aecc       0x5c contiki-srf06-cc26xx.a(rpl-timers.o)
 .text.rpl_reset_periodic_timer
                0x0000af28       0x3c contiki-srf06-cc26xx.a(rpl-timers.o)
                0x0000af28                rpl_reset_periodic_timer
 .text.rpl_reset_dio_timer
                0x0000af64       0x1c contiki-srf06-cc26xx.a(rpl-timers.o)
                0x0000af64                rpl_reset_dio_timer
 .text.rpl_schedule_dao
                0x0000af80        0x8 contiki-srf06-cc26xx.a(rpl-timers.o)
                0x0000af80                rpl_schedule_dao
 .text.rpl_schedule_probing
                0x0000af88       0x38 contiki-srf06-cc26xx.a(rpl-timers.o)
                0x0000af88                rpl_schedule_probing
 .text.handle_probing_timer
                0x0000afc0       0xe4 contiki-srf06-cc26xx.a(rpl-timers.o)
 .text.rpl_get_mode
                0x0000b0a4        0xc contiki-srf06-cc26xx.a(rpl.o)
                0x0000b0a4                rpl_get_mode
 .text.rpl_purge_routes
                0x0000b0b0       0x7c contiki-srf06-cc26xx.a(rpl.o)
                0x0000b0b0                rpl_purge_routes
 .text.rpl_remove_routes
                0x0000b12c       0x24 contiki-srf06-cc26xx.a(rpl.o)
                0x0000b12c                rpl_remove_routes
 .text.rpl_remove_routes_by_nexthop
                0x0000b150       0x44 contiki-srf06-cc26xx.a(rpl.o)
                0x0000b150                rpl_remove_routes_by_nexthop
 .text.rpl_add_route
                0x0000b194       0x2c contiki-srf06-cc26xx.a(rpl.o)
                0x0000b194                rpl_add_route
 .text.rpl_link_neighbor_callback
                0x0000b1c0       0x74 contiki-srf06-cc26xx.a(rpl.o)
                0x0000b1c0                rpl_link_neighbor_callback
 .text.rpl_ipv6_neighbor_callback
                0x0000b234       0x30 contiki-srf06-cc26xx.a(rpl.o)
                0x0000b234                rpl_ipv6_neighbor_callback
 .text.rpl_init
                0x0000b264       0x58 contiki-srf06-cc26xx.a(rpl.o)
                0x0000b264                rpl_init
 .text.NOROM_AONRTCCurrentCompareValueGet
                0x0000b2bc       0x24 contiki-srf06-cc26xx.a(aon_rtc.o)
                0x0000b2bc                NOROM_AONRTCCurrentCompareValueGet
 .text.NOROM_CPUcpsid
                0x0000b2e0        0x8 contiki-srf06-cc26xx.a(cpu.o)
                0x0000b2e0                NOROM_CPUcpsid
 .text.NOROM_CPUcpsie
                0x0000b2e8        0x8 contiki-srf06-cc26xx.a(cpu.o)
                0x0000b2e8                NOROM_CPUcpsie
 .text.NOROM_CPUdelay
                0x0000b2f0        0x8 contiki-srf06-cc26xx.a(cpu.o)
                0x0000b2f0                NOROM_CPUdelay
 .text.NOROM_DDI16BitfieldWrite
                0x0000b2f8       0x4c contiki-srf06-cc26xx.a(ddi.o)
                0x0000b2f8                NOROM_DDI16BitfieldWrite
 .text.NOROM_DDI16BitfieldRead
                0x0000b344       0x4c contiki-srf06-cc26xx.a(ddi.o)
                0x0000b344                NOROM_DDI16BitfieldRead
 .text.NOROM_OSCClockSourceSet
                0x0000b390       0x50 contiki-srf06-cc26xx.a(osc.o)
                0x0000b390                NOROM_OSCClockSourceSet
 .text.NOROM_OSCClockSourceGet
                0x0000b3e0       0x20 contiki-srf06-cc26xx.a(osc.o)
                0x0000b3e0                NOROM_OSCClockSourceGet
 .text.NOROM_OSCInterfaceEnable
                0x0000b400       0x38 contiki-srf06-cc26xx.a(osc.o)
                0x0000b400                NOROM_OSCInterfaceEnable
 .text.NOROM_PowerCtrlSourceSet
                0x0000b438       0x34 contiki-srf06-cc26xx.a(pwr_ctrl.o)
                0x0000b438                NOROM_PowerCtrlSourceSet
 .text.HapiTrimDeviceShutDown
                0x0000b46c      0x570 contiki-srf06-cc26xx.a(setup.o)
 .text.trimDevice
                0x0000b9dc       0xa0 contiki-srf06-cc26xx.a(setup.o)
                0x0000b9dc                trimDevice
 .text.SysCtrlSetRechargeBeforePowerDown
                0x0000ba7c      0x1dc contiki-srf06-cc26xx.a(sys_ctrl.o)
                0x0000ba7c                SysCtrlSetRechargeBeforePowerDown
 .text.SysCtrlAdjustRechargeAfterPowerDown
                0x0000bc58       0x70 contiki-srf06-cc26xx.a(sys_ctrl.o)
                0x0000bc58                SysCtrlAdjustRechargeAfterPowerDown
 .text.SysCtrl_DCDC_VoltageConditionalControl
                0x0000bcc8       0x78 contiki-srf06-cc26xx.a(sys_ctrl.o)
                0x0000bcc8                SysCtrl_DCDC_VoltageConditionalControl
 .text.linkaddr_copy
                0x0000bd40        0xc contiki-srf06-cc26xx.a(linkaddr.o)
                0x0000bd40                linkaddr_copy
 .text.linkaddr_cmp
                0x0000bd4c       0x10 contiki-srf06-cc26xx.a(linkaddr.o)
                0x0000bd4c                linkaddr_cmp
 .text.index_from_lladdr
                0x0000bd5c       0x50 contiki-srf06-cc26xx.a(nbr-table.o)
 .text.nbr_table_register
                0x0000bdac       0x2c contiki-srf06-cc26xx.a(nbr-table.o)
                0x0000bdac                nbr_table_register
 .text.nbr_table_next
                0x0000bdd8       0x7c contiki-srf06-cc26xx.a(nbr-table.o)
                0x0000bdd8                nbr_table_next
 .text.nbr_table_head
                0x0000be54       0x70 contiki-srf06-cc26xx.a(nbr-table.o)
                0x0000be54                nbr_table_head
 .text.nbr_table_add_lladdr
                0x0000bec4      0x1b4 contiki-srf06-cc26xx.a(nbr-table.o)
                0x0000bec4                nbr_table_add_lladdr
 .text.nbr_table_get_from_lladdr
                0x0000c078       0x44 contiki-srf06-cc26xx.a(nbr-table.o)
                0x0000c078                nbr_table_get_from_lladdr
 .text.nbr_table_remove
                0x0000c0bc       0x5c contiki-srf06-cc26xx.a(nbr-table.o)
                0x0000c0bc                nbr_table_remove
 .text.nbr_table_lock
                0x0000c118       0x34 contiki-srf06-cc26xx.a(nbr-table.o)
                0x0000c118                nbr_table_lock
 .text.nbr_table_unlock
                0x0000c14c       0x38 contiki-srf06-cc26xx.a(nbr-table.o)
                0x0000c14c                nbr_table_unlock
 .text.nbr_table_get_lladdr
                0x0000c184       0x30 contiki-srf06-cc26xx.a(nbr-table.o)
                0x0000c184                nbr_table_get_lladdr
 .text.netstack_init
                0x0000c1b4       0x30 contiki-srf06-cc26xx.a(netstack.o)
                0x0000c1b4                netstack_init
 .text.packetbuf_compact
                0x0000c1e4       0x34 contiki-srf06-cc26xx.a(packetbuf.o)
                0x0000c1e4                packetbuf_compact
 .text.packetbuf_copyto
                0x0000c218       0x50 contiki-srf06-cc26xx.a(packetbuf.o)
                0x0000c218                packetbuf_copyto
 .text.packetbuf_hdralloc
                0x0000c268       0x44 contiki-srf06-cc26xx.a(packetbuf.o)
                0x0000c268                packetbuf_hdralloc
 .text.packetbuf_hdrreduce
                0x0000c2ac       0x2c contiki-srf06-cc26xx.a(packetbuf.o)
                0x0000c2ac                packetbuf_hdrreduce
 .text.packetbuf_set_datalen
                0x0000c2d8        0xc contiki-srf06-cc26xx.a(packetbuf.o)
                0x0000c2d8                packetbuf_set_datalen
 .text.packetbuf_dataptr
                0x0000c2e4       0x14 contiki-srf06-cc26xx.a(packetbuf.o)
                0x0000c2e4                packetbuf_dataptr
 .text.packetbuf_hdrptr
                0x0000c2f8       0x14 contiki-srf06-cc26xx.a(packetbuf.o)
                0x0000c2f8                packetbuf_hdrptr
 .text.packetbuf_datalen
                0x0000c30c        0xc contiki-srf06-cc26xx.a(packetbuf.o)
                0x0000c30c                packetbuf_datalen
 .text.packetbuf_totlen
                0x0000c318       0x28 contiki-srf06-cc26xx.a(packetbuf.o)
                0x0000c318                packetbuf_totlen
 .text.packetbuf_attr_clear
                0x0000c340       0x38 contiki-srf06-cc26xx.a(packetbuf.o)
                0x0000c340                packetbuf_attr_clear
 .text.packetbuf_clear
                0x0000c378       0x34 contiki-srf06-cc26xx.a(packetbuf.o)
                0x0000c378                packetbuf_clear
 .text.packetbuf_copyfrom
                0x0000c3ac       0x4c contiki-srf06-cc26xx.a(packetbuf.o)
                0x0000c3ac                packetbuf_copyfrom
 .text.packetbuf_attr_copyto
                0x0000c3f8       0x44 contiki-srf06-cc26xx.a(packetbuf.o)
                0x0000c3f8                packetbuf_attr_copyto
 .text.packetbuf_attr_copyfrom
                0x0000c43c       0x44 contiki-srf06-cc26xx.a(packetbuf.o)
                0x0000c43c                packetbuf_attr_copyfrom
 .text.packetbuf_set_attr
                0x0000c480       0x10 contiki-srf06-cc26xx.a(packetbuf.o)
                0x0000c480                packetbuf_set_attr
 .text.packetbuf_attr
                0x0000c490        0xc contiki-srf06-cc26xx.a(packetbuf.o)
                0x0000c490                packetbuf_attr
 .text.packetbuf_set_addr
                0x0000c49c       0x18 contiki-srf06-cc26xx.a(packetbuf.o)
                0x0000c49c                packetbuf_set_addr
 .text.packetbuf_addr
                0x0000c4b4       0x10 contiki-srf06-cc26xx.a(packetbuf.o)
                0x0000c4b4                packetbuf_addr
 .text.packetbuf_holds_broadcast
                0x0000c4c4       0x10 contiki-srf06-cc26xx.a(packetbuf.o)
                0x0000c4c4                packetbuf_holds_broadcast
 .text.queuebuf_init
                0x0000c4d4       0x1c contiki-srf06-cc26xx.a(queuebuf.o)
                0x0000c4d4                queuebuf_init
 .text.queuebuf_numfree
                0x0000c4f0        0xc contiki-srf06-cc26xx.a(queuebuf.o)
                0x0000c4f0                queuebuf_numfree
 .text.queuebuf_new_from_packetbuf
                0x0000c4fc       0x48 contiki-srf06-cc26xx.a(queuebuf.o)
                0x0000c4fc                queuebuf_new_from_packetbuf
 .text.queuebuf_update_attr_from_packetbuf
                0x0000c544        0xc contiki-srf06-cc26xx.a(queuebuf.o)
                0x0000c544                queuebuf_update_attr_from_packetbuf
 .text.queuebuf_update_from_packetbuf
                0x0000c550       0x1c contiki-srf06-cc26xx.a(queuebuf.o)
                0x0000c550                queuebuf_update_from_packetbuf
 .text.queuebuf_free
                0x0000c56c       0x2c contiki-srf06-cc26xx.a(queuebuf.o)
                0x0000c56c                queuebuf_free
 .text.queuebuf_to_packetbuf
                0x0000c598       0x30 contiki-srf06-cc26xx.a(queuebuf.o)
                0x0000c598                queuebuf_to_packetbuf
 .text.queuebuf_attr
                0x0000c5c8        0xc contiki-srf06-cc26xx.a(queuebuf.o)
                0x0000c5c8                queuebuf_attr
 .text.input_packet
                0x0000c5d4        0xc contiki-srf06-cc26xx.a(csma.o)
 .text.on       0x0000c5e0        0xc contiki-srf06-cc26xx.a(csma.o)
 .text.off      0x0000c5ec        0xc contiki-srf06-cc26xx.a(csma.o)
 .text.channel_check_interval
                0x0000c5f8       0x10 contiki-srf06-cc26xx.a(csma.o)
 .text.transmit_packet_list
                0x0000c608       0x34 contiki-srf06-cc26xx.a(csma.o)
 .text.send_packet
                0x0000c63c      0x164 contiki-srf06-cc26xx.a(csma.o)
 .text.init     0x0000c7a0       0x24 contiki-srf06-cc26xx.a(csma.o)
 .text.free_packet
                0x0000c7c4       0x90 contiki-srf06-cc26xx.a(csma.o)
 .text.packet_sent
                0x0000c854       0xfc contiki-srf06-cc26xx.a(csma.o)
 .text.parse    0x0000c950       0x94 contiki-srf06-cc26xx.a(framer-802154.o)
 .text.create_frame.isra.0
                0x0000c9e4      0x128 contiki-srf06-cc26xx.a(framer-802154.o)
 .text.create   0x0000cb0c        0x8 contiki-srf06-cc26xx.a(framer-802154.o)
 .text.hdr_length
                0x0000cb14        0x8 contiki-srf06-cc26xx.a(framer-802154.o)
 .text.framer_canonical_create_and_secure
                0x0000cb1c       0x30 contiki-srf06-cc26xx.a(framer.o)
                0x0000cb1c                framer_canonical_create_and_secure
 .text.mac_call_sent_callback
                0x0000cb4c       0x18 contiki-srf06-cc26xx.a(mac.o)
                0x0000cb4c                mac_call_sent_callback
 .text.duty_cycle
                0x0000cb64        0x4 contiki-srf06-cc26xx.a(contikimac.o)
 .text.init     0x0000cb68       0x40 contiki-srf06-cc26xx.a(contikimac.o)
 .text.on.part.0
                0x0000cba8       0x14 contiki-srf06-cc26xx.a(contikimac.o)
 .text.off      0x0000cbbc       0x38 contiki-srf06-cc26xx.a(contikimac.o)
 .text.recv_burst_off
                0x0000cbf4       0x14 contiki-srf06-cc26xx.a(contikimac.o)
 .text.powercycle_turn_radio_off.part.2
                0x0000cc08       0x10 contiki-srf06-cc26xx.a(contikimac.o)
 .text.turn_off
                0x0000cc18       0x44 contiki-srf06-cc26xx.a(contikimac.o)
 .text.turn_on  0x0000cc5c       0x44 contiki-srf06-cc26xx.a(contikimac.o)
 .text.schedule_powercycle_fixed.part.5
                0x0000cca0       0x34 contiki-srf06-cc26xx.a(contikimac.o)
 .text.input_packet
                0x0000ccd4       0xc4 contiki-srf06-cc26xx.a(contikimac.o)
 .text.send_packet.isra.7
                0x0000cd98      0x23c contiki-srf06-cc26xx.a(contikimac.o)
 .text.qsend_list
                0x0000cfd4       0xdc contiki-srf06-cc26xx.a(contikimac.o)
 .text.qsend_packet
                0x0000d0b0       0x24 contiki-srf06-cc26xx.a(contikimac.o)
 .text.powercycle
                0x0000d0d4      0x278 contiki-srf06-cc26xx.a(contikimac.o)
 .text.bootstrap
                0x0000d34c        0x4 contiki-srf06-cc26xx.a(nullsec.o)
 .text.on_frame_created
                0x0000d350        0x4 contiki-srf06-cc26xx.a(nullsec.o)
 .text.input    0x0000d354        0xc contiki-srf06-cc26xx.a(nullsec.o)
 .text.get_overhead
                0x0000d360        0x4 contiki-srf06-cc26xx.a(nullsec.o)
 .text.send     0x0000d364       0x20 contiki-srf06-cc26xx.a(nullsec.o)
 .text.sensor_common_read_reg
                0x0000d384       0x1c contiki-srf06-cc26xx.a(sensor-common.o)
                0x0000d384                sensor_common_read_reg
 .text.sensor_common_write_reg
                0x0000d3a0       0x38 contiki-srf06-cc26xx.a(sensor-common.o)
                0x0000d3a0                sensor_common_write_reg
 .text.sensor_common_set_error_data
                0x0000d3d8       0x10 contiki-srf06-cc26xx.a(sensor-common.o)
                0x0000d3d8                sensor_common_set_error_data
 .text.wait_ready
                0x0000d3e8       0x6c contiki-srf06-cc26xx.a(ext-flash.o)
 .text.verify_part
                0x0000d454       0x64 contiki-srf06-cc26xx.a(ext-flash.o)
 .text.power_down
                0x0000d4b8       0x44 contiki-srf06-cc26xx.a(ext-flash.o)
 .text.ext_flash_open
                0x0000d4fc       0x58 contiki-srf06-cc26xx.a(ext-flash.o)
                0x0000d4fc                ext_flash_open
 .text.ext_flash_init
                0x0000d554       0x14 contiki-srf06-cc26xx.a(ext-flash.o)
                0x0000d554                ext_flash_init
 .text.buzzer_init
                0x0000d568        0xc contiki-srf06-cc26xx.a(buzzer.o)
                0x0000d568                buzzer_init
 .text.buzzer_stop
                0x0000d574       0x74 contiki-srf06-cc26xx.a(buzzer.o)
                0x0000d574                buzzer_stop
 .text.accessible
                0x0000d5e8       0x24 contiki-srf06-cc26xx.a(board-spi.o)
 .text.board_spi_write
                0x0000d60c       0x3c contiki-srf06-cc26xx.a(board-spi.o)
                0x0000d60c                board_spi_write
 .text.board_spi_read
                0x0000d648       0x4c contiki-srf06-cc26xx.a(board-spi.o)
                0x0000d648                board_spi_read
 .text.board_spi_flush
                0x0000d694       0x24 contiki-srf06-cc26xx.a(board-spi.o)
                0x0000d694                board_spi_flush
 .text.board_spi_open
                0x0000d6b8       0xbc contiki-srf06-cc26xx.a(board-spi.o)
                0x0000d6b8                board_spi_open
 .text.board_spi_close
                0x0000d774       0x70 contiki-srf06-cc26xx.a(board-spi.o)
                0x0000d774                board_spi_close
 .text.stimer_set
                0x0000d7e4       0x10 contiki-srf06-cc26xx.a(stimer.o)
                0x0000d7e4                stimer_set
 .text.stimer_expired
                0x0000d7f4       0x20 contiki-srf06-cc26xx.a(stimer.o)
                0x0000d7f4                stimer_expired
 .text.memb_init
                0x0000d814       0x24 contiki-srf06-cc26xx.a(memb.o)
                0x0000d814                memb_init
 .text.memb_alloc
                0x0000d838       0x3c contiki-srf06-cc26xx.a(memb.o)
                0x0000d838                memb_alloc
 .text.memb_free
                0x0000d874       0x3c contiki-srf06-cc26xx.a(memb.o)
                0x0000d874                memb_free
 .text.memb_inmemb
                0x0000d8b0       0x1c contiki-srf06-cc26xx.a(memb.o)
                0x0000d8b0                memb_inmemb
 .text.memb_numfree
                0x0000d8cc       0x1c contiki-srf06-cc26xx.a(memb.o)
                0x0000d8cc                memb_numfree
 .text.echo_reply_input
                0x0000d8e8      0x114 contiki-srf06-cc26xx.a(uip-icmp6.o)
 .text.echo_request_input
                0x0000d9fc      0x108 contiki-srf06-cc26xx.a(uip-icmp6.o)
 .text.uip_icmp6_input
                0x0000db04       0x3c contiki-srf06-cc26xx.a(uip-icmp6.o)
                0x0000db04                uip_icmp6_input
 .text.uip_icmp6_register_input_handler
                0x0000db40        0xc contiki-srf06-cc26xx.a(uip-icmp6.o)
                0x0000db40                uip_icmp6_register_input_handler
 .text.uip_icmp6_error_output
                0x0000db4c      0x160 contiki-srf06-cc26xx.a(uip-icmp6.o)
                0x0000db4c                uip_icmp6_error_output
 .text.uip_icmp6_send
                0x0000dcac       0x80 contiki-srf06-cc26xx.a(uip-icmp6.o)
                0x0000dcac                uip_icmp6_send
 .text.uip_icmp6_init
                0x0000dd2c       0x24 contiki-srf06-cc26xx.a(uip-icmp6.o)
                0x0000dd2c                uip_icmp6_init
 .text.AONBatMonTemperatureGetDegC
                0x0000dd50       0x30 contiki-srf06-cc26xx.a(aon_batmon.o)
                0x0000dd50                AONBatMonTemperatureGetDegC
 .text.ChipInfo_GetHwRevision
                0x0000dd80       0x98 contiki-srf06-cc26xx.a(chipinfo.o)
                0x0000dd80                ChipInfo_GetHwRevision
 .text.ThisCodeIsBuiltForCC26xxHwRev22AndLater_HaltIfViolated
                0x0000de18       0x2c contiki-srf06-cc26xx.a(chipinfo.o)
                0x0000de18                ThisCodeIsBuiltForCC26xxHwRev22AndLater_HaltIfViolated
 .text.field_len
                0x0000de44       0x74 contiki-srf06-cc26xx.a(frame802154.o)
 .text.frame802154_hdrlen
                0x0000deb8       0x30 contiki-srf06-cc26xx.a(frame802154.o)
                0x0000deb8                frame802154_hdrlen
 .text.frame802154_create
                0x0000dee8       0xf8 contiki-srf06-cc26xx.a(frame802154.o)
                0x0000dee8                frame802154_create
 .text.frame802154_parse
                0x0000dfe0      0x130 contiki-srf06-cc26xx.a(frame802154.o)
                0x0000dfe0                frame802154_parse
 .text.mac_sequence_is_duplicate
                0x0000e110       0x3c contiki-srf06-cc26xx.a(mac-sequence.o)
                0x0000e110                mac_sequence_is_duplicate
 .text.mac_sequence_register_seqno
                0x0000e14c       0x70 contiki-srf06-cc26xx.a(mac-sequence.o)
                0x0000e14c                mac_sequence_register_seqno
 .text.exp2     0x0000e1bc       0x10 d:/zilant/toolchain_x86/toolchain/tools/gcc-arm-none-eabi/bin/../lib/gcc/arm-none-eabi/5.4.1/../../../../arm-none-eabi/lib/armv7-m\libm.a(lib_a-w_exp2.o)
                0x0000e1bc                exp2
 .text.pow      0x0000e1cc      0x330 d:/zilant/toolchain_x86/toolchain/tools/gcc-arm-none-eabi/bin/../lib/gcc/arm-none-eabi/5.4.1/../../../../arm-none-eabi/lib/armv7-m\libm.a(lib_a-w_pow.o)
                0x0000e1cc                pow
 .text.__ieee754_sqrt
                0x0000e4fc      0x188 d:/zilant/toolchain_x86/toolchain/tools/gcc-arm-none-eabi/bin/../lib/gcc/arm-none-eabi/5.4.1/../../../../arm-none-eabi/lib/armv7-m\libm.a(lib_a-e_sqrt.o)
                0x0000e4fc                __ieee754_sqrt
 .text.fabs     0x0000e684        0x8 d:/zilant/toolchain_x86/toolchain/tools/gcc-arm-none-eabi/bin/../lib/gcc/arm-none-eabi/5.4.1/../../../../arm-none-eabi/lib/armv7-m\libm.a(lib_a-s_fabs.o)
                0x0000e684                fabs
 .text.finite   0x0000e68c        0xc d:/zilant/toolchain_x86/toolchain/tools/gcc-arm-none-eabi/bin/../lib/gcc/arm-none-eabi/5.4.1/../../../../arm-none-eabi/lib/armv7-m\libm.a(lib_a-s_finite.o)
                0x0000e68c                finite
 .text.matherr  0x0000e698        0x4 d:/zilant/toolchain_x86/toolchain/tools/gcc-arm-none-eabi/bin/../lib/gcc/arm-none-eabi/5.4.1/../../../../arm-none-eabi/lib/armv7-m\libm.a(lib_a-s_matherr.o)
                0x0000e698                matherr
 .text.nan      0x0000e69c        0xc d:/zilant/toolchain_x86/toolchain/tools/gcc-arm-none-eabi/bin/../lib/gcc/arm-none-eabi/5.4.1/../../../../arm-none-eabi/lib/armv7-m\libm.a(lib_a-s_nan.o)
                0x0000e69c                nan
 .text.rint     0x0000e6a8      0x120 d:/zilant/toolchain_x86/toolchain/tools/gcc-arm-none-eabi/bin/../lib/gcc/arm-none-eabi/5.4.1/../../../../arm-none-eabi/lib/armv7-m\libm.a(lib_a-s_rint.o)
                0x0000e6a8                rint
 .text.copysign
                0x0000e7c8       0x10 d:/zilant/toolchain_x86/toolchain/tools/gcc-arm-none-eabi/bin/../lib/gcc/arm-none-eabi/5.4.1/../../../../arm-none-eabi/lib/armv7-m\libm.a(lib_a-s_copysign.o)
                0x0000e7c8                copysign
 .text          0x0000e7d8      0x370 d:/zilant/toolchain_x86/toolchain/tools/gcc-arm-none-eabi/bin/../lib/gcc/arm-none-eabi/5.4.1/armv7-m\libgcc.a(_arm_addsubdf3.o)
                0x0000e7d8                __aeabi_drsub
                0x0000e7e0                __aeabi_dsub
                0x0000e7e0                __subdf3
                0x0000e7e4                __aeabi_dadd
                0x0000e7e4                __adddf3
                0x0000ea5c                __floatunsidf
                0x0000ea5c                __aeabi_ui2d
                0x0000ea7c                __floatsidf
                0x0000ea7c                __aeabi_i2d
                0x0000eaa0                __aeabi_f2d
                0x0000eaa0                __extendsfdf2
                0x0000eadc                __floatundidf
                0x0000eadc                __aeabi_ul2d
                0x0000eaec                __floatdidf
                0x0000eaec                __aeabi_l2d
 .text          0x0000eb48      0x424 d:/zilant/toolchain_x86/toolchain/tools/gcc-arm-none-eabi/bin/../lib/gcc/arm-none-eabi/5.4.1/armv7-m\libgcc.a(_arm_muldivdf3.o)
                0x0000eb48                __aeabi_dmul
                0x0000eb48                __muldf3
                0x0000ed9c                __divdf3
                0x0000ed9c                __aeabi_ddiv
 .text          0x0000ef6c      0x110 d:/zilant/toolchain_x86/toolchain/tools/gcc-arm-none-eabi/bin/../lib/gcc/arm-none-eabi/5.4.1/armv7-m\libgcc.a(_arm_cmpdf2.o)
                0x0000ef6c                __gtdf2
                0x0000ef6c                __gedf2
                0x0000ef74                __ltdf2
                0x0000ef74                __ledf2
                0x0000ef7c                __nedf2
                0x0000ef7c                __eqdf2
                0x0000ef7c                __cmpdf2
                0x0000eff8                __aeabi_cdrcmple
                0x0000f008                __aeabi_cdcmpeq
                0x0000f008                __aeabi_cdcmple
                0x0000f018                __aeabi_dcmpeq
                0x0000f02c                __aeabi_dcmplt
                0x0000f040                __aeabi_dcmple
                0x0000f054                __aeabi_dcmpge
                0x0000f068                __aeabi_dcmpgt
 .text          0x0000f07c       0x2c d:/zilant/toolchain_x86/toolchain/tools/gcc-arm-none-eabi/bin/../lib/gcc/arm-none-eabi/5.4.1/armv7-m\libgcc.a(_arm_unorddf2.o)
                0x0000f07c                __unorddf2
                0x0000f07c                __aeabi_dcmpun
 .text          0x0000f0a8       0xa0 d:/zilant/toolchain_x86/toolchain/tools/gcc-arm-none-eabi/bin/../lib/gcc/arm-none-eabi/5.4.1/armv7-m\libgcc.a(_arm_truncdfsf2.o)
                0x0000f0a8                __truncdfsf2
                0x0000f0a8                __aeabi_d2f
 .text          0x0000f148      0x21c d:/zilant/toolchain_x86/toolchain/tools/gcc-arm-none-eabi/bin/../lib/gcc/arm-none-eabi/5.4.1/armv7-m\libgcc.a(_arm_addsubsf3.o)
                0x0000f148                __aeabi_frsub
                0x0000f150                __subsf3
                0x0000f150                __aeabi_fsub
                0x0000f154                __aeabi_fadd
                0x0000f154                __addsf3
                0x0000f2b4                __aeabi_ui2f
                0x0000f2b4                __floatunsisf
                0x0000f2bc                __aeabi_i2f
                0x0000f2bc                __floatsisf
                0x0000f2d8                __aeabi_ul2f
                0x0000f2d8                __floatundisf
                0x0000f2e8                __aeabi_l2f
                0x0000f2e8                __floatdisf
 .text          0x0000f364      0x2a0 d:/zilant/toolchain_x86/toolchain/tools/gcc-arm-none-eabi/bin/../lib/gcc/arm-none-eabi/5.4.1/armv7-m\libgcc.a(_arm_muldivsf3.o)
                0x0000f364                __mulsf3
                0x0000f364                __aeabi_fmul
                0x0000f4cc                __aeabi_fdiv
                0x0000f4cc                __divsf3
 .text          0x0000f604       0xec d:/zilant/toolchain_x86/toolchain/tools/gcc-arm-none-eabi/bin/../lib/gcc/arm-none-eabi/5.4.1/armv7-m\libgcc.a(_arm_cmpsf2.o)
                0x0000f604                __gesf2
                0x0000f604                __gtsf2
                0x0000f60c                __lesf2
                0x0000f60c                __ltsf2
                0x0000f614                __nesf2
                0x0000f614                __eqsf2
                0x0000f614                __cmpsf2
                0x0000f674                __aeabi_cfrcmple
                0x0000f67c                __aeabi_cfcmpeq
                0x0000f67c                __aeabi_cfcmple
                0x0000f68c                __aeabi_fcmpeq
                0x0000f6a0                __aeabi_fcmplt
                0x0000f6b4                __aeabi_fcmple
                0x0000f6c8                __aeabi_fcmpge
                0x0000f6dc                __aeabi_fcmpgt
 .text          0x0000f6f0       0x4c d:/zilant/toolchain_x86/toolchain/tools/gcc-arm-none-eabi/bin/../lib/gcc/arm-none-eabi/5.4.1/armv7-m\libgcc.a(_arm_fixsfsi.o)
                0x0000f6f0                __aeabi_f2iz
                0x0000f6f0                __fixsfsi
 .text          0x0000f73c       0x40 d:/zilant/toolchain_x86/toolchain/tools/gcc-arm-none-eabi/bin/../lib/gcc/arm-none-eabi/5.4.1/armv7-m\libgcc.a(_arm_fixunssfsi.o)
                0x0000f73c                __fixunssfsi
                0x0000f73c                __aeabi_f2uiz
 .text          0x0000f77c       0x30 d:/zilant/toolchain_x86/toolchain/tools/gcc-arm-none-eabi/bin/../lib/gcc/arm-none-eabi/5.4.1/armv7-m\libgcc.a(_aeabi_uldivmod.o)
                0x0000f77c                __aeabi_uldivmod
 .text          0x0000f7ac      0x2ec d:/zilant/toolchain_x86/toolchain/tools/gcc-arm-none-eabi/bin/../lib/gcc/arm-none-eabi/5.4.1/armv7-m\libgcc.a(_udivmoddi4.o)
                0x0000f7ac                __udivmoddi4
 .text          0x0000fa98        0x4 d:/zilant/toolchain_x86/toolchain/tools/gcc-arm-none-eabi/bin/../lib/gcc/arm-none-eabi/5.4.1/armv7-m\libgcc.a(_dvmd_tls.o)
                0x0000fa98                __aeabi_idiv0
                0x0000fa98                __aeabi_ldiv0
 .text.__errno  0x0000fa9c        0xc d:/zilant/toolchain_x86/toolchain/tools/gcc-arm-none-eabi/bin/../lib/gcc/arm-none-eabi/5.4.1/../../../../arm-none-eabi/lib/armv7-m\libc.a(lib_a-errno.o)
                0x0000fa9c                __errno
 .text.memcmp   0x0000faa8       0x64 d:/zilant/toolchain_x86/toolchain/tools/gcc-arm-none-eabi/bin/../lib/gcc/arm-none-eabi/5.4.1/../../../../arm-none-eabi/lib/armv7-m\libc.a(lib_a-memcmp.o)
                0x0000faa8                memcmp
 .text          0x0000fb0c       0xec d:/zilant/toolchain_x86/toolchain/tools/gcc-arm-none-eabi/bin/../lib/gcc/arm-none-eabi/5.4.1/../../../../arm-none-eabi/lib/armv7-m\libc.a(lib_a-memcpy.o)
                0x0000fb0c                memcpy
 .text.memmove  0x0000fbf8       0xc8 d:/zilant/toolchain_x86/toolchain/tools/gcc-arm-none-eabi/bin/../lib/gcc/arm-none-eabi/5.4.1/../../../../arm-none-eabi/lib/armv7-m\libc.a(lib_a-memmove.o)
                0x0000fbf8                memmove
 .text.memset   0x0000fcc0       0x9c d:/zilant/toolchain_x86/toolchain/tools/gcc-arm-none-eabi/bin/../lib/gcc/arm-none-eabi/5.4.1/../../../../arm-none-eabi/lib/armv7-m\libc.a(lib_a-memset.o)
                0x0000fcc0                memset
 .text.srand    0x0000fd5c       0x14 d:/zilant/toolchain_x86/toolchain/tools/gcc-arm-none-eabi/bin/../lib/gcc/arm-none-eabi/5.4.1/../../../../arm-none-eabi/lib/armv7-m\libc.a(lib_a-rand.o)
                0x0000fd5c                srand
 .text.rand     0x0000fd70       0x40 d:/zilant/toolchain_x86/toolchain/tools/gcc-arm-none-eabi/bin/../lib/gcc/arm-none-eabi/5.4.1/../../../../arm-none-eabi/lib/armv7-m\libc.a(lib_a-rand.o)
                0x0000fd70                rand
 .text.strlen   0x0000fdb0       0x5c d:/zilant/toolchain_x86/toolchain/tools/gcc-arm-none-eabi/bin/../lib/gcc/arm-none-eabi/5.4.1/../../../../arm-none-eabi/lib/armv7-m\libc.a(lib_a-strlen-stub.o)
                0x0000fdb0                strlen
 *(SORT(.rodata*))
 *fill*         0x0000fe0c        0x4 00000000
 .rodata.TWO52  0x0000fe10       0x10 d:/zilant/toolchain_x86/toolchain/tools/gcc-arm-none-eabi/bin/../lib/gcc/arm-none-eabi/5.4.1/../../../../arm-none-eabi/lib/armv7-m\libm.a(lib_a-s_rint.o)
 .rodata.autostart_processes
                0x0000fe20        0x8 myproject_rx.co
                0x0000fe20                autostart_processes
 .rodata.str1.4
                0x0000fe28       0xed myproject_rx.co
 *fill*         0x0000ff15        0x3 00000000
 .rodata.str1.4
                0x0000ff18       0xa1 contiki-srf06-cc26xx.a(contiki-main.o)
 *fill*         0x0000ffb9        0x3 00000000
 .rodata.str1.4
                0x0000ffbc        0x8 contiki-srf06-cc26xx.a(sensors.o)
 .rodata.str1.4
                0x0000ffc4        0x7 contiki-srf06-cc26xx.a(bmp-280-sensor.)
 *fill*         0x0000ffcb        0x1 00000000
 .rodata.bmp_280_sensor
                0x0000ffcc       0x10 contiki-srf06-cc26xx.a(bmp-280-sensor.)
                0x0000ffcc                bmp_280_sensor
 .rodata.tmp_007_sensor
                0x0000ffdc       0x10 contiki-srf06-cc26xx.a(tmp-007-sensor.)
                0x0000ffdc                tmp_007_sensor
 .rodata.str1.4
                0x0000ffec        0x7 contiki-srf06-cc26xx.a(tmp-007-sensor.)
 *fill*         0x0000fff3        0x1 00000000
 .rodata.str1.4
                0x0000fff4        0x8 contiki-srf06-cc26xx.a(opt-3001-sensor)
 .rodata.opt_3001_sensor
                0x0000fffc       0x10 contiki-srf06-cc26xx.a(opt-3001-sensor)
                0x0000fffc                opt_3001_sensor
 .rodata.hdc_1000_sensor
                0x0001000c       0x10 contiki-srf06-cc26xx.a(hdc-1000-sensor)
                0x0001000c                hdc_1000_sensor
 .rodata.str1.4
                0x0001001c        0x8 contiki-srf06-cc26xx.a(hdc-1000-sensor)
 .rodata.mpu_9250_sensor
                0x00010024       0x10 contiki-srf06-cc26xx.a(mpu-9250-sensor)
                0x00010024                mpu_9250_sensor
 .rodata.str1.4
                0x00010034        0x8 contiki-srf06-cc26xx.a(mpu-9250-sensor)
 .rodata.button_left_sensor
                0x0001003c       0x10 contiki-srf06-cc26xx.a(button-sensor.o)
                0x0001003c                button_left_sensor
 .rodata.str1.4
                0x0001004c        0x7 contiki-srf06-cc26xx.a(button-sensor.o)
 *fill*         0x00010053        0x1 00000000
 .rodata.button_right_sensor
                0x00010054       0x10 contiki-srf06-cc26xx.a(button-sensor.o)
                0x00010054                button_right_sensor
 .rodata.reed_relay_sensor
                0x00010064       0x10 contiki-srf06-cc26xx.a(reed-relay.o)
                0x00010064                reed_relay_sensor
 .rodata.str1.4
                0x00010074        0x5 contiki-srf06-cc26xx.a(reed-relay.o)
 *fill*         0x00010079        0x3 00000000
 .rodata.output_power
                0x0001007c       0x68 contiki-srf06-cc26xx.a(cc26xx-rf.o)
 .rodata.str1.4
                0x000100e4       0x3d contiki-srf06-cc26xx.a(cc26xx-rf.o)
 *fill*         0x00010121        0x3 00000000
 .rodata.cc26xx_rf_driver
                0x00010124       0x38 contiki-srf06-cc26xx.a(cc26xx-rf.o)
                0x00010124                cc26xx_rf_driver
 .rodata.buffer.4106
                0x0001015c       0x10 contiki-srf06-cc26xx.a(strformat.o)
 .rodata.buffer.4115
                0x0001016c       0x10 contiki-srf06-cc26xx.a(strformat.o)
 .rodata.str1.4
                0x0001017c       0x46 contiki-srf06-cc26xx.a(strformat.o)
 *fill*         0x000101c2        0x2 00000000
 .rodata.str1.4
                0x000101c4        0xf contiki-srf06-cc26xx.a(ctimer.o)
 *fill*         0x000101d3        0x1 00000000
 .rodata.str1.4
                0x000101d4        0xc contiki-srf06-cc26xx.a(etimer.o)
 .rodata.str1.4
                0x000101e0        0xe contiki-srf06-cc26xx.a(serial-line.o)
 *fill*         0x000101ee        0x2 00000000
 .rodata        0x000101f0        0x2 contiki-srf06-cc26xx.a(sicslowpan.o)
 *fill*         0x000101f2        0x2 00000000
 .rodata.ttl_values
                0x000101f4        0x4 contiki-srf06-cc26xx.a(sicslowpan.o)
 .rodata.unc_llconf
                0x000101f8        0x4 contiki-srf06-cc26xx.a(sicslowpan.o)
                0x000101f8                unc_llconf
 .rodata.llprefix
                0x000101fc        0x2 contiki-srf06-cc26xx.a(sicslowpan.o)
                0x000101fc                llprefix
 *fill*         0x000101fe        0x2 00000000
 .rodata.unc_mxconf
                0x00010200        0x4 contiki-srf06-cc26xx.a(sicslowpan.o)
                0x00010200                unc_mxconf
 .rodata.sicslowpan_driver
                0x00010204        0xc contiki-srf06-cc26xx.a(sicslowpan.o)
                0x00010204                sicslowpan_driver
 .rodata.unc_ctxconf
                0x00010210        0x4 contiki-srf06-cc26xx.a(sicslowpan.o)
                0x00010210                unc_ctxconf
 .rodata.str1.4
                0x00010214        0xb contiki-srf06-cc26xx.a(sicslowpan.o)
 *fill*         0x0001021f        0x1 00000000
 .rodata.str1.4
                0x00010220       0x13 contiki-srf06-cc26xx.a(simple-udp.o)
 *fill*         0x00010233        0x1 00000000
 .rodata.str1.4
                0x00010234        0xd contiki-srf06-cc26xx.a(tcpip.o)
 *fill*         0x00010241        0x3 00000000
 .rodata.str1.4
                0x00010244       0x2d contiki-srf06-cc26xx.a(uip-debug.o)
 *fill*         0x00010271        0x3 00000000
 .rodata.linkaddr_null
                0x00010274        0x8 contiki-srf06-cc26xx.a(linkaddr.o)
                0x00010274                linkaddr_null
 .rodata.csma_driver
                0x0001027c       0x1c contiki-srf06-cc26xx.a(csma.o)
                0x0001027c                csma_driver
 .rodata.str1.4
                0x00010298        0x5 contiki-srf06-cc26xx.a(csma.o)
 *fill*         0x0001029d        0x3 00000000
 .rodata.framer_802154
                0x000102a0       0x10 contiki-srf06-cc26xx.a(framer-802154.o)
                0x000102a0                framer_802154
 .rodata.str1.4
                0x000102b0        0xb contiki-srf06-cc26xx.a(contikimac.o)
 *fill*         0x000102bb        0x1 00000000
 .rodata.contikimac_driver
                0x000102bc       0x20 contiki-srf06-cc26xx.a(contikimac.o)
                0x000102bc                contikimac_driver
 .rodata.str1.4
                0x000102dc        0x8 contiki-srf06-cc26xx.a(nullsec.o)
 .rodata.nullsec_driver
                0x000102e4       0x18 contiki-srf06-cc26xx.a(nullsec.o)
                0x000102e4                nullsec_driver
 .rodata        0x000102fc        0x4 contiki-srf06-cc26xx.a(ext-flash.o)
 .rodata.str1.4
                0x00010300        0x4 d:/zilant/toolchain_x86/toolchain/tools/gcc-arm-none-eabi/bin/../lib/gcc/arm-none-eabi/5.4.1/../../../../arm-none-eabi/lib/armv7-m\libm.a(lib_a-w_pow.o)
 .rodata.str1.4
                0x00010304        0x4 d:/zilant/toolchain_x86/toolchain/tools/gcc-arm-none-eabi/bin/../lib/gcc/arm-none-eabi/5.4.1/../../../../arm-none-eabi/lib/armv7-m\libm.a(lib_a-e_pow.o)
                                  0x1 (size before relaxing)
 .rodata.str1.4
                0x00010304        0x4 d:/zilant/toolchain_x86/toolchain/tools/gcc-arm-none-eabi/bin/../lib/gcc/arm-none-eabi/5.4.1/../../../../arm-none-eabi/lib/armv7-m\libc.a(lib_a-impure.o)
                                  0x2 (size before relaxing)
                0x00010308                _etext = .

.glue_7         0x00010308        0x0
 .glue_7        0x00010308        0x0 linker stubs

.glue_7t        0x00010308        0x0
 .glue_7t       0x00010308        0x0 linker stubs

.vfp11_veneer   0x00010308        0x0
 .vfp11_veneer  0x00010308        0x0 linker stubs

.v4_bx          0x00010308        0x0
 .v4_bx         0x00010308        0x0 linker stubs

.iplt           0x00010308        0x0
 .iplt          0x00010308        0x0 obj_srf06-cc26xx/startup_gcc.o

.data           0x20000000      0x683 load address 0x00010308
                0x20000000                _data = .
 *(SORT(vtable))
 *(SORT(.data*))
 .data.impure_data
                0x20000000      0x428 d:/zilant/toolchain_x86/toolchain/tools/gcc-arm-none-eabi/bin/../lib/gcc/arm-none-eabi/5.4.1/../../../../arm-none-eabi/lib/armv7-m\libc.a(lib_a-impure.o)
 .data.unicast_receiver_process
                0x20000428       0x10 myproject_rx.co
                0x20000428                unicast_receiver_process
 .data.sensors_process
                0x20000438       0x10 contiki-srf06-cc26xx.a(sensors.o)
                0x20000438                sensors_process
 .data.sensors  0x20000448       0x24 contiki-srf06-cc26xx.a(sensortag-senso)
                0x20000448                sensors
 .data.sensortag_module
                0x2000046c       0x14 contiki-srf06-cc26xx.a(board.o)
 .data.ieee_overrides
                0x20000480       0x34 contiki-srf06-cc26xx.a(cc26xx-rf.o)
 .data.cc26xx_rf_lpm_module
                0x200004b4       0x14 contiki-srf06-cc26xx.a(cc26xx-rf.o)
 .data.tx_power_current
                0x200004c8        0x4 contiki-srf06-cc26xx.a(cc26xx-rf.o)
                0x200004c8                tx_power_current
 .data.cc26xx_rf_process
                0x200004cc       0x10 contiki-srf06-cc26xx.a(cc26xx-rf.o)
                0x200004cc                cc26xx_rf_process
 .data.uart_module
                0x200004dc       0x14 contiki-srf06-cc26xx.a(cc26xx-uart.o)
 .data.ctxt     0x200004f0        0x8 contiki-srf06-cc26xx.a(dbg-printf.o)
 .data.ctimer_process
                0x200004f8       0x10 contiki-srf06-cc26xx.a(ctimer.o)
                0x200004f8                ctimer_process
 .data.etimer_process
                0x20000508       0x10 contiki-srf06-cc26xx.a(etimer.o)
                0x20000508                etimer_process
 .data.serial_line_process
                0x20000518       0x10 contiki-srf06-cc26xx.a(serial-line.o)
                0x20000518                serial_line_process
 .data.ds6_neighbors
                0x20000528        0x4 contiki-srf06-cc26xx.a(uip-ds6-nbr.o)
                0x20000528                ds6_neighbors
 .data.ds6_neighbors_struct
                0x2000052c       0x10 contiki-srf06-cc26xx.a(uip-ds6-nbr.o)
 .data.defaultroutermemb
                0x2000053c        0xc contiki-srf06-cc26xx.a(uip-ds6-route.o)
 .data.nbr_routes_struct
                0x20000548       0x10 contiki-srf06-cc26xx.a(uip-ds6-route.o)
 .data.routememb
                0x20000558        0xc contiki-srf06-cc26xx.a(uip-ds6-route.o)
 .data.neighborroutememb
                0x20000564        0xc contiki-srf06-cc26xx.a(uip-ds6-route.o)
 .data.ns_input_handler
                0x20000570        0xc contiki-srf06-cc26xx.a(uip-nd6.o)
 .data.na_input_handler
                0x2000057c        0xc contiki-srf06-cc26xx.a(uip-nd6.o)
 .data.simple_udp_process
                0x20000588       0x10 contiki-srf06-cc26xx.a(simple-udp.o)
                0x20000588                simple_udp_process
 .data.tcpip_process
                0x20000598       0x10 contiki-srf06-cc26xx.a(tcpip.o)
                0x20000598                tcpip_process
 .data.rpl_parents
                0x200005a8        0x4 contiki-srf06-cc26xx.a(rpl-dag.o)
                0x200005a8                rpl_parents
 .data.rpl_parents_struct
                0x200005ac       0x10 contiki-srf06-cc26xx.a(rpl-dag.o)
 .data.dao_ack_handler
                0x200005bc        0xc contiki-srf06-cc26xx.a(rpl-icmp6.o)
 .data.dis_handler
                0x200005c8        0xc contiki-srf06-cc26xx.a(rpl-icmp6.o)
 .data.dao_handler
                0x200005d4        0xc contiki-srf06-cc26xx.a(rpl-icmp6.o)
 .data.dio_handler
                0x200005e0        0xc contiki-srf06-cc26xx.a(rpl-icmp6.o)
 .data.rpl_mrhof
                0x200005ec       0x1c contiki-srf06-cc26xx.a(rpl-mrhof.o)
                0x200005ec                rpl_mrhof
 .data.neighbor_addr_mem
                0x20000608        0xc contiki-srf06-cc26xx.a(nbr-table.o)
 .data.bufmem   0x20000614        0xc contiki-srf06-cc26xx.a(queuebuf.o)
 .data.buframmem
                0x20000620        0xc contiki-srf06-cc26xx.a(queuebuf.o)
 .data.metadata_memb
                0x2000062c        0xc contiki-srf06-cc26xx.a(csma.o)
 .data.packet_memb
                0x20000638        0xc contiki-srf06-cc26xx.a(csma.o)
 .data.neighbor_memb
                0x20000644        0xc contiki-srf06-cc26xx.a(csma.o)
 .data.buzzer_module
                0x20000650       0x14 contiki-srf06-cc26xx.a(buzzer.o)
 .data.echo_request_handler
                0x20000664        0xc contiki-srf06-cc26xx.a(uip-icmp6.o)
 .data.echo_reply_handler
                0x20000670        0xc contiki-srf06-cc26xx.a(uip-icmp6.o)
 .data._impure_ptr
                0x2000067c        0x4 d:/zilant/toolchain_x86/toolchain/tools/gcc-arm-none-eabi/bin/../lib/gcc/arm-none-eabi/5.4.1/../../../../arm-none-eabi/lib/armv7-m\libc.a(lib_a-impure.o)
                0x2000067c                _impure_ptr
 .data.interface
                0x20000680        0x1 contiki-srf06-cc26xx.a(board-i2c.o)
 .data.dao_sequence
                0x20000681        0x1 contiki-srf06-cc26xx.a(rpl-icmp6.o)
 .data.__fdlib_version
                0x20000682        0x1 d:/zilant/toolchain_x86/toolchain/tools/gcc-arm-none-eabi/bin/../lib/gcc/arm-none-eabi/5.4.1/../../../../arm-none-eabi/lib/armv7-m\libm.a(lib_a-s_lib_ver.o)
                0x20000682                __fdlib_version
                0x20000683                _edata = .

.igot.plt       0x20000684        0x0 load address 0x0001098b
 .igot.plt      0x20000684        0x0 obj_srf06-cc26xx/startup_gcc.o

.ARM.exidx      0x0001098c        0x8
 *(SORT(.ARM.exidx*))
 .ARM.exidx     0x0001098c        0x8 d:/zilant/toolchain_x86/toolchain/tools/gcc-arm-none-eabi/bin/../lib/gcc/arm-none-eabi/5.4.1/armv7-m\libgcc.a(_udivmoddi4.o)

.bss            0x20000684     0x2fca
                0x20000684                _bss = .
 *(SORT(.bss*))
 .bss.unicast_connection
                0x20000684       0x24 myproject_rx.co
 .bss.ipaddr.7940
                0x200006a8       0x10 myproject_rx.co
 .bss.events.4854
                0x200006b8        0x4 contiki-srf06-cc26xx.a(sensors.o)
 .bss.i.4853    0x200006bc        0x4 contiki-srf06-cc26xx.a(sensors.o)
 .bss.inited    0x200006c0        0x4 contiki-srf06-cc26xx.a(leds-arch.o)
 .bss.sensor_value
                0x200006c4        0x6 contiki-srf06-cc26xx.a(bmp-280-sensor.)
 *fill*         0x200006ca        0x2 
 .bss.calibration_data
                0x200006cc       0x18 contiki-srf06-cc26xx.a(bmp-280-sensor.)
 .bss.startup_timer
                0x200006e4       0x20 contiki-srf06-cc26xx.a(bmp-280-sensor.)
 .bss.enabled   0x20000704        0x4 contiki-srf06-cc26xx.a(bmp-280-sensor.)
 .bss.obj_temp_latched
                0x20000708        0x4 contiki-srf06-cc26xx.a(tmp-007-sensor.)
 .bss.startup_timer
                0x2000070c       0x20 contiki-srf06-cc26xx.a(tmp-007-sensor.)
 .bss.enabled   0x2000072c        0x4 contiki-srf06-cc26xx.a(tmp-007-sensor.)
 .bss.buf       0x20000730        0x4 contiki-srf06-cc26xx.a(tmp-007-sensor.)
 .bss.amb_temp_latched
                0x20000734        0x4 contiki-srf06-cc26xx.a(tmp-007-sensor.)
 .bss.startup_timer
                0x20000738       0x20 contiki-srf06-cc26xx.a(opt-3001-sensor)
 .bss.state     0x20000758        0x4 contiki-srf06-cc26xx.a(opt-3001-sensor)
 .bss.startup_timer
                0x2000075c       0x20 contiki-srf06-cc26xx.a(hdc-1000-sensor)
 .bss.enabled   0x2000077c        0x4 contiki-srf06-cc26xx.a(hdc-1000-sensor)
 .bss.data      0x20000780        0x4 contiki-srf06-cc26xx.a(hdc-1000-sensor)
 .bss.sensor_value
                0x20000784        0x6 contiki-srf06-cc26xx.a(mpu-9250-sensor)
 *fill*         0x2000078a        0x2 
 .bss.startup_timer
                0x2000078c       0x20 contiki-srf06-cc26xx.a(mpu-9250-sensor)
 .bss.state     0x200007ac        0x4 contiki-srf06-cc26xx.a(mpu-9250-sensor)
 .bss.elements  0x200007b0        0x4 contiki-srf06-cc26xx.a(mpu-9250-sensor)
 .bss.right_timer
                0x200007b4       0x10 contiki-srf06-cc26xx.a(button-sensor.o)
 .bss.left_timer
                0x200007c4       0x10 contiki-srf06-cc26xx.a(button-sensor.o)
 .bss.debouncetimer
                0x200007d4        0x8 contiki-srf06-cc26xx.a(reed-relay.o)
 .bss.secs      0x200007dc        0x4 contiki-srf06-cc26xx.a(clock.o)
 .bss.count     0x200007e0        0x4 contiki-srf06-cc26xx.a(clock.o)
 .bss.second_countdown
                0x200007e4        0x4 contiki-srf06-cc26xx.a(clock.o)
 .bss.cmd_immediate_buf
                0x200007e8       0x80 contiki-srf06-cc26xx.a(cc26xx-rf.o)
 .bss.rf_stats  0x20000868       0x10 contiki-srf06-cc26xx.a(cc26xx-rf.o)
 .bss.rx_data_queue
                0x20000878        0x8 contiki-srf06-cc26xx.a(cc26xx-rf.o)
 .bss.rx_read_entry
                0x20000880        0x4 contiki-srf06-cc26xx.a(cc26xx-rf.o)
 .bss.tx_buf    0x20000884       0xb4 contiki-srf06-cc26xx.a(cc26xx-rf.o)
 .bss.cmd_ieee_rx_buf
                0x20000938       0x80 contiki-srf06-cc26xx.a(cc26xx-rf.o)
 .bss.rx_buf_0  0x200009b8       0x8c contiki-srf06-cc26xx.a(cc26xx-rf.o)
 .bss.rx_buf_1  0x20000a44       0x8c contiki-srf06-cc26xx.a(cc26xx-rf.o)
 .bss.rx_buf_2  0x20000ad0       0x8c contiki-srf06-cc26xx.a(cc26xx-rf.o)
 .bss.rx_buf_3  0x20000b5c       0x8c contiki-srf06-cc26xx.a(cc26xx-rf.o)
 .bss.input_handler
                0x20000be8        0x4 contiki-srf06-cc26xx.a(cc26xx-uart.o)
 .bss.modules_list_list
                0x20000bec        0x4 contiki-srf06-cc26xx.a(lpm.o)
 .bss.handlers  0x20000bf0       0x80 contiki-srf06-cc26xx.a(gpio-interrupt.)
 .bss.ctimer_list_list
                0x20000c70        0x4 contiki-srf06-cc26xx.a(ctimer.o)
 .bss.timerlist
                0x20000c74        0x4 contiki-srf06-cc26xx.a(etimer.o)
 .bss.next_expiration
                0x20000c78        0x4 contiki-srf06-cc26xx.a(etimer.o)
 .bss.p.5175    0x20000c7c        0x4 contiki-srf06-cc26xx.a(process.o)
 .bss.process_current
                0x20000c80        0x4 contiki-srf06-cc26xx.a(process.o)
                0x20000c80                process_current
 .bss.process_list
                0x20000c84        0x4 contiki-srf06-cc26xx.a(process.o)